Archive member included to satisfy reference by file (symbol)

C:/ST/STM32CubeIDE_1.18.1/STM32CubeIDE/plugins/com.st.stm32cube.ide.mcu.externaltools.gnu-tools-for-stm32.13.3.rel1.win32_1.0.0.202411081344/tools/bin/../lib/gcc/arm-none-eabi/13.3.1/../../../../arm-none-eabi/lib/thumb/v7e-m+dp/hard\libc_nano.a(libc_a-atoi.o)
                              ./Core/Src/UserInterface.o (atoi)
C:/ST/STM32CubeIDE_1.18.1/STM32CubeIDE/plugins/com.st.stm32cube.ide.mcu.externaltools.gnu-tools-for-stm32.13.3.rel1.win32_1.0.0.202411081344/tools/bin/../lib/gcc/arm-none-eabi/13.3.1/../../../../arm-none-eabi/lib/thumb/v7e-m+dp/hard\libc_nano.a(libc_a-exit.o)
                              C:/ST/STM32CubeIDE_1.18.1/STM32CubeIDE/plugins/com.st.stm32cube.ide.mcu.externaltools.gnu-tools-for-stm32.13.3.rel1.win32_1.0.0.202411081344/tools/bin/../lib/gcc/arm-none-eabi/13.3.1/../../../../arm-none-eabi/lib/thumb/v7e-m+dp/hard/crt0.o (exit)
C:/ST/STM32CubeIDE_1.18.1/STM32CubeIDE/plugins/com.st.stm32cube.ide.mcu.externaltools.gnu-tools-for-stm32.13.3.rel1.win32_1.0.0.202411081344/tools/bin/../lib/gcc/arm-none-eabi/13.3.1/../../../../arm-none-eabi/lib/thumb/v7e-m+dp/hard\libc_nano.a(libc_a-strtol.o)
                              C:/ST/STM32CubeIDE_1.18.1/STM32CubeIDE/plugins/com.st.stm32cube.ide.mcu.externaltools.gnu-tools-for-stm32.13.3.rel1.win32_1.0.0.202411081344/tools/bin/../lib/gcc/arm-none-eabi/13.3.1/../../../../arm-none-eabi/lib/thumb/v7e-m+dp/hard\libc_nano.a(libc_a-atoi.o) (_strtol_r)
C:/ST/STM32CubeIDE_1.18.1/STM32CubeIDE/plugins/com.st.stm32cube.ide.mcu.externaltools.gnu-tools-for-stm32.13.3.rel1.win32_1.0.0.202411081344/tools/bin/../lib/gcc/arm-none-eabi/13.3.1/../../../../arm-none-eabi/lib/thumb/v7e-m+dp/hard\libc_nano.a(libc_a-ctype_.o)
                              C:/ST/STM32CubeIDE_1.18.1/STM32CubeIDE/plugins/com.st.stm32cube.ide.mcu.externaltools.gnu-tools-for-stm32.13.3.rel1.win32_1.0.0.202411081344/tools/bin/../lib/gcc/arm-none-eabi/13.3.1/../../../../arm-none-eabi/lib/thumb/v7e-m+dp/hard\libc_nano.a(libc_a-strtol.o) (_ctype_)
C:/ST/STM32CubeIDE_1.18.1/STM32CubeIDE/plugins/com.st.stm32cube.ide.mcu.externaltools.gnu-tools-for-stm32.13.3.rel1.win32_1.0.0.202411081344/tools/bin/../lib/gcc/arm-none-eabi/13.3.1/../../../../arm-none-eabi/lib/thumb/v7e-m+dp/hard\libc_nano.a(libc_a-findfp.o)
                              C:/ST/STM32CubeIDE_1.18.1/STM32CubeIDE/plugins/com.st.stm32cube.ide.mcu.externaltools.gnu-tools-for-stm32.13.3.rel1.win32_1.0.0.202411081344/tools/bin/../lib/gcc/arm-none-eabi/13.3.1/../../../../arm-none-eabi/lib/thumb/v7e-m+dp/hard\libc_nano.a(libc_a-exit.o) (__stdio_exit_handler)
C:/ST/STM32CubeIDE_1.18.1/STM32CubeIDE/plugins/com.st.stm32cube.ide.mcu.externaltools.gnu-tools-for-stm32.13.3.rel1.win32_1.0.0.202411081344/tools/bin/../lib/gcc/arm-none-eabi/13.3.1/../../../../arm-none-eabi/lib/thumb/v7e-m+dp/hard\libc_nano.a(libc_a-fwalk.o)
                              C:/ST/STM32CubeIDE_1.18.1/STM32CubeIDE/plugins/com.st.stm32cube.ide.mcu.externaltools.gnu-tools-for-stm32.13.3.rel1.win32_1.0.0.202411081344/tools/bin/../lib/gcc/arm-none-eabi/13.3.1/../../../../arm-none-eabi/lib/thumb/v7e-m+dp/hard\libc_nano.a(libc_a-findfp.o) (_fwalk_sglue)
C:/ST/STM32CubeIDE_1.18.1/STM32CubeIDE/plugins/com.st.stm32cube.ide.mcu.externaltools.gnu-tools-for-stm32.13.3.rel1.win32_1.0.0.202411081344/tools/bin/../lib/gcc/arm-none-eabi/13.3.1/../../../../arm-none-eabi/lib/thumb/v7e-m+dp/hard\libc_nano.a(libc_a-snprintf.o)
                              ./Core/Src/UserInterface.o (snprintf)
C:/ST/STM32CubeIDE_1.18.1/STM32CubeIDE/plugins/com.st.stm32cube.ide.mcu.externaltools.gnu-tools-for-stm32.13.3.rel1.win32_1.0.0.202411081344/tools/bin/../lib/gcc/arm-none-eabi/13.3.1/../../../../arm-none-eabi/lib/thumb/v7e-m+dp/hard\libc_nano.a(libc_a-sprintf.o)
                              ./Core/Src/UserInterface.o (sprintf)
C:/ST/STM32CubeIDE_1.18.1/STM32CubeIDE/plugins/com.st.stm32cube.ide.mcu.externaltools.gnu-tools-for-stm32.13.3.rel1.win32_1.0.0.202411081344/tools/bin/../lib/gcc/arm-none-eabi/13.3.1/../../../../arm-none-eabi/lib/thumb/v7e-m+dp/hard\libc_nano.a(libc_a-stdio.o)
                              C:/ST/STM32CubeIDE_1.18.1/STM32CubeIDE/plugins/com.st.stm32cube.ide.mcu.externaltools.gnu-tools-for-stm32.13.3.rel1.win32_1.0.0.202411081344/tools/bin/../lib/gcc/arm-none-eabi/13.3.1/../../../../arm-none-eabi/lib/thumb/v7e-m+dp/hard\libc_nano.a(libc_a-findfp.o) (__sread)
C:/ST/STM32CubeIDE_1.18.1/STM32CubeIDE/plugins/com.st.stm32cube.ide.mcu.externaltools.gnu-tools-for-stm32.13.3.rel1.win32_1.0.0.202411081344/tools/bin/../lib/gcc/arm-none-eabi/13.3.1/../../../../arm-none-eabi/lib/thumb/v7e-m+dp/hard\libc_nano.a(libc_a-memset.o)
                              C:/ST/STM32CubeIDE_1.18.1/STM32CubeIDE/plugins/com.st.stm32cube.ide.mcu.externaltools.gnu-tools-for-stm32.13.3.rel1.win32_1.0.0.202411081344/tools/bin/../lib/gcc/arm-none-eabi/13.3.1/../../../../arm-none-eabi/lib/thumb/v7e-m+dp/hard/crt0.o (memset)
[...]
Memory Configuration

Name             Origin             Length             Attributes
ITCMRAM          0x00000000         0x00010000         xrw
DTCMRAM          0x20000000         0x00020000         xrw
FLASH            0x08000000         0x00100000         xr
RAM_D1           0x24000000         0x00050000         xrw
RAM_D2           0x30000000         0x00008000         xrw
RAM_D3           0x38000000         0x00004000         xrw
*default*        0x00000000         0xffffffff

Linker script and memory map

LOAD C:/ST/STM32CubeIDE_1.18.1/STM32CubeIDE/plugins/com.st.stm32cube.ide.mcu.externaltools.gnu-tools-for-stm32.13.3.rel1.win32_1.0.0.202411081344/tools/bin/../lib/gcc/arm-none-eabi/13.3.1/thumb/v7e-m+dp/hard/crti.o
LOAD C:/ST/STM32CubeIDE_1.18.1/STM32CubeIDE/plugins/com.st.stm32cube.ide.mcu.externaltools.gnu-tools-for-stm32.13.3.rel1.win32_1.0.0.202411081344/tools/bin/../lib/gcc/arm-none-eabi/13.3.1/thumb/v7e-m+dp/hard/crtbegin.o
LOAD C:/ST/STM32CubeIDE_1.18.1/STM32CubeIDE/plugins/com.st.stm32cube.ide.mcu.externaltools.gnu-tools-for-stm32.13.3.rel1.win32_1.0.0.202411081344/tools/bin/../lib/gcc/arm-none-eabi/13.3.1/../../../../arm-none-eabi/lib/thumb/v7e-m+dp/hard/crt0.o
LOAD ./Core/Src/ADG729Driver.o
LOAD ./Core/Src/CommDriver.o
LOAD ./Core/Src/CommandInterface.o
LOAD ./Core/Src/EVSDriver.o
LOAD ./Core/Src/FT231Driver.o
LOAD ./Core/Src/GPIODriver.o
LOAD ./Core/Src/I2CDriver.o
LOAD ./Core/Src/LVSConfig.o
LOAD ./Core/Src/MODBUSInterface.o
LOAD ./Core/Src/PacketProtocol.o
LOAD ./Core/Src/PinMapper.o
LOAD ./Core/Src/SPIDriver.o
LOAD ./Core/Src/StatusManager.o
LOAD ./Core/Src/UARTDriver.o
LOAD ./Core/Src/UserInterface.o
LOAD ./Core/Src/crc16.o
LOAD ./Core/Src/main.o
LOAD ./Core/Src/stm32h7xx_it.o
LOAD ./Core/Src/syscalls.o
LOAD ./Core/Src/sysmem.o
LOAD ./Core/Src/system_stm32h7xx.o
LOAD ./Drivers/STM32H7xx_Driver/Src/stm32h7xx_ll_adc.o
LOAD ./Drivers/STM32H7xx_Driver/Src/stm32h7xx_ll_bdma.o
LOAD ./Drivers/STM32H7xx_Driver/Src/stm32h7xx_ll_comp.o
LOAD ./Drivers/STM32H7xx_Driver/Src/stm32h7xx_ll_cordic.o
LOAD ./Drivers/STM32H7xx_Driver/Src/stm32h7xx_ll_crc.o
LOAD ./Drivers/STM32H7xx_Driver/Src/stm32h7xx_ll_crs.o
LOAD ./Drivers/STM32H7xx_Driver/Src/stm32h7xx_ll_dac.o
LOAD ./Drivers/STM32H7xx_Driver/Src/stm32h7xx_ll_delayblock.o
LOAD ./Drivers/STM32H7xx_Driver/Src/stm32h7xx_ll_dma.o
LOAD ./Drivers/STM32H7xx_Driver/Src/stm32h7xx_ll_dma2d.o
LOAD ./Drivers/STM32H7xx_Driver/Src/stm32h7xx_ll_exti.o
LOAD ./Drivers/STM32H7xx_Driver/Src/stm32h7xx_ll_fmac.o
LOAD ./Drivers/STM32H7xx_Driver/Src/stm32h7xx_ll_fmc.o
LOAD ./Drivers/STM32H7xx_Driver/Src/stm32h7xx_ll_gpio.o
LOAD ./Drivers/STM32H7xx_Driver/Src/stm32h7xx_ll_hrtim.o
LOAD ./Drivers/STM32H7xx_Driver/Src/stm32h7xx_ll_i2c.o
LOAD ./Drivers/STM32H7xx_Driver/Src/stm32h7xx_ll_lptim.o
LOAD ./Drivers/STM32H7xx_Driver/Src/stm32h7xx_ll_lpuart.o
LOAD ./Drivers/STM32H7xx_Driver/Src/stm32h7xx_ll_mdma.o
LOAD ./Drivers/STM32H7xx_Driver/Src/stm32h7xx_ll_opamp.o
LOAD ./Drivers/STM32H7xx_Driver/Src/stm32h7xx_ll_pwr.o
LOAD ./Drivers/STM32H7xx_Driver/Src/stm32h7xx_ll_rcc.o
LOAD ./Drivers/STM32H7xx_Driver/Src/stm32h7xx_ll_rng.o
LOAD ./Drivers/STM32H7xx_Driver/Src/stm32h7xx_ll_rtc.o
LOAD ./Drivers/STM32H7xx_Driver/Src/stm32h7xx_ll_sdmmc.o
LOAD ./Drivers/STM32H7xx_Driver/Src/stm32h7xx_ll_spi.o
LOAD ./Drivers/STM32H7xx_Driver/Src/stm32h7xx_ll_swpmi.o
LOAD ./Drivers/STM32H7xx_Driver/Src/stm32h7xx_ll_tim.o
LOAD ./Drivers/STM32H7xx_Driver/Src/stm32h7xx_ll_usart.o
LOAD ./Drivers/STM32H7xx_Driver/Src/stm32h7xx_ll_usb.o
LOAD ./Drivers/STM32H7xx_Driver/Src/stm32h7xx_ll_utils.o
LOAD ./Startup/startup_stm32h735igtx.o
START GROUP
LOAD C:/ST/STM32CubeIDE_1.18.1/STM32CubeIDE/plugins/com.st.stm32cube.ide.mcu.externaltools.gnu-tools-for-stm32.13.3.rel1.win32_1.0.0.202411081344/tools/bin/../lib/gcc/arm-none-eabi/13.3.1/../../../../arm-none-eabi/lib/thumb/v7e-m+dp/hard\libc_nano.a
LOAD C:/ST/STM32CubeIDE_1.18.1/STM32CubeIDE/plugins/com.st.stm32cube.ide.mcu.externaltools.gnu-tools-for-stm32.13.3.rel1.win32_1.0.0.202411081344/tools/bin/../lib/gcc/arm-none-eabi/13.3.1/../../../../arm-none-eabi/lib/thumb/v7e-m+dp/hard\libm.a
END GROUP
START GROUP
LOAD C:/ST/STM32CubeIDE_1.18.1/STM32CubeIDE/plugins/com.st.stm32cube.ide.mcu.externaltools.gnu-tools-for-stm32.13.3.rel1.win32_1.0.0.202411081344/tools/bin/../lib/gcc/arm-none-eabi/13.3.1/thumb/v7e-m+dp/hard\libgcc.a
LOAD C:/ST/STM32CubeIDE_1.18.1/STM32CubeIDE/plugins/com.st.stm32cube.ide.mcu.externaltools.gnu-tools-for-stm32.13.3.rel1.win32_1.0.0.202411081344/tools/bin/../lib/gcc/arm-none-eabi/13.3.1/../../../../arm-none-eabi/lib/thumb/v7e-m+dp/hard\libc_nano.a
END GROUP
START GROUP
LOAD C:/ST/STM32CubeIDE_1.18.1/STM32CubeIDE/plugins/com.st.stm32cube.ide.mcu.externaltools.gnu-tools-for-stm32.13.3.rel1.win32_1.0.0.202411081344/tools/bin/../lib/gcc/arm-none-eabi/13.3.1/thumb/v7e-m+dp/hard\libgcc.a
LOAD C:/ST/STM32CubeIDE_1.18.1/STM32CubeIDE/plugins/com.st.stm32cube.ide.mcu.externaltools.gnu-tools-for-stm32.13.3.rel1.win32_1.0.0.202411081344/tools/bin/../lib/gcc/arm-none-eabi/13.3.1/../../../../arm-none-eabi/lib/thumb/v7e-m+dp/hard\libc_nano.a
LOAD C:/ST/STM32CubeIDE_1.18.1/STM32CubeIDE/plugins/com.st.stm32cube.ide.mcu.externaltools.gnu-tools-for-stm32.13.3.rel1.win32_1.0.0.202411081344/tools/bin/../lib/gcc/arm-none-eabi/13.3.1/../../../../arm-none-eabi/lib/thumb/v7e-m+dp/hard\libnosys.a
END GROUP
START GROUP
LOAD C:/ST/STM32CubeIDE_1.18.1/STM32CubeIDE/plugins/com.st.stm32cube.ide.mcu.externaltools.gnu-tools-for-stm32.13.3.rel1.win32_1.0.0.202411081344/tools/bin/../lib/gcc/arm-none-eabi/13.3.1/thumb/v7e-m+dp/hard\libgcc.a
LOAD C:/ST/STM32CubeIDE_1.18.1/STM32CubeIDE/plugins/com.st.stm32cube.ide.mcu.externaltools.gnu-tools-for-stm32.13.3.rel1.win32_1.0.0.202411081344/tools/bin/../lib/gcc/arm-none-eabi/13.3.1/../../../../arm-none-eabi/lib/thumb/v7e-m+dp/hard\libc_nano.a
LOAD C:/ST/STM32CubeIDE_1.18.1/STM32CubeIDE/plugins/com.st.stm32cube.ide.mcu.externaltools.gnu-tools-for-stm32.13.3.rel1.win32_1.0.0.202411081344/tools/bin/../lib/gcc/arm-none-eabi/13.3.1/../../../../arm-none-eabi/lib/thumb/v7e-m+dp/hard\libnosys.a
END GROUP
LOAD C:/ST/STM32CubeIDE_1.18.1/STM32CubeIDE/plugins/com.st.stm32cube.ide.mcu.externaltools.gnu-tools-for-stm32.13.3.rel1.win32_1.0.0.202411081344/tools/bin/../lib/gcc/arm-none-eabi/13.3.1/thumb/v7e-m+dp/hard/crtend.o
LOAD C:/ST/STM32CubeIDE_1.18.1/STM32CubeIDE/plugins/com.st.stm32cube.ide.mcu.externaltools.gnu-tools-for-stm32.13.3.rel1.win32_1.0.0.202411081344/tools/bin/../lib/gcc/arm-none-eabi/13.3.1/thumb/v7e-m+dp/hard/crtn.o
                0x24050000                        _estack = (ORIGIN (RAM_D1) + LENGTH (RAM_D1))
                0x00000800                        _Min_Heap_Size = 0x800
                0x00000800                        _Min_Stack_Size = 0x800

.isr_vector     0x08000000      0x2cc
                0x08000000                        . = ALIGN (0x4)
 *(.isr_vector)
 .isr_vector    0x08000000      0x2cc ./Startup/startup_stm32h735igtx.o
                0x08000000                g_pfnVectors
                0x080002cc                        . = ALIGN (0x4)

.text           0x080002cc     0x5068
                0x080002cc                        . = ALIGN (0x4)
 *(.text)
 .text          0x080002cc       0x40 C:/ST/STM32CubeIDE_1.18.1/STM32CubeIDE/plugins/com.st.stm32cube.ide.mcu.externaltools.gnu-tools-for-stm32.13.3.rel1.win32_1.0.0.202411081344/tools/bin/../lib/gcc/arm-none-eabi/13.3.1/thumb/v7e-m+dp/hard/crtbegin.o
 *(.text*)
 .text.ADG729Init
                0x0800030c       0x26 ./Core/Src/ADG729Driver.o
                0x0800030c                ADG729Init
 .text.ADG729WritePort
                0x08000332       0x76 ./Core/Src/ADG729Driver.o
                0x08000332                ADG729WritePort
 .text.ADG729Check
                0x080003a8       0x42 ./Core/Src/ADG729Driver.o
                0x080003a8                ADG729Check
 *fill*         0x080003ea        0x2 
 .text.__NVIC_GetPriorityGrouping
                0x080003ec       0x1c ./Core/Src/CommDriver.o
 .text.__NVIC_EnableIRQ
                0x08000408       0x3c ./Core/Src/CommDriver.o
 .text.__NVIC_SetPriority
                0x08000444       0x54 ./Core/Src/CommDriver.o
 .text.NVIC_EncodePriority
                0x08000498       0x66 ./Core/Src/CommDriver.o
 *fill*         0x080004fe        0x2 
 .text.LL_AHB1_GRP1_EnableClock
                0x08000500       0x38 ./Core/Src/CommDriver.o
 .text.LL_AHB4_GRP1_EnableClock
                0x08000538       0x38 ./Core/Src/CommDriver.o
 .text.LL_APB1_GRP1_EnableClock
                0x08000570       0x38 ./Core/Src/CommDriver.o
 .text.LL_DMA_EnableStream
                0x080005a8       0x44 ./Core/Src/CommDriver.o
 .text.LL_DMA_DisableStream
                0x080005ec       0x44 ./Core/Src/CommDriver.o
 .text.LL_DMA_IsEnabledStream
                0x08000630       0x3c ./Core/Src/CommDriver.o
 .text.LL_DMA_SetDataTransferDirection
                0x0800066c       0x4c ./Core/Src/CommDriver.o
 .text.LL_DMA_SetMode
                0x080006b8       0x4c ./Core/Src/CommDriver.o
 .text.LL_DMA_SetPeriphIncMode
                0x08000704       0x4c ./Core/Src/CommDriver.o
 .text.LL_DMA_SetMemoryIncMode
                0x08000750       0x4c ./Core/Src/CommDriver.o
 .text.LL_DMA_SetPeriphSize
                0x0800079c       0x4c ./Core/Src/CommDriver.o
 .text.LL_DMA_SetMemorySize
                0x080007e8       0x4c ./Core/Src/CommDriver.o
 .text.LL_DMA_SetStreamPriorityLevel
                0x08000834       0x4c ./Core/Src/CommDriver.o
 .text.LL_DMA_SetDataLength
                0x08000880       0x50 ./Core/Src/CommDriver.o
 .text.LL_DMA_GetDataLength
                0x080008d0       0x30 ./Core/Src/CommDriver.o
 .text.LL_DMA_SetPeriphRequest
                0x08000900       0x60 ./Core/Src/CommDriver.o
 .text.LL_DMA_DisableFifoMode
                0x08000960       0x44 ./Core/Src/CommDriver.o
 .text.LL_DMA_SetMemoryAddress
                0x080009a4       0x34 ./Core/Src/CommDriver.o
 .text.LL_DMA_SetPeriphAddress
                0x080009d8       0x34 ./Core/Src/CommDriver.o
 .text.LL_DMA_ClearFlag_HT0
                0x08000a0c       0x1a ./Core/Src/CommDriver.o
 .text.LL_DMA_ClearFlag_TC0
                0x08000a26       0x1a ./Core/Src/CommDriver.o
 .text.LL_DMA_ClearFlag_TE0
                0x08000a40       0x1a ./Core/Src/CommDriver.o
 *fill*         0x08000a5a        0x2 
 .text.LL_DMA_EnableIT_HT
                0x08000a5c       0x44 ./Core/Src/CommDriver.o
 .text.LL_DMA_EnableIT_TE
                0x08000aa0       0x44 ./Core/Src/CommDriver.o
 .text.LL_DMA_EnableIT_TC
                0x08000ae4       0x44 ./Core/Src/CommDriver.o
 .text.LL_RCC_SetClockSource
                0x08000b28       0x54 ./Core/Src/CommDriver.o
 .text.LL_RCC_SetUSARTClockSource
                0x08000b7c       0x16 ./Core/Src/CommDriver.o
 .text.LL_USART_Enable
                0x08000b92       0x20 ./Core/Src/CommDriver.o
 .text.LL_USART_Disable
                0x08000bb2       0x20 ./Core/Src/CommDriver.o
 .text.LL_USART_DisableFIFO
                0x08000bd2       0x20 ./Core/Src/CommDriver.o
 .text.LL_USART_SetTransferDirection
                0x08000bf2       0x48 ./Core/Src/CommDriver.o
 .text.LL_USART_SetParity
                0x08000c3a       0x26 ./Core/Src/CommDriver.o
 .text.LL_USART_SetDataWidth
                0x08000c60       0x26 ./Core/Src/CommDriver.o
 .text.LL_USART_SetOverSampling
                0x08000c86       0x26 ./Core/Src/CommDriver.o
 .text.LL_USART_SetPrescaler
                0x08000cac       0x28 ./Core/Src/CommDriver.o
 .text.LL_USART_SetStopBitsLength
                0x08000cd4       0x26 ./Core/Src/CommDriver.o
 .text.LL_USART_SetHWFlowCtrl
                0x08000cfa       0x26 ./Core/Src/CommDriver.o
 .text.LL_USART_SetBaudRate
                0x08000d20       0xa0 ./Core/Src/CommDriver.o
 .text.LL_USART_ConfigAsyncMode
                0x08000dc0       0x2c ./Core/Src/CommDriver.o
 .text.LL_USART_IsActiveFlag_TEACK
                0x08000dec       0x28 ./Core/Src/CommDriver.o
 .text.LL_USART_IsActiveFlag_REACK
                0x08000e14       0x28 ./Core/Src/CommDriver.o
 .text.LL_USART_EnableIT_IDLE
                0x08000e3c       0x42 ./Core/Src/CommDriver.o
 .text.LL_USART_EnableDMAReq_RX
                0x08000e7e       0x46 ./Core/Src/CommDriver.o
 .text.LL_USART_EnableDMAReq_TX
                0x08000ec4       0x46 ./Core/Src/CommDriver.o
 .text.LL_USART_DMA_GetRegAddr
                0x08000f0a       0x2c ./Core/Src/CommDriver.o
 *fill*         0x08000f36        0x2 
 .text.FT231_HardwareReset
                0x08000f38       0x58 ./Core/Src/CommDriver.o
 .text.CommDriver_Init
                0x08000f90      0x2cc ./Core/Src/CommDriver.o
                0x08000f90                CommDriver_Init
 .text.CommDriver_StartRx
                0x0800125c       0x2c ./Core/Src/CommDriver.o
                0x0800125c                CommDriver_StartRx
 .text.CommDriver_RxProcessISR
                0x08001288       0x8c ./Core/Src/CommDriver.o
                0x08001288                CommDriver_RxProcessISR
 .text.CommDriver_SendPacket
                0x08001314       0xd0 ./Core/Src/CommDriver.o
                0x08001314                CommDriver_SendPacket
 .text.CommDriver_TxReady
                0x080013e4       0x30 ./Core/Src/CommDriver.o
                0x080013e4                CommDriver_TxReady
 .text.CommDriver_TxCompleteISR
                0x08001414       0x18 ./Core/Src/CommDriver.o
                0x08001414                CommDriver_TxCompleteISR
 .text.CommDriver_GetParser
                0x0800142c       0x14 ./Core/Src/CommDriver.o
                0x0800142c                CommDriver_GetParser
 .text.SendResponse
                0x08001440       0x68 ./Core/Src/CommandInterface.o
 .text.SendError
                0x080014a8       0x36 ./Core/Src/CommandInterface.o
 *fill*         0x080014de        0x2 
 .text.Command_HandleVS_AllSameSource
                0x080014e0       0x60 ./Core/Src/CommandInterface.o
 .text.Command_HandleVS_SetSingle
                0x08001540       0x7c ./Core/Src/CommandInterface.o
 .text.Command_HandleVS_GetSingle
                0x080015bc       0x90 ./Core/Src/CommandInterface.o
 .text.Command_HandleVS_SetAll
                0x0800164c       0x70 ./Core/Src/CommandInterface.o
 .text.Command_HandleVS_GetAll
                0x080016bc       0x60 ./Core/Src/CommandInterface.o
 .text.Command_HandleBoardID
                0x0800171c       0x28 ./Core/Src/CommandInterface.o
 .text.Command_HandleFWRevision
                0x08001744       0x28 ./Core/Src/CommandInterface.o
 .text.Command_HandleBISTStatus
                0x0800176c       0x50 ./Core/Src/CommandInterface.o
 .text.Command_HandlePing
                0x080017bc       0x28 ./Core/Src/CommandInterface.o
 .text.Command_Dispatch
                0x080017e4      0x110 ./Core/Src/CommandInterface.o
                0x080017e4                Command_Dispatch
 .text.OnPacketReceived
                0x080018f4       0x1c ./Core/Src/CommandInterface.o
 .text.CommandInterface_Init
                0x08001910       0x24 ./Core/Src/CommandInterface.o
                0x08001910                CommandInterface_Init
 .text.EVSIndicatorLedControl
                0x08001934       0xc8 ./Core/Src/EVSDriver.o
                0x08001934                EVSIndicatorLedControl
 .text.EVSDisAllnCS
                0x080019fc       0x52 ./Core/Src/EVSDriver.o
                0x080019fc                EVSDisAllnCS
 .text.EVSEnAllnCS
                0x08001a4e       0x52 ./Core/Src/EVSDriver.o
                0x08001a4e                EVSEnAllnCS
 .text.EVSBlockProgram
                0x08001aa0      0x134 ./Core/Src/EVSDriver.o
                0x08001aa0                EVSBlockProgram
 .text.EVSSetSinglePinInBuffer
                0x08001bd4      0x164 ./Core/Src/EVSDriver.o
                0x08001bd4                EVSSetSinglePinInBuffer
 .text.EVSGetSinglePinFromBuffer
                0x08001d38       0xc0 ./Core/Src/EVSDriver.o
                0x08001d38                EVSGetSinglePinFromBuffer
 .text.EVSInit  0x08001df8      0x12e ./Core/Src/EVSDriver.o
                0x08001df8                EVSInit
 *fill*         0x08001f26        0x2 
 .text.EVSReset
                0x08001f28      0x138 ./Core/Src/EVSDriver.o
                0x08001f28                EVSReset
 .text.EVSCheck
                0x08002060      0x208 ./Core/Src/EVSDriver.o
                0x08002060                EVSCheck
 .text.EVSSetSinglePin
                0x08002268      0x168 ./Core/Src/EVSDriver.o
                0x08002268                EVSSetSinglePin
 .text.EVSGetSinglePin
                0x080023d0       0x42 ./Core/Src/EVSDriver.o
                0x080023d0                EVSGetSinglePin
 *fill*         0x08002412        0x2 
 .text.EVSSetAllPins
                0x08002414      0x158 ./Core/Src/EVSDriver.o
                0x08002414                EVSSetAllPins
 .text.EVSGetAllPins
                0x0800256c       0x46 ./Core/Src/EVSDriver.o
                0x0800256c                EVSGetAllPins
 *fill*         0x080025b2        0x2 
 .text.EVSSetAllPinsSameSource
                0x080025b4      0x15c ./Core/Src/EVSDriver.o
                0x080025b4                EVSSetAllPinsSameSource
 .text.LL_AHB4_GRP1_EnableClock
                0x08002710       0x38 ./Core/Src/GPIODriver.o
 .text.LL_GPIO_SetOutputPin
                0x08002748       0x1c ./Core/Src/GPIODriver.o
 .text.LL_GPIO_ResetOutputPin
                0x08002764       0x1e ./Core/Src/GPIODriver.o
 .text.GPIOInit
                0x08002782       0x48 ./Core/Src/GPIODriver.o
                0x08002782                GPIOInit
 .text.GPIOReset
                0x080027ca       0x22 ./Core/Src/GPIODriver.o
                0x080027ca                GPIOReset
 .text.GPIOSet  0x080027ec       0x22 ./Core/Src/GPIODriver.o
                0x080027ec                GPIOSet
 *fill*         0x0800280e        0x2 
 .text.LL_AHB4_GRP1_EnableClock
                0x08002810       0x38 ./Core/Src/I2CDriver.o
 .text.LL_APB3_GRP1_EnableClock
                0x08002848       0x38 ./Core/Src/I2CDriver.o
 .text.LL_APB1_GRP1_EnableClock
                0x08002880       0x38 ./Core/Src/I2CDriver.o
 .text.LL_APB2_GRP1_EnableClock
                0x080028b8       0x38 ./Core/Src/I2CDriver.o
 .text.LL_APB4_GRP1_EnableClock
                0x080028f0       0x38 ./Core/Src/I2CDriver.o
 .text.LL_I2C_Enable
                0x08002928       0x20 ./Core/Src/I2CDriver.o
 .text.LL_I2C_IsActiveFlag_TXIS
                0x08002948       0x26 ./Core/Src/I2CDriver.o
 .text.LL_I2C_IsActiveFlag_RXNE
                0x0800296e       0x26 ./Core/Src/I2CDriver.o
 .text.LL_I2C_IsActiveFlag_STOP
                0x08002994       0x26 ./Core/Src/I2CDriver.o
 .text.LL_I2C_ClearFlag_STOP
                0x080029ba       0x20 ./Core/Src/I2CDriver.o
 *fill*         0x080029da        0x2 
 .text.LL_I2C_HandleTransfer
                0x080029dc       0x60 ./Core/Src/I2CDriver.o
 .text.LL_I2C_ReceiveData8
                0x08002a3c       0x1a ./Core/Src/I2CDriver.o
 .text.LL_I2C_TransmitData8
                0x08002a56       0x1e ./Core/Src/I2CDriver.o
 .text.LL_RCC_SetClockSource
                0x08002a74       0x54 ./Core/Src/I2CDriver.o
 .text.LL_RCC_SetSPIClockSource
                0x08002ac8       0x16 ./Core/Src/I2CDriver.o
 *fill*         0x08002ade        0x2 
 .text.I2CInit  0x08002ae0      0x124 ./Core/Src/I2CDriver.o
                0x08002ae0                I2CInit
 .text.I2CWriteData
                0x08002c04       0x90 ./Core/Src/I2CDriver.o
                0x08002c04                I2CWriteData
 .text.I2CReadData
                0x08002c94       0x90 ./Core/Src/I2CDriver.o
                0x08002c94                I2CReadData
 .text.AppendEscaped
                0x08002d24       0x78 ./Core/Src/PacketProtocol.o
 .text.DecodeHeader
                0x08002d9c       0x5a ./Core/Src/PacketProtocol.o
 .text.Protocol_ParserInit
                0x08002df6       0x66 ./Core/Src/PacketProtocol.o
                0x08002df6                Protocol_ParserInit
 .text.Protocol_FeedBytes
                0x08002e5c      0x296 ./Core/Src/PacketProtocol.o
                0x08002e5c                Protocol_FeedBytes
 .text.Protocol_BuildPacket
                0x080030f2      0x19a ./Core/Src/PacketProtocol.o
                0x080030f2                Protocol_BuildPacket
 .text.PinColMAP
                0x0800328c       0x34 ./Core/Src/PinMapper.o
                0x0800328c                PinColMAP
 .text.PinRowMAP
                0x080032c0       0x40 ./Core/Src/PinMapper.o
                0x080032c0                PinRowMAP
 .text.PinBankMAP
                0x08003300       0x38 ./Core/Src/PinMapper.o
                0x08003300                PinBankMAP
 .text.PinBlockMAP
                0x08003338       0x2c ./Core/Src/PinMapper.o
                0x08003338                PinBlockMAP
 .text.PinPositionMAP
                0x08003364       0x78 ./Core/Src/PinMapper.o
                0x08003364                PinPositionMAP
 .text.LL_AHB4_GRP1_EnableClock
                0x080033dc       0x38 ./Core/Src/SPIDriver.o
 .text.LL_APB3_GRP1_EnableClock
                0x08003414       0x38 ./Core/Src/SPIDriver.o
 .text.LL_APB1_GRP1_EnableClock
                0x0800344c       0x38 ./Core/Src/SPIDriver.o
 .text.LL_APB2_GRP1_EnableClock
                0x08003484       0x38 ./Core/Src/SPIDriver.o
 .text.LL_APB4_GRP1_EnableClock
                0x080034bc       0x38 ./Core/Src/SPIDriver.o
 .text.LL_SPI_Enable
                0x080034f4       0x20 ./Core/Src/SPIDriver.o
 .text.LL_SPI_DisableGPIOControl
                0x08003514       0x20 ./Core/Src/SPIDriver.o
 .text.LL_SPI_StartMasterTransfer
                0x08003534       0x20 ./Core/Src/SPIDriver.o
 .text.LL_SPI_DisableMasterRxAutoSuspend
                0x08003554       0x20 ./Core/Src/SPIDriver.o
 .text.LL_SPI_SetStandard
                0x08003574       0x26 ./Core/Src/SPIDriver.o
 .text.LL_SPI_SetFIFOThreshold
                0x0800359a       0x26 ./Core/Src/SPIDriver.o
 .text.LL_SPI_DisableNSSPulseMgt
                0x080035c0       0x20 ./Core/Src/SPIDriver.o
 .text.LL_SPI_IsActiveFlag_RXP
                0x080035e0       0x26 ./Core/Src/SPIDriver.o
 .text.LL_SPI_IsActiveFlag_TXP
                0x08003606       0x26 ./Core/Src/SPIDriver.o
 .text.LL_SPI_ReceiveData8
                0x0800362c       0x1c ./Core/Src/SPIDriver.o
 .text.LL_SPI_ReceiveData16
                0x08003648       0x20 ./Core/Src/SPIDriver.o
 .text.LL_SPI_ReceiveData32
                0x08003668       0x18 ./Core/Src/SPIDriver.o
 .text.LL_SPI_TransmitData8
                0x08003680       0x20 ./Core/Src/SPIDriver.o
 .text.LL_SPI_TransmitData16
                0x080036a0       0x24 ./Core/Src/SPIDriver.o
 .text.LL_SPI_TransmitData32
                0x080036c4       0x1c ./Core/Src/SPIDriver.o
 .text.LL_RCC_SetClockSource
                0x080036e0       0x54 ./Core/Src/SPIDriver.o
 .text.LL_RCC_SetSPIClockSource
                0x08003734       0x16 ./Core/Src/SPIDriver.o
 *fill*         0x0800374a        0x2 
 .text.SPIInit  0x0800374c      0x198 ./Core/Src/SPIDriver.o
                0x0800374c                SPIInit
 .text.SPIDataTransceive
                0x080038e4      0x194 ./Core/Src/SPIDriver.o
                0x080038e4                SPIDataTransceive
 .text.StatusManager_Init
                0x08003a78       0x3c ./Core/Src/StatusManager.o
                0x08003a78                StatusManager_Init
 .text.StatusManager_Reset
                0x08003ab4       0x3c ./Core/Src/StatusManager.o
                0x08003ab4                StatusManager_Reset
 .text.StatusManager_VSB0_Led
                0x08003af0       0x44 ./Core/Src/StatusManager.o
                0x08003af0                StatusManager_VSB0_Led
 .text.StatusManager_VSB1_Led
                0x08003b34       0x44 ./Core/Src/StatusManager.o
                0x08003b34                StatusManager_VSB1_Led
 .text.CRC16_Update
                0x08003b78       0x44 ./Core/Src/crc16.o
                0x08003b78                CRC16_Update
 .text.CRC16_Calc
                0x08003bbc       0x46 ./Core/Src/crc16.o
                0x08003bbc                CRC16_Calc
 *fill*         0x08003c02        0x2 
 .text.__NVIC_SetPriorityGrouping
                0x08003c04       0x48 ./Core/Src/main.o
 .text.__NVIC_GetPriorityGrouping
                0x08003c4c       0x1c ./Core/Src/main.o
 .text.__NVIC_SetPriority
                0x08003c68       0x54 ./Core/Src/main.o
 .text.NVIC_EncodePriority
                0x08003cbc       0x66 ./Core/Src/main.o
 *fill*         0x08003d22        0x2 
 .text.LL_RCC_HSE_Enable
                0x08003d24       0x20 ./Core/Src/main.o
 .text.LL_RCC_HSE_IsReady
                0x08003d44       0x28 ./Core/Src/main.o
 .text.LL_RCC_SetSysClkSource
                0x08003d6c       0x28 ./Core/Src/main.o
 .text.LL_RCC_GetSysClkSource
                0x08003d94       0x1c ./Core/Src/main.o
 .text.LL_RCC_SetSysPrescaler
                0x08003db0       0x28 ./Core/Src/main.o
 .text.LL_RCC_SetAHBPrescaler
                0x08003dd8       0x28 ./Core/Src/main.o
 .text.LL_RCC_SetAPB1Prescaler
                0x08003e00       0x28 ./Core/Src/main.o
 .text.LL_RCC_SetAPB2Prescaler
                0x08003e28       0x28 ./Core/Src/main.o
 .text.LL_RCC_SetAPB3Prescaler
                0x08003e50       0x28 ./Core/Src/main.o
 .text.LL_RCC_SetAPB4Prescaler
                0x08003e78       0x28 ./Core/Src/main.o
 .text.LL_RCC_PLL_SetSource
                0x08003ea0       0x28 ./Core/Src/main.o
 .text.LL_RCC_PLL1_Enable
                0x08003ec8       0x20 ./Core/Src/main.o
 .text.LL_RCC_PLL1_Disable
                0x08003ee8       0x20 ./Core/Src/main.o
 .text.LL_RCC_PLL1_IsReady
                0x08003f08       0x28 ./Core/Src/main.o
 .text.LL_RCC_PLL1P_Enable
                0x08003f30       0x20 ./Core/Src/main.o
 .text.LL_RCC_PLL1P_IsEnabled
                0x08003f50       0x28 ./Core/Src/main.o
 .text.LL_RCC_PLL1_SetVCOOutputRange
                0x08003f78       0x2c ./Core/Src/main.o
 .text.LL_RCC_PLL1_SetVCOInputRange
                0x08003fa4       0x2c ./Core/Src/main.o
 .text.LL_RCC_PLL1_SetN
                0x08003fd0       0x30 ./Core/Src/main.o
 .text.LL_RCC_PLL1_SetM
                0x08004000       0x2c ./Core/Src/main.o
 .text.LL_RCC_PLL1_SetP
                0x0800402c       0x2c ./Core/Src/main.o
 .text.LL_RCC_PLL1_SetQ
                0x08004058       0x2c ./Core/Src/main.o
 .text.LL_RCC_PLL1_SetR
                0x08004084       0x2c ./Core/Src/main.o
 .text.LL_RCC_PLL3_Enable
                0x080040b0       0x20 ./Core/Src/main.o
 .text.LL_RCC_PLL3_Disable
                0x080040d0       0x20 ./Core/Src/main.o
 .text.LL_RCC_PLL3_IsReady
                0x080040f0       0x28 ./Core/Src/main.o
 .text.LL_RCC_PLL3P_Enable
                0x08004118       0x20 ./Core/Src/main.o
 .text.LL_RCC_PLL3Q_Enable
                0x08004138       0x20 ./Core/Src/main.o
 .text.LL_RCC_PLL3R_Enable
                0x08004158       0x20 ./Core/Src/main.o
 .text.LL_RCC_PLL3P_IsEnabled
                0x08004178       0x28 ./Core/Src/main.o
 .text.LL_RCC_PLL3Q_IsEnabled
                0x080041a0       0x28 ./Core/Src/main.o
 .text.LL_RCC_PLL3R_IsEnabled
                0x080041c8       0x28 ./Core/Src/main.o
 .text.LL_RCC_PLL3_SetVCOOutputRange
                0x080041f0       0x2c ./Core/Src/main.o
 .text.LL_RCC_PLL3_SetVCOInputRange
                0x0800421c       0x2c ./Core/Src/main.o
 .text.LL_RCC_PLL3_SetN
                0x08004248       0x30 ./Core/Src/main.o
 .text.LL_RCC_PLL3_SetM
                0x08004278       0x2c ./Core/Src/main.o
 .text.LL_RCC_PLL3_SetP
                0x080042a4       0x2c ./Core/Src/main.o
 .text.LL_RCC_PLL3_SetQ
                0x080042d0       0x2c ./Core/Src/main.o
 .text.LL_RCC_PLL3_SetR
                0x080042fc       0x2c ./Core/Src/main.o
 .text.LL_AHB4_GRP1_EnableClock
                0x08004328       0x38 ./Core/Src/main.o
 .text.LL_APB4_GRP1_EnableClock
                0x08004360       0x38 ./Core/Src/main.o
 .text.LL_FLASH_SetLatency
                0x08004398       0x28 ./Core/Src/main.o
 .text.LL_FLASH_GetLatency
                0x080043c0       0x1c ./Core/Src/main.o
 .text.LL_MPU_Enable
                0x080043dc       0x30 ./Core/Src/main.o
 .text.LL_MPU_Disable
                0x0800440c       0x20 ./Core/Src/main.o
 .text.LL_MPU_ConfigRegion
                0x0800442c       0x40 ./Core/Src/main.o
 .text.LL_PWR_ConfigSupply
                0x0800446c       0x28 ./Core/Src/main.o
 .text.LL_PWR_SetRegulVoltageScaling
                0x08004494       0x28 ./Core/Src/main.o
 .text.LL_PWR_IsActiveFlag_VOS
                0x080044bc       0x28 ./Core/Src/main.o
 .text.main     0x080044e4       0xb4 ./Core/Src/main.o
                0x080044e4                main
 .text.MCUInit  0x08004598       0x60 ./Core/Src/main.o
                0x08004598                MCUInit
 .text.MCUClockConfig
                0x080045f8       0xd0 ./Core/Src/main.o
                0x080045f8                MCUClockConfig
 .text.MPUConfig
                0x080046c8       0x24 ./Core/Src/main.o
 .text.PeripheralInit
                0x080046ec        0xe ./Core/Src/main.o
                0x080046ec                PeripheralInit
 .text.PeripheralClockConfig
                0x080046fa       0x84 ./Core/Src/main.o
                0x080046fa                PeripheralClockConfig
 *fill*         0x0800477e        0x2 
 .text.BoardInit
                0x08004780       0x44 ./Core/Src/main.o
                0x08004780                BoardInit
 .text.BoardReset
                0x080047c4       0x38 ./Core/Src/main.o
                0x080047c4                BoardReset
 .text.BoardCheck
                0x080047fc       0x40 ./Core/Src/main.o
                0x080047fc                BoardCheck
 .text.LL_DMA_IsActiveFlag_HT0
                0x0800483c       0x26 ./Core/Src/stm32h7xx_it.o
 .text.LL_DMA_IsActiveFlag_TC0
                0x08004862       0x26 ./Core/Src/stm32h7xx_it.o
 .text.LL_DMA_IsActiveFlag_TE0
                0x08004888       0x26 ./Core/Src/stm32h7xx_it.o
 .text.LL_DMA_ClearFlag_HT0
                0x080048ae       0x1a ./Core/Src/stm32h7xx_it.o
 .text.LL_DMA_ClearFlag_TC0
                0x080048c8       0x1a ./Core/Src/stm32h7xx_it.o
 .text.LL_DMA_ClearFlag_TE0
                0x080048e2       0x1a ./Core/Src/stm32h7xx_it.o
 .text.LL_USART_IsActiveFlag_FE
                0x080048fc       0x26 ./Core/Src/stm32h7xx_it.o
 .text.LL_USART_IsActiveFlag_NE
                0x08004922       0x26 ./Core/Src/stm32h7xx_it.o
 .text.LL_USART_IsActiveFlag_ORE
                0x08004948       0x26 ./Core/Src/stm32h7xx_it.o
 .text.LL_USART_IsActiveFlag_IDLE
                0x0800496e       0x26 ./Core/Src/stm32h7xx_it.o
 .text.LL_USART_ClearFlag_FE
                0x08004994       0x1a ./Core/Src/stm32h7xx_it.o
 .text.LL_USART_ClearFlag_NE
                0x080049ae       0x1a ./Core/Src/stm32h7xx_it.o
 .text.LL_USART_ClearFlag_ORE
                0x080049c8       0x1a ./Core/Src/stm32h7xx_it.o
 .text.LL_USART_ClearFlag_IDLE
                0x080049e2       0x1a ./Core/Src/stm32h7xx_it.o
 .text.NMI_Handler
                0x080049fc        0x8 ./Core/Src/stm32h7xx_it.o
                0x080049fc                NMI_Handler
 .text.HardFault_Handler
                0x08004a04        0x8 ./Core/Src/stm32h7xx_it.o
                0x08004a04                HardFault_Handler
 .text.MemManage_Handler
                0x08004a0c        0x8 ./Core/Src/stm32h7xx_it.o
                0x08004a0c                MemManage_Handler
 .text.BusFault_Handler
                0x08004a14        0x8 ./Core/Src/stm32h7xx_it.o
                0x08004a14                BusFault_Handler
 .text.UsageFault_Handler
                0x08004a1c        0x8 ./Core/Src/stm32h7xx_it.o
                0x08004a1c                UsageFault_Handler
 .text.SVC_Handler
                0x08004a24        0xe ./Core/Src/stm32h7xx_it.o
                0x08004a24                SVC_Handler
 .text.DebugMon_Handler
                0x08004a32        0xe ./Core/Src/stm32h7xx_it.o
                0x08004a32                DebugMon_Handler
 .text.PendSV_Handler
                0x08004a40        0xe ./Core/Src/stm32h7xx_it.o
                0x08004a40                PendSV_Handler
 .text.SysTick_Handler
                0x08004a4e        0xe ./Core/Src/stm32h7xx_it.o
                0x08004a4e                SysTick_Handler
 .text.DMA1_Stream0_IRQHandler
                0x08004a5c       0x4c ./Core/Src/stm32h7xx_it.o
                0x08004a5c                DMA1_Stream0_IRQHandler
 .text.DMA2_Stream0_IRQHandler
                0x08004aa8       0x34 ./Core/Src/stm32h7xx_it.o
                0x08004aa8                DMA2_Stream0_IRQHandler
 .text.USART3_IRQHandler
                0x08004adc       0x58 ./Core/Src/stm32h7xx_it.o
                0x08004adc                USART3_IRQHandler
 .text.SystemInit
                0x08004b34       0xf0 ./Core/Src/system_stm32h7xx.o
                0x08004b34                SystemInit
 .text.LL_GPIO_SetPinMode
                0x08004c24       0x40 ./Drivers/STM32H7xx_Driver/Src/stm32h7xx_ll_gpio.o
 .text.LL_GPIO_SetPinOutputType
                0x08004c64       0x30 ./Drivers/STM32H7xx_Driver/Src/stm32h7xx_ll_gpio.o
 .text.LL_GPIO_SetPinSpeed
                0x08004c94       0x40 ./Drivers/STM32H7xx_Driver/Src/stm32h7xx_ll_gpio.o
 .text.LL_GPIO_SetPinPull
                0x08004cd4       0x40 ./Drivers/STM32H7xx_Driver/Src/stm32h7xx_ll_gpio.o
 .text.LL_GPIO_SetAFPin_0_7
                0x08004d14       0x58 ./Drivers/STM32H7xx_Driver/Src/stm32h7xx_ll_gpio.o
 .text.LL_GPIO_SetAFPin_8_15
                0x08004d6c       0x6c ./Drivers/STM32H7xx_Driver/Src/stm32h7xx_ll_gpio.o
 .text.LL_GPIO_Init
                0x08004dd8       0xdc ./Drivers/STM32H7xx_Driver/Src/stm32h7xx_ll_gpio.o
                0x08004dd8                LL_GPIO_Init
 .text.LL_I2C_Enable
                0x08004eb4       0x20 ./Drivers/STM32H7xx_Driver/Src/stm32h7xx_ll_i2c.o
 .text.LL_I2C_Disable
                0x08004ed4       0x20 ./Drivers/STM32H7xx_Driver/Src/stm32h7xx_ll_i2c.o
 .text.LL_I2C_ConfigFilters
                0x08004ef4       0x2e ./Drivers/STM32H7xx_Driver/Src/stm32h7xx_ll_i2c.o
 *fill*         0x08004f22        0x2 
 .text.LL_I2C_SetOwnAddress1
                0x08004f24       0x30 ./Drivers/STM32H7xx_Driver/Src/stm32h7xx_ll_i2c.o
 .text.LL_I2C_EnableOwnAddress1
                0x08004f54       0x20 ./Drivers/STM32H7xx_Driver/Src/stm32h7xx_ll_i2c.o
 .text.LL_I2C_DisableOwnAddress1
                0x08004f74       0x20 ./Drivers/STM32H7xx_Driver/Src/stm32h7xx_ll_i2c.o
 .text.LL_I2C_SetTiming
                0x08004f94       0x1c ./Drivers/STM32H7xx_Driver/Src/stm32h7xx_ll_i2c.o
 .text.LL_I2C_SetMode
                0x08004fb0       0x26 ./Drivers/STM32H7xx_Driver/Src/stm32h7xx_ll_i2c.o
 .text.LL_I2C_AcknowledgeNextData
                0x08004fd6       0x26 ./Drivers/STM32H7xx_Driver/Src/stm32h7xx_ll_i2c.o
 .text.LL_I2C_Init
                0x08004ffc       0x78 ./Drivers/STM32H7xx_Driver/Src/stm32h7xx_ll_i2c.o
                0x08004ffc                LL_I2C_Init
 .text.LL_SPI_IsEnabled
                0x08005074       0x26 ./Drivers/STM32H7xx_Driver/Src/stm32h7xx_ll_spi.o
 .text.LL_SPI_SetInternalSSLevel
                0x0800509a       0x26 ./Drivers/STM32H7xx_Driver/Src/stm32h7xx_ll_spi.o
 .text.LL_SPI_GetNSSPolarity
                0x080050c0       0x1c ./Drivers/STM32H7xx_Driver/Src/stm32h7xx_ll_spi.o
 .text.LL_SPI_SetCRCPolynomial
                0x080050dc       0x1c ./Drivers/STM32H7xx_Driver/Src/stm32h7xx_ll_spi.o
 .text.LL_SPI_Init
                0x080050f8       0xfc ./Drivers/STM32H7xx_Driver/Src/stm32h7xx_ll_spi.o
                0x080050f8                LL_SPI_Init
 .text.LL_InitTick
                0x080051f4       0x34 ./Drivers/STM32H7xx_Driver/Src/stm32h7xx_ll_utils.o
 .text.LL_Init1msTick
                0x08005228       0x1a ./Drivers/STM32H7xx_Driver/Src/stm32h7xx_ll_utils.o
                0x08005228                LL_Init1msTick
 *fill*         0x08005242        0x2 
 .text.LL_SetSystemCoreClock
                0x08005244       0x20 ./Drivers/STM32H7xx_Driver/Src/stm32h7xx_ll_utils.o
                0x08005244                LL_SetSystemCoreClock
 .text.Reset_Handler
                0x08005264       0x50 ./Startup/startup_stm32h735igtx.o
                0x08005264                Reset_Handler
 .text.Default_Handler
                0x080052b4        0x2 ./Startup/startup_stm32h735igtx.o
                0x080052b4                RTC_Alarm_IRQHandler
                0x080052b4                HASH_RNG_IRQHandler
                0x080052b4                EXTI2_IRQHandler
                0x080052b4                TIM8_CC_IRQHandler
                0x080052b4                UART8_IRQHandler
                0x080052b4                SPI4_IRQHandler
                0x080052b4                FDCAN3_IT0_IRQHandler
                0x080052b4                TIM1_CC_IRQHandler
                0x080052b4                BDMA_Channel6_IRQHandler
                0x080052b4                DMA2_Stream5_IRQHandler
                0x080052b4                DMA1_Stream5_IRQHandler
                0x080052b4                CORDIC_IRQHandler
                0x080052b4                BDMA_Channel1_IRQHandler
                0x080052b4                TAMP_STAMP_IRQHandler
                0x080052b4                EXTI3_IRQHandler
                0x080052b4                LPTIM4_IRQHandler
                0x080052b4                TIM8_TRG_COM_TIM14_IRQHandler
                0x080052b4                LPTIM2_IRQHandler
                0x080052b4                DFSDM1_FLT1_IRQHandler
                0x080052b4                DMAMUX2_OVR_IRQHandler
                0x080052b4                TIM8_UP_TIM13_IRQHandler
                0x080052b4                I2C3_ER_IRQHandler
                0x080052b4                DFSDM1_FLT2_IRQHandler
                0x080052b4                I2C5_EV_IRQHandler
                0x080052b4                USART10_IRQHandler
                0x080052b4                MDMA_IRQHandler
                0x080052b4                LPTIM3_IRQHandler
                0x080052b4                HSEM1_IRQHandler
                0x080052b4                EXTI0_IRQHandler
                0x080052b4                I2C2_EV_IRQHandler
                0x080052b4                DMA1_Stream2_IRQHandler
                0x080052b4                FPU_IRQHandler
                0x080052b4                OTG_HS_WKUP_IRQHandler
                0x080052b4                FDCAN1_IT1_IRQHandler
                0x080052b4                LTDC_ER_IRQHandler
                0x080052b4                DMA2_Stream2_IRQHandler
                0x080052b4                SPI1_IRQHandler
                0x080052b4                OCTOSPI1_IRQHandler
                0x080052b4                TIM6_DAC_IRQHandler
                0x080052b4                DMA2_Stream3_IRQHandler
                0x080052b4                OCTOSPI2_IRQHandler
                0x080052b4                DFSDM1_FLT3_IRQHandler
                0x080052b4                TIM23_IRQHandler
                0x080052b4                USART6_IRQHandler
                0x080052b4                TIM17_IRQHandler
                0x080052b4                BDMA_Channel7_IRQHandler
                0x080052b4                CRYP_IRQHandler
                0x080052b4                LPTIM5_IRQHandler
                0x080052b4                UART5_IRQHandler
                0x080052b4                ADC3_IRQHandler
                0x080052b4                TIM4_IRQHandler
                0x080052b4                BDMA_Channel2_IRQHandler
                0x080052b4                I2C1_EV_IRQHandler
                0x080052b4                DMA1_Stream6_IRQHandler
                0x080052b4                DMAMUX1_OVR_IRQHandler
                0x080052b4                DMA1_Stream1_IRQHandler
                0x080052b4                TIM16_IRQHandler
                0x080052b4                UART4_IRQHandler
                0x080052b4                BDMA_Channel5_IRQHandler
                0x080052b4                TIM3_IRQHandler
                0x080052b4                RCC_IRQHandler
                0x080052b4                UART9_IRQHandler
                0x080052b4                TIM8_BRK_TIM12_IRQHandler
                0x080052b4                TIM1_TRG_COM_IRQHandler
                0x080052b4                Default_Handler
                0x080052b4                ECC_IRQHandler
                0x080052b4                FMAC_IRQHandler
                0x080052b4                CEC_IRQHandler
                0x080052b4                EXTI15_10_IRQHandler
                0x080052b4                BDMA_Channel0_IRQHandler
                0x080052b4                ADC_IRQHandler
                0x080052b4                I2C5_ER_IRQHandler
                0x080052b4                OTFDEC1_IRQHandler
                0x080052b4                DMA1_Stream7_IRQHandler
                0x080052b4                SPI5_IRQHandler
                0x080052b4                TIM7_IRQHandler
                0x080052b4                FDCAN3_IT1_IRQHandler
                0x080052b4                SDMMC1_IRQHandler
                0x080052b4                TIM5_IRQHandler
                0x080052b4                DMA2_Stream7_IRQHandler
                0x080052b4                TIM15_IRQHandler
                0x080052b4                PVD_AVD_IRQHandler
                0x080052b4                I2C3_EV_IRQHandler
                0x080052b4                EXTI9_5_IRQHandler
                0x080052b4                RTC_WKUP_IRQHandler
                0x080052b4                LTDC_IRQHandler
                0x080052b4                ETH_WKUP_IRQHandler
                0x080052b4                SPDIF_RX_IRQHandler
                0x080052b4                SPI2_IRQHandler
                0x080052b4                OTG_HS_EP1_IN_IRQHandler
                0x080052b4                OTFDEC2_IRQHandler
                0x080052b4                TIM24_IRQHandler
                0x080052b4                CRS_IRQHandler
                0x080052b4                EXTI4_IRQHandler
                0x080052b4                FDCAN2_IT1_IRQHandler
                0x080052b4                ETH_IRQHandler
                0x080052b4                TIM1_UP_IRQHandler
                0x080052b4                BDMA_Channel4_IRQHandler
                0x080052b4                OTG_HS_EP1_OUT_IRQHandler
                0x080052b4                WWDG_IRQHandler
                0x080052b4                SPI6_IRQHandler
                0x080052b4                MDIOS_IRQHandler
                0x080052b4                I2C4_EV_IRQHandler
                0x080052b4                FDCAN2_IT0_IRQHandler
                0x080052b4                LPUART1_IRQHandler
                0x080052b4                FDCAN1_IT0_IRQHandler
                0x080052b4                TIM2_IRQHandler
                0x080052b4                OTG_HS_IRQHandler
                0x080052b4                DMA2D_IRQHandler
                0x080052b4                TIM1_BRK_IRQHandler
                0x080052b4                EXTI1_IRQHandler
                0x080052b4                SDMMC2_IRQHandler
                0x080052b4                BDMA_Channel3_IRQHandler
                0x080052b4                DTS_IRQHandler
                0x080052b4                UART7_IRQHandler
                0x080052b4                MDIOS_WKUP_IRQHandler
                0x080052b4                USART2_IRQHandler
                0x080052b4                DFSDM1_FLT0_IRQHandler
                0x080052b4                SAI4_IRQHandler
                0x080052b4                I2C2_ER_IRQHandler
                0x080052b4                DMA2_Stream1_IRQHandler
                0x080052b4                FLASH_IRQHandler
                0x080052b4                DMA2_Stream4_IRQHandler
                0x080052b4                USART1_IRQHandler
                0x080052b4                SPI3_IRQHandler
                0x080052b4                WAKEUP_PIN_IRQHandler
                0x080052b4                DMA1_Stream4_IRQHandler
                0x080052b4                I2C1_ER_IRQHandler
                0x080052b4                FMC_IRQHandler
                0x080052b4                FDCAN_CAL_IRQHandler
                0x080052b4                SWPMI1_IRQHandler
                0x080052b4                COMP1_IRQHandler
                0x080052b4                LPTIM1_IRQHandler
                0x080052b4                DCMI_PSSI_IRQHandler
                0x080052b4                I2C4_ER_IRQHandler
                0x080052b4                DMA2_Stream6_IRQHandler
                0x080052b4                SAI1_IRQHandler
                0x080052b4                DMA1_Stream3_IRQHandler
 *fill*         0x080052b6        0x2 
 .text.__libc_init_array
                0x080052b8       0x48 C:/ST/STM32CubeIDE_1.18.1/STM32CubeIDE/plugins/com.st.stm32cube.ide.mcu.externaltools.gnu-tools-for-stm32.13.3.rel1.win32_1.0.0.202411081344/tools/bin/../lib/gcc/arm-none-eabi/13.3.1/../../../../arm-none-eabi/lib/thumb/v7e-m+dp/hard\libc_nano.a(libc_a-init.o)
                0x080052b8                __libc_init_array
 .text.memcpy   0x08005300       0x1c C:/ST/STM32CubeIDE_1.18.1/STM32CubeIDE/plugins/com.st.stm32cube.ide.mcu.externaltools.gnu-tools-for-stm32.13.3.rel1.win32_1.0.0.202411081344/tools/bin/../lib/gcc/arm-none-eabi/13.3.1/../../../../arm-none-eabi/lib/thumb/v7e-m+dp/hard\libc_nano.a(libc_a-memcpy-stub.o)
                0x08005300                memcpy
 *(.glue_7)
 .glue_7        0x0800531c        0x0 linker stubs
 *(.glue_7t)
 .glue_7t       0x0800531c        0x0 linker stubs
 *(.eh_frame)
 .eh_frame      0x0800531c        0x0 C:/ST/STM32CubeIDE_1.18.1/STM32CubeIDE/plugins/com.st.stm32cube.ide.mcu.externaltools.gnu-tools-for-stm32.13.3.rel1.win32_1.0.0.202411081344/tools/bin/../lib/gcc/arm-none-eabi/13.3.1/thumb/v7e-m+dp/hard/crtbegin.o
 *(.init)
 .init          0x0800531c        0x4 C:/ST/STM32CubeIDE_1.18.1/STM32CubeIDE/plugins/com.st.stm32cube.ide.mcu.externaltools.gnu-tools-for-stm32.13.3.rel1.win32_1.0.0.202411081344/tools/bin/../lib/gcc/arm-none-eabi/13.3.1/thumb/v7e-m+dp/hard/crti.o
                0x0800531c                _init
 .init          0x08005320        0x8 C:/ST/STM32CubeIDE_1.18.1/STM32CubeIDE/plugins/com.st.stm32cube.ide.mcu.externaltools.gnu-tools-for-stm32.13.3.rel1.win32_1.0.0.202411081344/tools/bin/../lib/gcc/arm-none-eabi/13.3.1/thumb/v7e-m+dp/hard/crtn.o
 *(.fini)
 .fini          0x08005328        0x4 C:/ST/STM32CubeIDE_1.18.1/STM32CubeIDE/plugins/com.st.stm32cube.ide.mcu.externaltools.gnu-tools-for-stm32.13.3.rel1.win32_1.0.0.202411081344/tools/bin/../lib/gcc/arm-none-eabi/13.3.1/thumb/v7e-m+dp/hard/crti.o
                0x08005328                _fini
 .fini          0x0800532c        0x8 C:/ST/STM32CubeIDE_1.18.1/STM32CubeIDE/plugins/com.st.stm32cube.ide.mcu.externaltools.gnu-tools-for-stm32.13.3.rel1.win32_1.0.0.202411081344/tools/bin/../lib/gcc/arm-none-eabi/13.3.1/thumb/v7e-m+dp/hard/crtn.o
                0x08005334                        . = ALIGN (0x4)
                0x08005334                        _etext = .

.vfp11_veneer   0x08005334        0x0
 .vfp11_veneer  0x08005334        0x0 linker stubs

.v4_bx          0x08005334        0x0
 .v4_bx         0x08005334        0x0 linker stubs

.iplt           0x08005334        0x0
 .iplt          0x08005334        0x0 C:/ST/STM32CubeIDE_1.18.1/STM32CubeIDE/plugins/com.st.stm32cube.ide.mcu.externaltools.gnu-tools-for-stm32.13.3.rel1.win32_1.0.0.202411081344/tools/bin/../lib/gcc/arm-none-eabi/13.3.1/thumb/v7e-m+dp/hard/crtbegin.o

.rodata         0x08005334      0x258
                0x08005334                        . = ALIGN (0x4)
 *(.rodata)
 *(.rodata*)
 .rodata.LL_DMA_STR_OFFSET_TAB
                0x08005334        0x8 ./Core/Src/CommDriver.o
 .rodata.USART_PRESCALER_TAB
                0x0800533c       0x40 ./Core/Src/CommDriver.o
 .rodata.id.3   0x0800537c        0x3 ./Core/Src/CommandInterface.o
 *fill*         0x0800537f        0x1 
 .rodata.rev.2  0x08005380        0x2 ./Core/Src/CommandInterface.o
 *fill*         0x08005382        0x2 
 .rodata.pass.1
                0x08005384        0x4 ./Core/Src/CommandInterface.o
 .rodata.fail.0
                0x08005388        0x4 ./Core/Src/CommandInterface.o
 .rodata.crc16_table
                0x0800538c      0x200 ./Core/Src/crc16.o
                0x0800558c                        . = ALIGN (0x4)

.ARM.extab
 *(.ARM.extab* .gnu.linkonce.armextab.*)

.ARM            0x0800558c        0x0
                0x0800558c                        __exidx_start = .
 *(.ARM.exidx*)
                0x0800558c                        __exidx_end = .

.preinit_array  0x0800558c        0x0
                0x0800558c                        PROVIDE (__preinit_array_start = .)
 *(.preinit_array*)
                0x0800558c                        PROVIDE (__preinit_array_end = .)

.init_array     0x0800558c        0x4
                0x0800558c                        PROVIDE (__init_array_start = .)
 *(SORT_BY_NAME(.init_array.*))
 *(.init_array*)
 .init_array    0x0800558c        0x4 C:/ST/STM32CubeIDE_1.18.1/STM32CubeIDE/plugins/com.st.stm32cube.ide.mcu.externaltools.gnu-tools-for-stm32.13.3.rel1.win32_1.0.0.202411081344/tools/bin/../lib/gcc/arm-none-eabi/13.3.1/thumb/v7e-m+dp/hard/crtbegin.o
                0x08005590                        PROVIDE (__init_array_end = .)

.fini_array     0x08005590        0x4
                [!provide]                        PROVIDE (__fini_array_start = .)
 *(SORT_BY_NAME(.fini_array.*))
 *(.fini_array*)
 .fini_array    0x08005590        0x4 C:/ST/STM32CubeIDE_1.18.1/STM32CubeIDE/plugins/com.st.stm32cube.ide.mcu.externaltools.gnu-tools-for-stm32.13.3.rel1.win32_1.0.0.202411081344/tools/bin/../lib/gcc/arm-none-eabi/13.3.1/thumb/v7e-m+dp/hard/crtbegin.o
                [!provide]                        PROVIDE (__fini_array_end = .)
                0x08005594                        _sidata = LOADADDR (.data)

.rel.dyn        0x08005594        0x0
 .rel.iplt      0x08005594        0x0 C:/ST/STM32CubeIDE_1.18.1/STM32CubeIDE/plugins/com.st.stm32cube.ide.mcu.externaltools.gnu-tools-for-stm32.13.3.rel1.win32_1.0.0.202411081344/tools/bin/../lib/gcc/arm-none-eabi/13.3.1/thumb/v7e-m+dp/hard/crtbegin.o

.data           0x24000000      0x2d0 load address 0x08005594
                0x24000000                        . = ALIGN (0x4)
                0x24000000                        _sdata = .
 *(.data)
 *(.data*)
 .data.LED_Status_VSB0
                0x24000000       0x18 ./Core/Src/LVSConfig.o
                0x24000000                LED_Status_VSB0
 .data.LED_Status_VSB1
                0x24000018       0x18 ./Core/Src/LVSConfig.o
                0x24000018                LED_Status_VSB1
 .data.VSB0_ADG729_I2C
                0x24000030       0x4c ./Core/Src/LVSConfig.o
                0x24000030                VSB0_ADG729_I2C
 .data.VSB0_ADG714_SPI
                0x2400007c       0x5c ./Core/Src/LVSConfig.o
                0x2400007c                VSB0_ADG714_SPI
 .data.VSB0_ADG714_nCS
                0x240000d8       0x18 ./Core/Src/LVSConfig.o
                0x240000d8                VSB0_ADG714_nCS
 .data.VSB0_ADG714_nRST
                0x240000f0       0x18 ./Core/Src/LVSConfig.o
                0x240000f0                VSB0_ADG714_nRST
 .data.VSB1_ADG729_I2C
                0x24000108       0x4c ./Core/Src/LVSConfig.o
                0x24000108                VSB1_ADG729_I2C
 .data.VSB1_ADG714_SPI
                0x24000154       0x5c ./Core/Src/LVSConfig.o
                0x24000154                VSB1_ADG714_SPI
 .data.VSB1_ADG714_nCS
                0x240001b0       0x18 ./Core/Src/LVSConfig.o
                0x240001b0                VSB1_ADG714_nCS
 .data.VSB1_ADG714_nRST
                0x240001c8       0x18 ./Core/Src/LVSConfig.o
                0x240001c8                VSB1_ADG714_nRST
 .data.VS_ADG714
                0x240001e0       0x20 ./Core/Src/LVSConfig.o
                0x240001e0                VS_ADG714
 .data.USB_FT231_UART
                0x24000200       0x4c ./Core/Src/LVSConfig.o
                0x24000200                USB_FT231_UART
 .data.USB_FT231_UARTDMATx
                0x2400024c       0x2c ./Core/Src/LVSConfig.o
                0x2400024c                USB_FT231_UARTDMATx
 .data.USB_FT231_UARTDMARx
                0x24000278       0x2c ./Core/Src/LVSConfig.o
                0x24000278                USB_FT231_UARTDMARx
 .data.USB_FT231_nRST
                0x240002a4       0x18 ./Core/Src/LVSConfig.o
                0x240002a4                USB_FT231_nRST
 .data.USB_FT231
                0x240002bc       0x10 ./Core/Src/LVSConfig.o
                0x240002bc                USB_FT231
 .data.SystemCoreClock
                0x240002cc        0x4 ./Core/Src/system_stm32h7xx.o
                0x240002cc                SystemCoreClock
 *(.RamFunc)
 *(.RamFunc*)
                0x240002d0                        . = ALIGN (0x4)
                0x240002d0                        _edata = .

.igot.plt       0x240002d0        0x0 load address 0x08005864
 .igot.plt      0x240002d0        0x0 C:/ST/STM32CubeIDE_1.18.1/STM32CubeIDE/plugins/com.st.stm32cube.ide.mcu.externaltools.gnu-tools-for-stm32.13.3.rel1.win32_1.0.0.202411081344/tools/bin/../lib/gcc/arm-none-eabi/13.3.1/thumb/v7e-m+dp/hard/crtbegin.o
                0x240002d0                        . = ALIGN (0x4)

.bss            0x240002d0     0x41f0 load address 0x08005864
                0x240002d0                        _sbss = .
                0x240002d0                        __bss_start__ = _sbss
 *(.bss)
 .bss           0x240002d0       0x1c C:/ST/STM32CubeIDE_1.18.1/STM32CubeIDE/plugins/com.st.stm32cube.ide.mcu.externaltools.gnu-tools-for-stm32.13.3.rel1.win32_1.0.0.202411081344/tools/bin/../lib/gcc/arm-none-eabi/13.3.1/thumb/v7e-m+dp/hard/crtbegin.o
 *(.bss*)
 .bss.tx_buf    0x240002ec     0x2012 ./Core/Src/CommDriver.o
 *fill*         0x240022fe        0x2 
 .bss.parser    0x24002300     0x1028 ./Core/Src/CommDriver.o
 .bss.rx_head   0x24003328        0x2 ./Core/Src/CommDriver.o
 .bss.tx_busy   0x2400332a        0x1 ./Core/Src/CommDriver.o
 *fill*         0x2400332b        0x1 
 .bss.cmd_tx_request
                0x2400332c     0x1008 ./Core/Src/CommandInterface.o
                0x2400332c                cmd_tx_request
 .bss.source_data
                0x24004334      0x12c ./Core/Src/CommandInterface.o
 .bss.EVSB0Data
                0x24004460       0x28 ./Core/Src/EVSDriver.o
 .bss.EVSB1Data
                0x24004488       0x28 ./Core/Src/EVSDriver.o
 .bss.Temp      0x240044b0        0x4 ./Core/Src/EVSDriver.o
 .bss.Packet    0x240044b4        0x4 ./Core/Src/EVSDriver.o
 .bss.Mask      0x240044b8        0x4 ./Core/Src/EVSDriver.o
 .bss.BISTPass  0x240044bc        0x1 ./Core/Src/LVSConfig.o
                0x240044bc                BISTPass
 *fill*         0x240044bd        0x1 
 .bss.Temp      0x240044be        0x2 ./Core/Src/PinMapper.o
 *(COMMON)
                0x240044c0                        . = ALIGN (0x4)
                0x240044c0                        _ebss = .
                0x240044c0                        __bss_end__ = _ebss

.RAM_D2         0x30000000     0x1000
                0x30000000                        . = ALIGN (0x20)
 *(.RAM_D2)
 .RAM_D2        0x30000000     0x1000 ./Core/Src/CommDriver.o
 *(.RAM_D2.*)
                0x30001000                        . = ALIGN (0x20)
                0x00001000                        __RAM_D2_SIZE__ = SIZEOF (.RAM_D2)
                0x00008000                        __RAM_D2_LEN__ = LENGTH (RAM_D2)
                0x00000001                        ASSERT ((SIZEOF (.RAM_D2) <= LENGTH (RAM_D2)), ERROR: .RAM_D2 overflows RAM_D2)

._user_heap_stack
                0x240044c0     0x1000
                0x240044c0                        . = ALIGN (0x8)
                [!provide]                        PROVIDE (end = .)
                0x240044c0                        PROVIDE (_end = .)
                0x24004cc0                        . = (. + _Min_Heap_Size)
 *fill*         0x240044c0      0x800 
                0x240054c0                        . = (. + _Min_Stack_Size)
 *fill*         0x24004cc0      0x800 
                0x240054c0                        . = ALIGN (0x8)

/DISCARD/
 libc.a(*)
 libm.a(*)
 libgcc.a(*)

.ARM.attributes
                0x00000000       0x2e
 *(.ARM.attributes)
 .ARM.attributes
                0x00000000       0x20 C:/ST/STM32CubeIDE_1.18.1/STM32CubeIDE/plugins/com.st.stm32cube.ide.mcu.externaltools.gnu-tools-for-stm32.13.3.rel1.win32_1.0.0.202411081344/tools/bin/../lib/gcc/arm-none-eabi/13.3.1/thumb/v7e-m+dp/hard/crti.o
 .ARM.attributes
                0x00000020       0x32 C:/ST/STM32CubeIDE_1.18.1/STM32CubeIDE/plugins/com.st.stm32cube.ide.mcu.externaltools.gnu-tools-for-stm32.13.3.rel1.win32_1.0.0.202411081344/tools/bin/../lib/gcc/arm-none-eabi/13.3.1/thumb/v7e-m+dp/hard/crtbegin.o
 .ARM.attributes
                0x00000052       0x32 ./Core/Src/ADG729Driver.o
 .ARM.attributes
                0x00000084       0x32 ./Core/Src/CommDriver.o
 .ARM.attributes
                0x000000b6       0x32 ./Core/Src/CommandInterface.o
 .ARM.attributes
                0x000000e8       0x32 ./Core/Src/EVSDriver.o
 .ARM.attributes
                0x0000011a       0x32 ./Core/Src/GPIODriver.o
 .ARM.attributes
                0x0000014c       0x32 ./Core/Src/I2CDriver.o
 .ARM.attributes
                0x0000017e       0x32 ./Core/Src/LVSConfig.o
 .ARM.attributes
                0x000001b0       0x32 ./Core/Src/PacketProtocol.o
 .ARM.attributes
                0x000001e2       0x32 ./Core/Src/PinMapper.o
 .ARM.attributes
                0x00000214       0x32 ./Core/Src/SPIDriver.o
 .ARM.attributes
                0x00000246       0x32 ./Core/Src/StatusManager.o
 .ARM.attributes
                0x00000278       0x32 ./Core/Src/crc16.o
 .ARM.attributes
                0x000002aa       0x32 ./Core/Src/main.o
 .ARM.attributes
                0x000002dc       0x32 ./Core/Src/stm32h7xx_it.o
 .ARM.attributes
                0x0000030e       0x32 ./Core/Src/system_stm32h7xx.o
 .ARM.attributes
                0x00000340       0x32 ./Drivers/STM32H7xx_Driver/Src/stm32h7xx_ll_gpio.o
 .ARM.attributes
                0x00000372       0x32 ./Drivers/STM32H7xx_Driver/Src/stm32h7xx_ll_i2c.o
 .ARM.attributes
                0x000003a4       0x32 ./Drivers/STM32H7xx_Driver/Src/stm32h7xx_ll_spi.o
 .ARM.attributes
                0x000003d6       0x32 ./Drivers/STM32H7xx_Driver/Src/stm32h7xx_ll_utils.o
 .ARM.attributes
                0x00000408       0x21 ./Startup/startup_stm32h735igtx.o
 .ARM.attributes
                0x00000429       0x32 C:/ST/STM32CubeIDE_1.18.1/STM32CubeIDE/plugins/com.st.stm32cube.ide.mcu.externaltools.gnu-tools-for-stm32.13.3.rel1.win32_1.0.0.202411081344/tools/bin/../lib/gcc/arm-none-eabi/13.3.1/../../../../arm-none-eabi/lib/thumb/v7e-m+dp/hard\libc_nano.a(libc_a-init.o)
 .ARM.attributes
                0x0000045b       0x32 C:/ST/STM32CubeIDE_1.18.1/STM32CubeIDE/plugins/com.st.stm32cube.ide.mcu.externaltools.gnu-tools-for-stm32.13.3.rel1.win32_1.0.0.202411081344/tools/bin/../lib/gcc/arm-none-eabi/13.3.1/../../../../arm-none-eabi/lib/thumb/v7e-m+dp/hard\libc_nano.a(libc_a-memcpy-stub.o)
 .ARM.attributes
                0x0000048d       0x20 C:/ST/STM32CubeIDE_1.18.1/STM32CubeIDE/plugins/com.st.stm32cube.ide.mcu.externaltools.gnu-tools-for-stm32.13.3.rel1.win32_1.0.0.202411081344/tools/bin/../lib/gcc/arm-none-eabi/13.3.1/thumb/v7e-m+dp/hard/crtn.o
OUTPUT(LVSBoard_Firmware.elf elf32-littlearm)
LOAD linker stubs
LOAD C:/ST/STM32CubeIDE_1.18.1/STM32CubeIDE/plugins/com.st.stm32cube.ide.mcu.externaltools.gnu-tools-for-stm32.13.3.rel1.win32_1.0.0.202411081344/tools/bin/../lib/gcc/arm-none-eabi/13.3.1/../../../../arm-none-eabi/lib/thumb/v7e-m+dp/hard\libc.a
LOAD C:/ST/STM32CubeIDE_1.18.1/STM32CubeIDE/plugins/com.st.stm32cube.ide.mcu.externaltools.gnu-tools-for-stm32.13.3.rel1.win32_1.0.0.202411081344/tools/bin/../lib/gcc/arm-none-eabi/13.3.1/../../../../arm-none-eabi/lib/thumb/v7e-m+dp/hard\libm.a
LOAD C:/ST/STM32CubeIDE_1.18.1/STM32CubeIDE/plugins/com.st.stm32cube.ide.mcu.externaltools.gnu-tools-for-stm32.13.3.rel1.win32_1.0.0.202411081344/tools/bin/../lib/gcc/arm-none-eabi/13.3.1/thumb/v7e-m+dp/hard\libgcc.a

.debug_info     0x00000000     0xe47f
 .debug_info    0x00000000      0x753 ./Core/Src/ADG729Driver.o
 .debug_info    0x00000753     0x2572 ./Core/Src/CommDriver.o
 .debug_info    0x00002cc5      0xedd ./Core/Src/CommandInterface.o
 .debug_info    0x00003ba2      0xe54 ./Core/Src/EVSDriver.o
 .debug_info    0x000049f6      0x9d7 ./Core/Src/GPIODriver.o
 .debug_info    0x000053cd      0xcdd ./Core/Src/I2CDriver.o
 .debug_info    0x000060aa      0xe41 ./Core/Src/LVSConfig.o
 .debug_info    0x00006eeb      0x4c7 ./Core/Src/PacketProtocol.o
 .debug_info    0x000073b2      0x1a0 ./Core/Src/PinMapper.o
 .debug_info    0x00007552      0xe4c ./Core/Src/SPIDriver.o
 .debug_info    0x0000839e      0x369 ./Core/Src/StatusManager.o
 .debug_info    0x00008707      0x167 ./Core/Src/crc16.o
 .debug_info    0x0000886e     0x20e1 ./Core/Src/main.o
 .debug_info    0x0000a94f      0x525 ./Core/Src/stm32h7xx_it.o
 .debug_info    0x0000ae74      0xb2e ./Core/Src/system_stm32h7xx.o
 .debug_info    0x0000b9a2      0x88d ./Drivers/STM32H7xx_Driver/Src/stm32h7xx_ll_gpio.o
 .debug_info    0x0000c22f      0x85f ./Drivers/STM32H7xx_Driver/Src/stm32h7xx_ll_i2c.o
 .debug_info    0x0000ca8e      0xa86 ./Drivers/STM32H7xx_Driver/Src/stm32h7xx_ll_spi.o
 .debug_info    0x0000d514      0xf3b ./Drivers/STM32H7xx_Driver/Src/stm32h7xx_ll_utils.o
 .debug_info    0x0000e44f       0x30 ./Startup/startup_stm32h735igtx.o

.debug_abbrev   0x00000000     0x247b
 .debug_abbrev  0x00000000      0x17b ./Core/Src/ADG729Driver.o
 .debug_abbrev  0x0000017b      0x3d2 ./Core/Src/CommDriver.o
 .debug_abbrev  0x0000054d      0x2a4 ./Core/Src/CommandInterface.o
 .debug_abbrev  0x000007f1      0x1d9 ./Core/Src/EVSDriver.o
 .debug_abbrev  0x000009ca      0x1fa ./Core/Src/GPIODriver.o
 .debug_abbrev  0x00000bc4      0x229 ./Core/Src/I2CDriver.o
 .debug_abbrev  0x00000ded      0x13b ./Core/Src/LVSConfig.o
 .debug_abbrev  0x00000f28      0x1bf ./Core/Src/PacketProtocol.o
 .debug_abbrev  0x000010e7       0xc7 ./Core/Src/PinMapper.o
 .debug_abbrev  0x000011ae      0x206 ./Core/Src/SPIDriver.o
 .debug_abbrev  0x000013b4      0x17d ./Core/Src/StatusManager.o
 .debug_abbrev  0x00001531       0xe4 ./Core/Src/crc16.o
 .debug_abbrev  0x00001615      0x340 ./Core/Src/main.o
 .debug_abbrev  0x00001955      0x16a ./Core/Src/stm32h7xx_it.o
 .debug_abbrev  0x00001abf      0x13a ./Core/Src/system_stm32h7xx.o
 .debug_abbrev  0x00001bf9      0x231 ./Drivers/STM32H7xx_Driver/Src/stm32h7xx_ll_gpio.o
 .debug_abbrev  0x00001e2a      0x1a7 ./Drivers/STM32H7xx_Driver/Src/stm32h7xx_ll_i2c.o
 .debug_abbrev  0x00001fd1      0x233 ./Drivers/STM32H7xx_Driver/Src/stm32h7xx_ll_spi.o
 .debug_abbrev  0x00002204      0x253 ./Drivers/STM32H7xx_Driver/Src/stm32h7xx_ll_utils.o
 .debug_abbrev  0x00002457       0x24 ./Startup/startup_stm32h735igtx.o

.debug_aranges  0x00000000      0xcc0
 .debug_aranges
                0x00000000       0x58 ./Core/Src/ADG729Driver.o
 .debug_aranges
                0x00000058      0x1e0 ./Core/Src/CommDriver.o
 .debug_aranges
                0x00000238       0x88 ./Core/Src/CommandInterface.o
 .debug_aranges
                0x000002c0       0x90 ./Core/Src/EVSDriver.o
 .debug_aranges
                0x00000350       0x98 ./Core/Src/GPIODriver.o
 .debug_aranges
                0x000003e8       0xa8 ./Core/Src/I2CDriver.o
 .debug_aranges
                0x00000490       0x18 ./Core/Src/LVSConfig.o
 .debug_aranges
                0x000004a8       0x48 ./Core/Src/PacketProtocol.o
 .debug_aranges
                0x000004f0       0x40 ./Core/Src/PinMapper.o
 .debug_aranges
                0x00000530       0xd8 ./Core/Src/SPIDriver.o
 .debug_aranges
                0x00000608       0x38 ./Core/Src/StatusManager.o
 .debug_aranges
                0x00000640       0x28 ./Core/Src/crc16.o
 .debug_aranges
                0x00000668      0x210 ./Core/Src/main.o
 .debug_aranges
                0x00000878       0xe8 ./Core/Src/stm32h7xx_it.o
 .debug_aranges
                0x00000960       0x28 ./Core/Src/system_stm32h7xx.o
 .debug_aranges
                0x00000988       0x70 ./Drivers/STM32H7xx_Driver/Src/stm32h7xx_ll_gpio.o
 .debug_aranges
                0x000009f8       0x98 ./Drivers/STM32H7xx_Driver/Src/stm32h7xx_ll_i2c.o
 .debug_aranges
                0x00000a90       0xa0 ./Drivers/STM32H7xx_Driver/Src/stm32h7xx_ll_spi.o
 .debug_aranges
                0x00000b30      0x168 ./Drivers/STM32H7xx_Driver/Src/stm32h7xx_ll_utils.o
 .debug_aranges
                0x00000c98       0x28 ./Startup/startup_stm32h735igtx.o

.debug_rnglists
                0x00000000      0x954
 .debug_rnglists
                0x00000000       0x3e ./Core/Src/ADG729Driver.o
 .debug_rnglists
                0x0000003e      0x167 ./Core/Src/CommDriver.o
 .debug_rnglists
                0x000001a5       0x63 ./Core/Src/CommandInterface.o
 .debug_rnglists
                0x00000208       0x71 ./Core/Src/EVSDriver.o
 .debug_rnglists
                0x00000279       0x6d ./Core/Src/GPIODriver.o
 .debug_rnglists
                0x000002e6       0x7c ./Core/Src/I2CDriver.o
 .debug_rnglists
                0x00000362       0x40 ./Core/Src/PacketProtocol.o
 .debug_rnglists
                0x000003a2       0x2b ./Core/Src/PinMapper.o
 .debug_rnglists
                0x000003cd       0x9f ./Core/Src/SPIDriver.o
 .debug_rnglists
                0x0000046c       0x25 ./Core/Src/StatusManager.o
 .debug_rnglists
                0x00000491       0x19 ./Core/Src/crc16.o
 .debug_rnglists
                0x000004aa      0x18a ./Core/Src/main.o
 .debug_rnglists
                0x00000634       0xa9 ./Core/Src/stm32h7xx_it.o
 .debug_rnglists
                0x000006dd       0x1b ./Core/Src/system_stm32h7xx.o
 .debug_rnglists
                0x000006f8       0x51 ./Drivers/STM32H7xx_Driver/Src/stm32h7xx_ll_gpio.o
 .debug_rnglists
                0x00000749       0x6e ./Drivers/STM32H7xx_Driver/Src/stm32h7xx_ll_i2c.o
 .debug_rnglists
                0x000007b7       0x76 ./Drivers/STM32H7xx_Driver/Src/stm32h7xx_ll_spi.o
 .debug_rnglists
                0x0000082d      0x10e ./Drivers/STM32H7xx_Driver/Src/stm32h7xx_ll_utils.o
 .debug_rnglists
                0x0000093b       0x19 ./Startup/startup_stm32h735igtx.o

.debug_macro    0x00000000    0x2be09
 .debug_macro   0x00000000      0x1fc ./Core/Src/ADG729Driver.o
 .debug_macro   0x000001fc      0xb1a ./Core/Src/ADG729Driver.o
 .debug_macro   0x00000d16       0x2e ./Core/Src/ADG729Driver.o
 .debug_macro   0x00000d44       0x42 ./Core/Src/ADG729Driver.o
 .debug_macro   0x00000d86       0x22 ./Core/Src/ADG729Driver.o
 .debug_macro   0x00000da8       0x8e ./Core/Src/ADG729Driver.o
 .debug_macro   0x00000e36       0x51 ./Core/Src/ADG729Driver.o
 .debug_macro   0x00000e87      0x103 ./Core/Src/ADG729Driver.o
 .debug_macro   0x00000f8a       0x6a ./Core/Src/ADG729Driver.o
 .debug_macro   0x00000ff4      0x1df ./Core/Src/ADG729Driver.o
 .debug_macro   0x000011d3       0x1c ./Core/Src/ADG729Driver.o
 .debug_macro   0x000011ef       0x22 ./Core/Src/ADG729Driver.o
 .debug_macro   0x00001211       0xfb ./Core/Src/ADG729Driver.o
 .debug_macro   0x0000130c     0x1305 ./Core/Src/ADG729Driver.o
 .debug_macro   0x00002611      0x11f ./Core/Src/ADG729Driver.o
 .debug_macro   0x00002730       0x27 ./Core/Src/ADG729Driver.o
 .debug_macro   0x00002757    0x2213e ./Core/Src/ADG729Driver.o
 .debug_macro   0x00024895       0x6d ./Core/Src/ADG729Driver.o
 .debug_macro   0x00024902      0x365 ./Core/Src/ADG729Driver.o
 .debug_macro   0x00024c67      0x165 ./Core/Src/ADG729Driver.o
 .debug_macro   0x00024dcc      0x24d ./Core/Src/ADG729Driver.o
 .debug_macro   0x00025019       0x61 ./Core/Src/ADG729Driver.o
 .debug_macro   0x0002507a       0x29 ./Core/Src/ADG729Driver.o
 .debug_macro   0x000250a3       0x43 ./Core/Src/ADG729Driver.o
 .debug_macro   0x000250e6       0x34 ./Core/Src/ADG729Driver.o
 .debug_macro   0x0002511a      0x190 ./Core/Src/ADG729Driver.o
 .debug_macro   0x000252aa      0x370 ./Core/Src/ADG729Driver.o
 .debug_macro   0x0002561a       0x16 ./Core/Src/ADG729Driver.o
 .debug_macro   0x00025630       0x4a ./Core/Src/ADG729Driver.o
 .debug_macro   0x0002567a       0x34 ./Core/Src/ADG729Driver.o
 .debug_macro   0x000256ae       0x10 ./Core/Src/ADG729Driver.o
 .debug_macro   0x000256be       0x58 ./Core/Src/ADG729Driver.o
 .debug_macro   0x00025716       0x8e ./Core/Src/ADG729Driver.o
 .debug_macro   0x000257a4       0x1c ./Core/Src/ADG729Driver.o
 .debug_macro   0x000257c0      0x185 ./Core/Src/ADG729Driver.o
 .debug_macro   0x00025945      0x19b ./Core/Src/ADG729Driver.o
 .debug_macro   0x00025ae0      0x7f5 ./Core/Src/ADG729Driver.o
 .debug_macro   0x000262d5      0x1ae ./Core/Src/ADG729Driver.o
 .debug_macro   0x00026483      0x9cd ./Core/Src/ADG729Driver.o
 .debug_macro   0x00026e50      0x631 ./Core/Src/ADG729Driver.o
 .debug_macro   0x00027481      0x40f ./Core/Src/ADG729Driver.o
 .debug_macro   0x00027890      0x1e0 ./Core/Src/ADG729Driver.o
 .debug_macro   0x00027a70       0x81 ./Core/Src/ADG729Driver.o
 .debug_macro   0x00027af1      0x258 ./Core/Src/CommDriver.o
 .debug_macro   0x00027d49       0x22 ./Core/Src/CommDriver.o
 .debug_macro   0x00027d6b      0x9c7 ./Core/Src/CommDriver.o
 .debug_macro   0x00028732       0x10 ./Core/Src/CommDriver.o
 .debug_macro   0x00028742       0x34 ./Core/Src/CommDriver.o
 .debug_macro   0x00028776       0x10 ./Core/Src/CommDriver.o
 .debug_macro   0x00028786       0x16 ./Core/Src/CommDriver.o
 .debug_macro   0x0002879c       0x3c ./Core/Src/CommDriver.o
 .debug_macro   0x000287d8       0x20 ./Core/Src/CommDriver.o
 .debug_macro   0x000287f8      0x2ac ./Core/Src/CommandInterface.o
 .debug_macro   0x00028aa4       0x6a ./Core/Src/CommandInterface.o
 .debug_macro   0x00028b0e       0x22 ./Core/Src/CommandInterface.o
 .debug_macro   0x00028b30      0x233 ./Core/Src/EVSDriver.o
 .debug_macro   0x00028d63      0x1f2 ./Core/Src/GPIODriver.o
 .debug_macro   0x00028f55      0x1f2 ./Core/Src/I2CDriver.o
 .debug_macro   0x00029147      0x1e2 ./Core/Src/LVSConfig.o
 .debug_macro   0x00029329       0x8d ./Core/Src/PacketProtocol.o
 .debug_macro   0x000293b6       0x78 ./Core/Src/PinMapper.o
 .debug_macro   0x0002942e       0x1c ./Core/Src/PinMapper.o
 .debug_macro   0x0002944a      0x20e ./Core/Src/SPIDriver.o
 .debug_macro   0x00029658      0x3bb ./Core/Src/SPIDriver.o
 .debug_macro   0x00029a13       0x77 ./Core/Src/SPIDriver.o
 .debug_macro   0x00029a8a      0x1fc ./Core/Src/StatusManager.o
 .debug_macro   0x00029c86       0x73 ./Core/Src/crc16.o
 .debug_macro   0x00029cf9      0x2b6 ./Core/Src/main.o
 .debug_macro   0x00029faf       0xd0 ./Core/Src/main.o
 .debug_macro   0x0002a07f      0x36b ./Core/Src/main.o
 .debug_macro   0x0002a3ea      0x28e ./Core/Src/main.o
 .debug_macro   0x0002a678      0x201 ./Core/Src/main.o
 .debug_macro   0x0002a879       0x70 ./Core/Src/main.o
 .debug_macro   0x0002a8e9       0x22 ./Core/Src/main.o
 .debug_macro   0x0002a90b      0x222 ./Core/Src/stm32h7xx_it.o
 .debug_macro   0x0002ab2d      0x182 ./Core/Src/system_stm32h7xx.o
 .debug_macro   0x0002acaf      0x10e ./Drivers/STM32H7xx_Driver/Src/stm32h7xx_ll_gpio.o
 .debug_macro   0x0002adbd      0x15f ./Drivers/STM32H7xx_Driver/Src/stm32h7xx_ll_gpio.o
 .debug_macro   0x0002af1c      0x10e ./Drivers/STM32H7xx_Driver/Src/stm32h7xx_ll_i2c.o
 .debug_macro   0x0002b02a      0x247 ./Drivers/STM32H7xx_Driver/Src/stm32h7xx_ll_i2c.o
 .debug_macro   0x0002b271      0x27b ./Drivers/STM32H7xx_Driver/Src/stm32h7xx_ll_spi.o
 .debug_macro   0x0002b4ec      0x62b ./Drivers/STM32H7xx_Driver/Src/stm32h7xx_ll_spi.o
 .debug_macro   0x0002bb17      0x2f2 ./Drivers/STM32H7xx_Driver/Src/stm32h7xx_ll_utils.o

.debug_line     0x00000000     0xbb84
 .debug_line    0x00000000      0x8c4 ./Core/Src/ADG729Driver.o
 .debug_line    0x000008c4     0x10ac ./Core/Src/CommDriver.o
 .debug_line    0x00001970      0xaad ./Core/Src/CommandInterface.o
 .debug_line    0x0000241d      0xf02 ./Core/Src/EVSDriver.o
 .debug_line    0x0000331f      0x967 ./Core/Src/GPIODriver.o
 .debug_line    0x00003c86      0xa95 ./Core/Src/I2CDriver.o
 .debug_line    0x0000471b      0x715 ./Core/Src/LVSConfig.o
 .debug_line    0x00004e30      0x6db ./Core/Src/PacketProtocol.o
 .debug_line    0x0000550b      0x4e4 ./Core/Src/PinMapper.o
 .debug_line    0x000059ef      0xb3f ./Core/Src/SPIDriver.o
 .debug_line    0x0000652e      0x7f6 ./Core/Src/StatusManager.o
 .debug_line    0x00006d24      0x467 ./Core/Src/crc16.o
 .debug_line    0x0000718b     0x1186 ./Core/Src/main.o
 .debug_line    0x00008311      0xaa1 ./Core/Src/stm32h7xx_it.o
 .debug_line    0x00008db2      0x7f4 ./Core/Src/system_stm32h7xx.o
 .debug_line    0x000095a6      0x718 ./Drivers/STM32H7xx_Driver/Src/stm32h7xx_ll_gpio.o
 .debug_line    0x00009cbe      0x72a ./Drivers/STM32H7xx_Driver/Src/stm32h7xx_ll_i2c.o
 .debug_line    0x0000a3e8      0x970 ./Drivers/STM32H7xx_Driver/Src/stm32h7xx_ll_spi.o
 .debug_line    0x0000ad58      0xdb2 ./Drivers/STM32H7xx_Driver/Src/stm32h7xx_ll_utils.o
 .debug_line    0x0000bb0a       0x7a ./Startup/startup_stm32h735igtx.o

.debug_str      0x00000000    0xf5b8a
 .debug_str     0x00000000    0xf5b8a ./Core/Src/ADG729Driver.o
                              0xea853 (size before relaxing)
 .debug_str     0x000f5b8a    0xebf59 ./Core/Src/CommDriver.o
 .debug_str     0x000f5b8a    0xeb29d ./Core/Src/CommandInterface.o
 .debug_str     0x000f5b8a    0xead78 ./Core/Src/EVSDriver.o
 .debug_str     0x000f5b8a    0xeaa0a ./Core/Src/GPIODriver.o
 .debug_str     0x000f5b8a    0xeac71 ./Core/Src/I2CDriver.o
 .debug_str     0x000f5b8a    0xeb52a ./Core/Src/LVSConfig.o
 .debug_str     0x000f5b8a     0x4518 ./Core/Src/PacketProtocol.o
 .debug_str     0x000f5b8a     0x3f49 ./Core/Src/PinMapper.o
 .debug_str     0x000f5b8a    0xeca12 ./Core/Src/SPIDriver.o
 .debug_str     0x000f5b8a    0xea703 ./Core/Src/StatusManager.o
 .debug_str     0x000f5b8a     0x3ebd ./Core/Src/crc16.o
 .debug_str     0x000f5b8a    0xeff93 ./Core/Src/main.o
 .debug_str     0x000f5b8a    0xea9f1 ./Core/Src/stm32h7xx_it.o
 .debug_str     0x000f5b8a    0xd72aa ./Core/Src/system_stm32h7xx.o
 .debug_str     0x000f5b8a    0xd58a4 ./Drivers/STM32H7xx_Driver/Src/stm32h7xx_ll_gpio.o
 .debug_str     0x000f5b8a    0xd5e2e ./Drivers/STM32H7xx_Driver/Src/stm32h7xx_ll_i2c.o
 .debug_str     0x000f5b8a    0xe525b ./Drivers/STM32H7xx_Driver/Src/stm32h7xx_ll_spi.o
 .debug_str     0x000f5b8a    0xe3e04 ./Drivers/STM32H7xx_Driver/Src/stm32h7xx_ll_utils.o
 .debug_str     0x000f5b8a       0x6c ./Startup/startup_stm32h735igtx.o

.comment        0x00000000       0x43
 .comment       0x00000000       0x43 ./Core/Src/ADG729Driver.o
                                 0x44 (size before relaxing)
 .comment       0x00000043       0x44 ./Core/Src/CommDriver.o
 .comment       0x00000043       0x44 ./Core/Src/CommandInterface.o
 .comment       0x00000043       0x44 ./Core/Src/EVSDriver.o
 .comment       0x00000043       0x44 ./Core/Src/GPIODriver.o
 .comment       0x00000043       0x44 ./Core/Src/I2CDriver.o
 .comment       0x00000043       0x44 ./Core/Src/LVSConfig.o
 .comment       0x00000043       0x44 ./Core/Src/PacketProtocol.o
 .comment       0x00000043       0x44 ./Core/Src/PinMapper.o
 .comment       0x00000043       0x44 ./Core/Src/SPIDriver.o
 .comment       0x00000043       0x44 ./Core/Src/StatusManager.o
 .comment       0x00000043       0x44 ./Core/Src/crc16.o
 .comment       0x00000043       0x44 ./Core/Src/main.o
 .comment       0x00000043       0x44 ./Core/Src/stm32h7xx_it.o
 .comment       0x00000043       0x44 ./Core/Src/system_stm32h7xx.o
 .comment       0x00000043       0x44 ./Drivers/STM32H7xx_Driver/Src/stm32h7xx_ll_gpio.o
 .comment       0x00000043       0x44 ./Drivers/STM32H7xx_Driver/Src/stm32h7xx_ll_i2c.o
 .comment       0x00000043       0x44 ./Drivers/STM32H7xx_Driver/Src/stm32h7xx_ll_spi.o
 .comment       0x00000043       0x44 ./Drivers/STM32H7xx_Driver/Src/stm32h7xx_ll_utils.o

.debug_frame    0x00000000     0x3420
 .debug_frame   0x00000000      0x130 ./Core/Src/ADG729Driver.o
 .debug_frame   0x00000130      0x8c0 ./Core/Src/CommDriver.o
 .debug_frame   0x000009f0      0x20c ./Core/Src/CommandInterface.o
 .debug_frame   0x00000bfc      0x240 ./Core/Src/EVSDriver.o
 .debug_frame   0x00000e3c      0x274 ./Core/Src/GPIODriver.o
 .debug_frame   0x000010b0      0x2d8 ./Core/Src/I2CDriver.o
 .debug_frame   0x00001388       0xfc ./Core/Src/PacketProtocol.o
 .debug_frame   0x00001484       0xcc ./Core/Src/PinMapper.o
 .debug_frame   0x00001550      0x3c4 ./Core/Src/SPIDriver.o
 .debug_frame   0x00001914       0xa0 ./Core/Src/StatusManager.o
 .debug_frame   0x000019b4       0x5c ./Core/Src/crc16.o
 .debug_frame   0x00001a10      0x8e4 ./Core/Src/main.o
 .debug_frame   0x000022f4      0x38c ./Core/Src/stm32h7xx_it.o
 .debug_frame   0x00002680       0x58 ./Core/Src/system_stm32h7xx.o
 .debug_frame   0x000026d8      0x1c0 ./Drivers/STM32H7xx_Driver/Src/stm32h7xx_ll_gpio.o
 .debug_frame   0x00002898      0x288 ./Drivers/STM32H7xx_Driver/Src/stm32h7xx_ll_i2c.o
 .debug_frame   0x00002b20      0x2a8 ./Drivers/STM32H7xx_Driver/Src/stm32h7xx_ll_spi.o
 .debug_frame   0x00002dc8      0x604 ./Drivers/STM32H7xx_Driver/Src/stm32h7xx_ll_utils.o
 .debug_frame   0x000033cc       0x2c C:/ST/STM32CubeIDE_1.18.1/STM32CubeIDE/plugins/com.st.stm32cube.ide.mcu.externaltools.gnu-tools-for-stm32.13.3.rel1.win32_1.0.0.202411081344/tools/bin/../lib/gcc/arm-none-eabi/13.3.1/../../../../arm-none-eabi/lib/thumb/v7e-m+dp/hard\libc_nano.a(libc_a-init.o)
 .debug_frame   0x000033f8       0x28 C:/ST/STM32CubeIDE_1.18.1/STM32CubeIDE/plugins/com.st.stm32cube.ide.mcu.externaltools.gnu-tools-for-stm32.13.3.rel1.win32_1.0.0.202411081344/tools/bin/../lib/gcc/arm-none-eabi/13.3.1/../../../../arm-none-eabi/lib/thumb/v7e-m+dp/hard\libc_nano.a(libc_a-memcpy-stub.o)

.debug_line_str
                0x00000000       0x50
 .debug_line_str
                0x00000000       0x50 ./Startup/startup_stm32h735igtx.o
