Archive member included to satisfy reference by file (symbol)

/opt/st/stm32cubeide_1.19.0/plugins/com.st.stm32cube.ide.mcu.externaltools.gnu-tools-for-stm32.13.3.rel1.linux64_1.0.0.202410170706/tools/bin/../lib/gcc/arm-none-eabi/13.3.1/../../../../arm-none-eabi/lib/thumb/v7e-m+dp/hard/libc_nano.a(libc_a-atoi.o)
                              ./Core/Src/UserInterface.o (atoi)
/opt/st/stm32cubeide_1.19.0/plugins/com.st.stm32cube.ide.mcu.externaltools.gnu-tools-for-stm32.13.3.rel1.linux64_1.0.0.202410170706/tools/bin/../lib/gcc/arm-none-eabi/13.3.1/../../../../arm-none-eabi/lib/thumb/v7e-m+dp/hard/libc_nano.a(libc_a-exit.o)
                              /opt/st/stm32cubeide_1.19.0/plugins/com.st.stm32cube.ide.mcu.externaltools.gnu-tools-for-stm32.13.3.rel1.linux64_1.0.0.202410170706/tools/bin/../lib/gcc/arm-none-eabi/13.3.1/../../../../arm-none-eabi/lib/thumb/v7e-m+dp/hard/crt0.o (exit)
/opt/st/stm32cubeide_1.19.0/plugins/com.st.stm32cube.ide.mcu.externaltools.gnu-tools-for-stm32.13.3.rel1.linux64_1.0.0.202410170706/tools/bin/../lib/gcc/arm-none-eabi/13.3.1/../../../../arm-none-eabi/lib/thumb/v7e-m+dp/hard/libc_nano.a(libc_a-strtol.o)
                              /opt/st/stm32cubeide_1.19.0/plugins/com.st.stm32cube.ide.mcu.externaltools.gnu-tools-for-stm32.13.3.rel1.linux64_1.0.0.202410170706/tools/bin/../lib/gcc/arm-none-eabi/13.3.1/../../../../arm-none-eabi/lib/thumb/v7e-m+dp/hard/libc_nano.a(libc_a-atoi.o) (_strtol_r)
/opt/st/stm32cubeide_1.19.0/plugins/com.st.stm32cube.ide.mcu.externaltools.gnu-tools-for-stm32.13.3.rel1.linux64_1.0.0.202410170706/tools/bin/../lib/gcc/arm-none-eabi/13.3.1/../../../../arm-none-eabi/lib/thumb/v7e-m+dp/hard/libc_nano.a(libc_a-ctype_.o)
                              /opt/st/stm32cubeide_1.19.0/plugins/com.st.stm32cube.ide.mcu.externaltools.gnu-tools-for-stm32.13.3.rel1.linux64_1.0.0.202410170706/tools/bin/../lib/gcc/arm-none-eabi/13.3.1/../../../../arm-none-eabi/lib/thumb/v7e-m+dp/hard/libc_nano.a(libc_a-strtol.o) (_ctype_)
/opt/st/stm32cubeide_1.19.0/plugins/com.st.stm32cube.ide.mcu.externaltools.gnu-tools-for-stm32.13.3.rel1.linux64_1.0.0.202410170706/tools/bin/../lib/gcc/arm-none-eabi/13.3.1/../../../../arm-none-eabi/lib/thumb/v7e-m+dp/hard/libc_nano.a(libc_a-findfp.o)
                              /opt/st/stm32cubeide_1.19.0/plugins/com.st.stm32cube.ide.mcu.externaltools.gnu-tools-for-stm32.13.3.rel1.linux64_1.0.0.202410170706/tools/bin/../lib/gcc/arm-none-eabi/13.3.1/../../../../arm-none-eabi/lib/thumb/v7e-m+dp/hard/libc_nano.a(libc_a-exit.o) (__stdio_exit_handler)
/opt/st/stm32cubeide_1.19.0/plugins/com.st.stm32cube.ide.mcu.externaltools.gnu-tools-for-stm32.13.3.rel1.linux64_1.0.0.202410170706/tools/bin/../lib/gcc/arm-none-eabi/13.3.1/../../../../arm-none-eabi/lib/thumb/v7e-m+dp/hard/libc_nano.a(libc_a-fwalk.o)
                              /opt/st/stm32cubeide_1.19.0/plugins/com.st.stm32cube.ide.mcu.externaltools.gnu-tools-for-stm32.13.3.rel1.linux64_1.0.0.202410170706/tools/bin/../lib/gcc/arm-none-eabi/13.3.1/../../../../arm-none-eabi/lib/thumb/v7e-m+dp/hard/libc_nano.a(libc_a-findfp.o) (_fwalk_sglue)
/opt/st/stm32cubeide_1.19.0/plugins/com.st.stm32cube.ide.mcu.externaltools.gnu-tools-for-stm32.13.3.rel1.linux64_1.0.0.202410170706/tools/bin/../lib/gcc/arm-none-eabi/13.3.1/../../../../arm-none-eabi/lib/thumb/v7e-m+dp/hard/libc_nano.a(libc_a-snprintf.o)
                              ./Core/Src/UserInterface.o (snprintf)
/opt/st/stm32cubeide_1.19.0/plugins/com.st.stm32cube.ide.mcu.externaltools.gnu-tools-for-stm32.13.3.rel1.linux64_1.0.0.202410170706/tools/bin/../lib/gcc/arm-none-eabi/13.3.1/../../../../arm-none-eabi/lib/thumb/v7e-m+dp/hard/libc_nano.a(libc_a-sprintf.o)
                              ./Core/Src/UserInterface.o (sprintf)
/opt/st/stm32cubeide_1.19.0/plugins/com.st.stm32cube.ide.mcu.externaltools.gnu-tools-for-stm32.13.3.rel1.linux64_1.0.0.202410170706/tools/bin/../lib/gcc/arm-none-eabi/13.3.1/../../../../arm-none-eabi/lib/thumb/v7e-m+dp/hard/libc_nano.a(libc_a-stdio.o)
                              /opt/st/stm32cubeide_1.19.0/plugins/com.st.stm32cube.ide.mcu.externaltools.gnu-tools-for-stm32.13.3.rel1.linux64_1.0.0.202410170706/tools/bin/../lib/gcc/arm-none-eabi/13.3.1/../../../../arm-none-eabi/lib/thumb/v7e-m+dp/hard/libc_nano.a(libc_a-findfp.o) (__sread)
/opt/st/stm32cubeide_1.19.0/plugins/com.st.stm32cube.ide.mcu.externaltools.gnu-tools-for-stm32.13.3.rel1.linux64_1.0.0.202410170706/tools/bin/../lib/gcc/arm-none-eabi/13.3.1/../../../../arm-none-eabi/lib/thumb/v7e-m+dp/hard/libc_nano.a(libc_a-memset.o)
                              /opt/st/stm32cubeide_1.19.0/plugins/com.st.stm32cube.ide.mcu.externaltools.gnu-tools-for-stm32.13.3.rel1.linux64_1.0.0.202410170706/tools/bin/../lib/gcc/arm-none-eabi/13.3.1/../../../../arm-none-eabi/lib/thumb/v7e-m+dp/hard/crt0.o (memset)
[...]
Memory Configuration

Name             Origin             Length             Attributes
ITCMRAM          0x00000000         0x00010000         xrw
DTCMRAM          0x20000000         0x00020000         xrw
FLASH            0x08000000         0x00100000         xr
RAM_D1           0x24000000         0x00050000         xrw
RAM_D2           0x30000000         0x00008000         xrw
RAM_D3           0x38000000         0x00004000         xrw
*default*        0x00000000         0xffffffff

Linker script and memory map

LOAD /opt/st/stm32cubeide_1.19.0/plugins/com.st.stm32cube.ide.mcu.externaltools.gnu-tools-for-stm32.13.3.rel1.linux64_1.0.0.202410170706/tools/bin/../lib/gcc/arm-none-eabi/13.3.1/thumb/v7e-m+dp/hard/crti.o
LOAD /opt/st/stm32cubeide_1.19.0/plugins/com.st.stm32cube.ide.mcu.externaltools.gnu-tools-for-stm32.13.3.rel1.linux64_1.0.0.202410170706/tools/bin/../lib/gcc/arm-none-eabi/13.3.1/thumb/v7e-m+dp/hard/crtbegin.o
LOAD /opt/st/stm32cubeide_1.19.0/plugins/com.st.stm32cube.ide.mcu.externaltools.gnu-tools-for-stm32.13.3.rel1.linux64_1.0.0.202410170706/tools/bin/../lib/gcc/arm-none-eabi/13.3.1/../../../../arm-none-eabi/lib/thumb/v7e-m+dp/hard/crt0.o
LOAD ./Core/Src/ADG729Driver.o
LOAD ./Core/Src/EVSDriver.o
LOAD ./Core/Src/FT231Driver.o
LOAD ./Core/Src/GPIODriver.o
LOAD ./Core/Src/I2CDriver.o
LOAD ./Core/Src/LVSConfig.o
LOAD ./Core/Src/MODBUSInterface.o
LOAD ./Core/Src/PinMapper.o
LOAD ./Core/Src/SPIDriver.o
LOAD ./Core/Src/StatusManager.o
LOAD ./Core/Src/UARTDriver.o
LOAD ./Core/Src/UserInterface.o
LOAD ./Core/Src/main.o
LOAD ./Core/Src/stm32h7xx_it.o
LOAD ./Core/Src/syscalls.o
LOAD ./Core/Src/sysmem.o
LOAD ./Core/Src/system_stm32h7xx.o
LOAD ./Drivers/STM32H7xx_Driver/Src/stm32h7xx_ll_adc.o
LOAD ./Drivers/STM32H7xx_Driver/Src/stm32h7xx_ll_bdma.o
LOAD ./Drivers/STM32H7xx_Driver/Src/stm32h7xx_ll_comp.o
LOAD ./Drivers/STM32H7xx_Driver/Src/stm32h7xx_ll_cordic.o
LOAD ./Drivers/STM32H7xx_Driver/Src/stm32h7xx_ll_crc.o
LOAD ./Drivers/STM32H7xx_Driver/Src/stm32h7xx_ll_crs.o
LOAD ./Drivers/STM32H7xx_Driver/Src/stm32h7xx_ll_dac.o
LOAD ./Drivers/STM32H7xx_Driver/Src/stm32h7xx_ll_delayblock.o
LOAD ./Drivers/STM32H7xx_Driver/Src/stm32h7xx_ll_dma.o
LOAD ./Drivers/STM32H7xx_Driver/Src/stm32h7xx_ll_dma2d.o
LOAD ./Drivers/STM32H7xx_Driver/Src/stm32h7xx_ll_exti.o
LOAD ./Drivers/STM32H7xx_Driver/Src/stm32h7xx_ll_fmac.o
LOAD ./Drivers/STM32H7xx_Driver/Src/stm32h7xx_ll_fmc.o
LOAD ./Drivers/STM32H7xx_Driver/Src/stm32h7xx_ll_gpio.o
LOAD ./Drivers/STM32H7xx_Driver/Src/stm32h7xx_ll_hrtim.o
LOAD ./Drivers/STM32H7xx_Driver/Src/stm32h7xx_ll_i2c.o
LOAD ./Drivers/STM32H7xx_Driver/Src/stm32h7xx_ll_lptim.o
LOAD ./Drivers/STM32H7xx_Driver/Src/stm32h7xx_ll_lpuart.o
LOAD ./Drivers/STM32H7xx_Driver/Src/stm32h7xx_ll_mdma.o
LOAD ./Drivers/STM32H7xx_Driver/Src/stm32h7xx_ll_opamp.o
LOAD ./Drivers/STM32H7xx_Driver/Src/stm32h7xx_ll_pwr.o
LOAD ./Drivers/STM32H7xx_Driver/Src/stm32h7xx_ll_rcc.o
LOAD ./Drivers/STM32H7xx_Driver/Src/stm32h7xx_ll_rng.o
LOAD ./Drivers/STM32H7xx_Driver/Src/stm32h7xx_ll_rtc.o
LOAD ./Drivers/STM32H7xx_Driver/Src/stm32h7xx_ll_sdmmc.o
LOAD ./Drivers/STM32H7xx_Driver/Src/stm32h7xx_ll_spi.o
LOAD ./Drivers/STM32H7xx_Driver/Src/stm32h7xx_ll_swpmi.o
LOAD ./Drivers/STM32H7xx_Driver/Src/stm32h7xx_ll_tim.o
LOAD ./Drivers/STM32H7xx_Driver/Src/stm32h7xx_ll_usart.o
LOAD ./Drivers/STM32H7xx_Driver/Src/stm32h7xx_ll_usb.o
LOAD ./Drivers/STM32H7xx_Driver/Src/stm32h7xx_ll_utils.o
LOAD ./Startup/startup_stm32h735igtx.o
START GROUP
LOAD /opt/st/stm32cubeide_1.19.0/plugins/com.st.stm32cube.ide.mcu.externaltools.gnu-tools-for-stm32.13.3.rel1.linux64_1.0.0.202410170706/tools/bin/../lib/gcc/arm-none-eabi/13.3.1/../../../../arm-none-eabi/lib/thumb/v7e-m+dp/hard/libc_nano.a
LOAD /opt/st/stm32cubeide_1.19.0/plugins/com.st.stm32cube.ide.mcu.externaltools.gnu-tools-for-stm32.13.3.rel1.linux64_1.0.0.202410170706/tools/bin/../lib/gcc/arm-none-eabi/13.3.1/../../../../arm-none-eabi/lib/thumb/v7e-m+dp/hard/libm.a
END GROUP
START GROUP
LOAD /opt/st/stm32cubeide_1.19.0/plugins/com.st.stm32cube.ide.mcu.externaltools.gnu-tools-for-stm32.13.3.rel1.linux64_1.0.0.202410170706/tools/bin/../lib/gcc/arm-none-eabi/13.3.1/thumb/v7e-m+dp/hard/libgcc.a
LOAD /opt/st/stm32cubeide_1.19.0/plugins/com.st.stm32cube.ide.mcu.externaltools.gnu-tools-for-stm32.13.3.rel1.linux64_1.0.0.202410170706/tools/bin/../lib/gcc/arm-none-eabi/13.3.1/../../../../arm-none-eabi/lib/thumb/v7e-m+dp/hard/libc_nano.a
END GROUP
START GROUP
LOAD /opt/st/stm32cubeide_1.19.0/plugins/com.st.stm32cube.ide.mcu.externaltools.gnu-tools-for-stm32.13.3.rel1.linux64_1.0.0.202410170706/tools/bin/../lib/gcc/arm-none-eabi/13.3.1/thumb/v7e-m+dp/hard/libgcc.a
LOAD /opt/st/stm32cubeide_1.19.0/plugins/com.st.stm32cube.ide.mcu.externaltools.gnu-tools-for-stm32.13.3.rel1.linux64_1.0.0.202410170706/tools/bin/../lib/gcc/arm-none-eabi/13.3.1/../../../../arm-none-eabi/lib/thumb/v7e-m+dp/hard/libc_nano.a
LOAD /opt/st/stm32cubeide_1.19.0/plugins/com.st.stm32cube.ide.mcu.externaltools.gnu-tools-for-stm32.13.3.rel1.linux64_1.0.0.202410170706/tools/bin/../lib/gcc/arm-none-eabi/13.3.1/../../../../arm-none-eabi/lib/thumb/v7e-m+dp/hard/libnosys.a
END GROUP
START GROUP
LOAD /opt/st/stm32cubeide_1.19.0/plugins/com.st.stm32cube.ide.mcu.externaltools.gnu-tools-for-stm32.13.3.rel1.linux64_1.0.0.202410170706/tools/bin/../lib/gcc/arm-none-eabi/13.3.1/thumb/v7e-m+dp/hard/libgcc.a
LOAD /opt/st/stm32cubeide_1.19.0/plugins/com.st.stm32cube.ide.mcu.externaltools.gnu-tools-for-stm32.13.3.rel1.linux64_1.0.0.202410170706/tools/bin/../lib/gcc/arm-none-eabi/13.3.1/../../../../arm-none-eabi/lib/thumb/v7e-m+dp/hard/libc_nano.a
LOAD /opt/st/stm32cubeide_1.19.0/plugins/com.st.stm32cube.ide.mcu.externaltools.gnu-tools-for-stm32.13.3.rel1.linux64_1.0.0.202410170706/tools/bin/../lib/gcc/arm-none-eabi/13.3.1/../../../../arm-none-eabi/lib/thumb/v7e-m+dp/hard/libnosys.a
END GROUP
LOAD /opt/st/stm32cubeide_1.19.0/plugins/com.st.stm32cube.ide.mcu.externaltools.gnu-tools-for-stm32.13.3.rel1.linux64_1.0.0.202410170706/tools/bin/../lib/gcc/arm-none-eabi/13.3.1/thumb/v7e-m+dp/hard/crtend.o
LOAD /opt/st/stm32cubeide_1.19.0/plugins/com.st.stm32cube.ide.mcu.externaltools.gnu-tools-for-stm32.13.3.rel1.linux64_1.0.0.202410170706/tools/bin/../lib/gcc/arm-none-eabi/13.3.1/thumb/v7e-m+dp/hard/crtn.o
                0x24050000                        _estack = (ORIGIN (RAM_D1) + LENGTH (RAM_D1))
                0x00000800                        _Min_Heap_Size = 0x800
                0x00000800                        _Min_Stack_Size = 0x800

.isr_vector     0x08000000      0x2cc
                0x08000000                        . = ALIGN (0x4)
 *(.isr_vector)
 .isr_vector    0x08000000      0x2cc ./Startup/startup_stm32h735igtx.o
                0x08000000                g_pfnVectors
                0x080002cc                        . = ALIGN (0x4)

.text           0x080002d0     0x7250
                0x080002d0                        . = ALIGN (0x4)
 *(.text)
 .text          0x080002d0       0x40 /opt/st/stm32cubeide_1.19.0/plugins/com.st.stm32cube.ide.mcu.externaltools.gnu-tools-for-stm32.13.3.rel1.linux64_1.0.0.202410170706/tools/bin/../lib/gcc/arm-none-eabi/13.3.1/thumb/v7e-m+dp/hard/crtbegin.o
 .text          0x08000310       0x14 /opt/st/stm32cubeide_1.19.0/plugins/com.st.stm32cube.ide.mcu.externaltools.gnu-tools-for-stm32.13.3.rel1.linux64_1.0.0.202410170706/tools/bin/../lib/gcc/arm-none-eabi/13.3.1/../../../../arm-none-eabi/lib/thumb/v7e-m+dp/hard/libc_nano.a(libc_a-strcmp.o)
                0x08000310                strcmp
 .text          0x08000324       0x10 /opt/st/stm32cubeide_1.19.0/plugins/com.st.stm32cube.ide.mcu.externaltools.gnu-tools-for-stm32.13.3.rel1.linux64_1.0.0.202410170706/tools/bin/../lib/gcc/arm-none-eabi/13.3.1/../../../../arm-none-eabi/lib/thumb/v7e-m+dp/hard/libc_nano.a(libc_a-strlen.o)
                0x08000324                strlen
 *fill*         0x08000334        0xc 
 .text          0x08000340       0xa0 /opt/st/stm32cubeide_1.19.0/plugins/com.st.stm32cube.ide.mcu.externaltools.gnu-tools-for-stm32.13.3.rel1.linux64_1.0.0.202410170706/tools/bin/../lib/gcc/arm-none-eabi/13.3.1/../../../../arm-none-eabi/lib/thumb/v7e-m+dp/hard/libc_nano.a(libc_a-memchr.o)
                0x08000340                memchr
 *(.text*)
 .text.ADG729Init
                0x080003e0       0x26 ./Core/Src/ADG729Driver.o
                0x080003e0                ADG729Init
 .text.ADG729WritePort
                0x08000406       0x76 ./Core/Src/ADG729Driver.o
                0x08000406                ADG729WritePort
 .text.ADG729Check
                0x0800047c       0x42 ./Core/Src/ADG729Driver.o
                0x0800047c                ADG729Check
 *fill*         0x080004be        0x2 
 .text.EVSIndicatorLedControl
                0x080004c0       0xc8 ./Core/Src/EVSDriver.o
                0x080004c0                EVSIndicatorLedControl
 .text.EVSDisAllnCS
                0x08000588       0x52 ./Core/Src/EVSDriver.o
                0x08000588                EVSDisAllnCS
 .text.EVSEnAllnCS
                0x080005da       0x52 ./Core/Src/EVSDriver.o
                0x080005da                EVSEnAllnCS
 .text.EVSBlockProgram
                0x0800062c      0x134 ./Core/Src/EVSDriver.o
                0x0800062c                EVSBlockProgram
 .text.EVSSetSinglePinInBuffer
                0x08000760      0x164 ./Core/Src/EVSDriver.o
                0x08000760                EVSSetSinglePinInBuffer
 .text.EVSGetSinglePinFromBuffer
                0x080008c4       0xc0 ./Core/Src/EVSDriver.o
                0x080008c4                EVSGetSinglePinFromBuffer
 .text.EVSInit  0x08000984      0x12e ./Core/Src/EVSDriver.o
                0x08000984                EVSInit
 *fill*         0x08000ab2        0x2 
 .text.EVSReset
                0x08000ab4      0x138 ./Core/Src/EVSDriver.o
                0x08000ab4                EVSReset
 .text.EVSCheck
                0x08000bec      0x208 ./Core/Src/EVSDriver.o
                0x08000bec                EVSCheck
 .text.EVSSetSinglePin
                0x08000df4      0x168 ./Core/Src/EVSDriver.o
                0x08000df4                EVSSetSinglePin
 .text.EVSGetSinglePin
                0x08000f5c       0x42 ./Core/Src/EVSDriver.o
                0x08000f5c                EVSGetSinglePin
 *fill*         0x08000f9e        0x2 
 .text.EVSSetAllPins
                0x08000fa0      0x158 ./Core/Src/EVSDriver.o
                0x08000fa0                EVSSetAllPins
 .text.EVSGetAllPins
                0x080010f8       0x46 ./Core/Src/EVSDriver.o
                0x080010f8                EVSGetAllPins
 *fill*         0x0800113e        0x2 
 .text.EVSSetAllPinsSameSource
                0x08001140      0x15c ./Core/Src/EVSDriver.o
                0x08001140                EVSSetAllPinsSameSource
 .text.EVSReportSourceConnection
                0x0800129c       0x56 ./Core/Src/EVSDriver.o
                0x0800129c                EVSReportSourceConnection
 *fill*         0x080012f2        0x2 
 .text.FT231MessageWrapUp
                0x080012f4      0x100 ./Core/Src/FT231Driver.o
                0x080012f4                FT231MessageWrapUp
 .text.FT231Reception
                0x080013f4      0x24c ./Core/Src/FT231Driver.o
                0x080013f4                FT231Reception
 .text.FT231Init
                0x08001640       0xcc ./Core/Src/FT231Driver.o
                0x08001640                FT231Init
 .text.FT231Reset
                0x0800170c       0x40 ./Core/Src/FT231Driver.o
                0x0800170c                FT231Reset
 .text.FT231Answer
                0x0800174c       0x7c ./Core/Src/FT231Driver.o
                0x0800174c                FT231Answer
 .text.FT231AnswerWOS
                0x080017c8       0x70 ./Core/Src/FT231Driver.o
                0x080017c8                FT231AnswerWOS
 .text.FT231ReadDMABuffer
                0x08001838       0x6c ./Core/Src/FT231Driver.o
                0x08001838                FT231ReadDMABuffer
 .text.LL_AHB4_GRP1_EnableClock
                0x080018a4       0x38 ./Core/Src/GPIODriver.o
 .text.LL_GPIO_SetOutputPin
                0x080018dc       0x1c ./Core/Src/GPIODriver.o
 .text.LL_GPIO_ResetOutputPin
                0x080018f8       0x1e ./Core/Src/GPIODriver.o
 .text.GPIOInit
                0x08001916       0x48 ./Core/Src/GPIODriver.o
                0x08001916                GPIOInit
 .text.GPIOReset
                0x0800195e       0x22 ./Core/Src/GPIODriver.o
                0x0800195e                GPIOReset
 .text.GPIOSet  0x08001980       0x22 ./Core/Src/GPIODriver.o
                0x08001980                GPIOSet
 *fill*         0x080019a2        0x2 
 .text.LL_AHB4_GRP1_EnableClock
                0x080019a4       0x38 ./Core/Src/I2CDriver.o
 .text.LL_APB3_GRP1_EnableClock
                0x080019dc       0x38 ./Core/Src/I2CDriver.o
 .text.LL_APB1_GRP1_EnableClock
                0x08001a14       0x38 ./Core/Src/I2CDriver.o
 .text.LL_APB2_GRP1_EnableClock
                0x08001a4c       0x38 ./Core/Src/I2CDriver.o
 .text.LL_APB4_GRP1_EnableClock
                0x08001a84       0x38 ./Core/Src/I2CDriver.o
 .text.LL_I2C_Enable
                0x08001abc       0x20 ./Core/Src/I2CDriver.o
 .text.LL_I2C_IsActiveFlag_TXIS
                0x08001adc       0x26 ./Core/Src/I2CDriver.o
 .text.LL_I2C_IsActiveFlag_RXNE
                0x08001b02       0x26 ./Core/Src/I2CDriver.o
 .text.LL_I2C_IsActiveFlag_STOP
                0x08001b28       0x26 ./Core/Src/I2CDriver.o
 .text.LL_I2C_ClearFlag_STOP
                0x08001b4e       0x20 ./Core/Src/I2CDriver.o
 *fill*         0x08001b6e        0x2 
 .text.LL_I2C_HandleTransfer
                0x08001b70       0x60 ./Core/Src/I2CDriver.o
 .text.LL_I2C_ReceiveData8
                0x08001bd0       0x1a ./Core/Src/I2CDriver.o
 .text.LL_I2C_TransmitData8
                0x08001bea       0x1e ./Core/Src/I2CDriver.o
 .text.LL_RCC_SetClockSource
                0x08001c08       0x54 ./Core/Src/I2CDriver.o
 .text.LL_RCC_SetSPIClockSource
                0x08001c5c       0x16 ./Core/Src/I2CDriver.o
 *fill*         0x08001c72        0x2 
 .text.I2CInit  0x08001c74      0x124 ./Core/Src/I2CDriver.o
                0x08001c74                I2CInit
 .text.I2CWriteData
                0x08001d98       0x90 ./Core/Src/I2CDriver.o
                0x08001d98                I2CWriteData
 .text.I2CReadData
                0x08001e28       0x90 ./Core/Src/I2CDriver.o
                0x08001e28                I2CReadData
 .text.MBBYTE2HEX
                0x08001eb8       0x64 ./Core/Src/MODBUSInterface.o
 .text.HEX2MBBYTE
                0x08001f1c       0x58 ./Core/Src/MODBUSInterface.o
 .text.UINT8to16
                0x08001f74       0x30 ./Core/Src/MODBUSInterface.o
 .text.MBBYTEisHEX
                0x08001fa4       0x36 ./Core/Src/MODBUSInterface.o
 *fill*         0x08001fda        0x2 
 .text.MODBUSInterfacePacketLRCCalc
                0x08001fdc       0x84 ./Core/Src/MODBUSInterface.o
                0x08001fdc                MODBUSInterfacePacketLRCCalc
 .text.MODBUSAnswerGen
                0x08002060       0xbc ./Core/Src/MODBUSInterface.o
                0x08002060                MODBUSAnswerGen
 .text.MODBUSInterfacePacketAddrCheck
                0x0800211c       0x58 ./Core/Src/MODBUSInterface.o
                0x0800211c                MODBUSInterfacePacketAddrCheck
 .text.MODBUSInterfacePacketLRCCheck
                0x08002174       0x3c ./Core/Src/MODBUSInterface.o
                0x08002174                MODBUSInterfacePacketLRCCheck
 .text.MODBUSInterfacePacketSizeCheck
                0x080021b0       0x3c ./Core/Src/MODBUSInterface.o
                0x080021b0                MODBUSInterfacePacketSizeCheck
 .text.MODBUSInterfacePacketHexCheck
                0x080021ec       0x48 ./Core/Src/MODBUSInterface.o
                0x080021ec                MODBUSInterfacePacketHexCheck
 .text.MODBUSInterfacePacketParser
                0x08002234       0xd4 ./Core/Src/MODBUSInterface.o
                0x08002234                MODBUSInterfacePacketParser
 .text.MODBUSInterfaceReport
                0x08002308       0x2c ./Core/Src/MODBUSInterface.o
                0x08002308                MODBUSInterfaceReport
 .text.MODBUSInterfaceErrorReport
                0x08002334       0x68 ./Core/Src/MODBUSInterface.o
                0x08002334                MODBUSInterfaceErrorReport
 .text.MBVoltageSwitcher
                0x0800239c      0x364 ./Core/Src/MODBUSInterface.o
                0x0800239c                MBVoltageSwitcher
 .text.MODBUSInterCommandDispatcher
                0x08002700      0x14c ./Core/Src/MODBUSInterface.o
                0x08002700                MODBUSInterCommandDispatcher
 .text.MODBUSInterfaceHandler
                0x0800284c       0xdc ./Core/Src/MODBUSInterface.o
                0x0800284c                MODBUSInterfaceHandler
 .text.PinColMAP
                0x08002928       0x34 ./Core/Src/PinMapper.o
                0x08002928                PinColMAP
 .text.PinRowMAP
                0x0800295c       0x40 ./Core/Src/PinMapper.o
                0x0800295c                PinRowMAP
 .text.PinBankMAP
                0x0800299c       0x38 ./Core/Src/PinMapper.o
                0x0800299c                PinBankMAP
 .text.PinBlockMAP
                0x080029d4       0x2c ./Core/Src/PinMapper.o
                0x080029d4                PinBlockMAP
 .text.PinPositionMAP
                0x08002a00       0x78 ./Core/Src/PinMapper.o
                0x08002a00                PinPositionMAP
 .text.LL_AHB4_GRP1_EnableClock
                0x08002a78       0x38 ./Core/Src/SPIDriver.o
 .text.LL_APB3_GRP1_EnableClock
                0x08002ab0       0x38 ./Core/Src/SPIDriver.o
 .text.LL_APB1_GRP1_EnableClock
                0x08002ae8       0x38 ./Core/Src/SPIDriver.o
 .text.LL_APB2_GRP1_EnableClock
                0x08002b20       0x38 ./Core/Src/SPIDriver.o
 .text.LL_APB4_GRP1_EnableClock
                0x08002b58       0x38 ./Core/Src/SPIDriver.o
 .text.LL_SPI_Enable
                0x08002b90       0x20 ./Core/Src/SPIDriver.o
 .text.LL_SPI_DisableGPIOControl
                0x08002bb0       0x20 ./Core/Src/SPIDriver.o
 .text.LL_SPI_StartMasterTransfer
                0x08002bd0       0x20 ./Core/Src/SPIDriver.o
 .text.LL_SPI_DisableMasterRxAutoSuspend
                0x08002bf0       0x20 ./Core/Src/SPIDriver.o
 .text.LL_SPI_SetStandard
                0x08002c10       0x26 ./Core/Src/SPIDriver.o
 .text.LL_SPI_SetFIFOThreshold
                0x08002c36       0x26 ./Core/Src/SPIDriver.o
 .text.LL_SPI_DisableNSSPulseMgt
                0x08002c5c       0x20 ./Core/Src/SPIDriver.o
 .text.LL_SPI_IsActiveFlag_RXP
                0x08002c7c       0x26 ./Core/Src/SPIDriver.o
 .text.LL_SPI_IsActiveFlag_TXP
                0x08002ca2       0x26 ./Core/Src/SPIDriver.o
 .text.LL_SPI_ReceiveData8
                0x08002cc8       0x1c ./Core/Src/SPIDriver.o
 .text.LL_SPI_ReceiveData16
                0x08002ce4       0x20 ./Core/Src/SPIDriver.o
 .text.LL_SPI_ReceiveData32
                0x08002d04       0x18 ./Core/Src/SPIDriver.o
 .text.LL_SPI_TransmitData8
                0x08002d1c       0x20 ./Core/Src/SPIDriver.o
 .text.LL_SPI_TransmitData16
                0x08002d3c       0x24 ./Core/Src/SPIDriver.o
 .text.LL_SPI_TransmitData32
                0x08002d60       0x1c ./Core/Src/SPIDriver.o
 .text.LL_RCC_SetClockSource
                0x08002d7c       0x54 ./Core/Src/SPIDriver.o
 .text.LL_RCC_SetSPIClockSource
                0x08002dd0       0x16 ./Core/Src/SPIDriver.o
 *fill*         0x08002de6        0x2 
 .text.SPIInit  0x08002de8      0x198 ./Core/Src/SPIDriver.o
                0x08002de8                SPIInit
 .text.SPIDataTransceive
                0x08002f80      0x194 ./Core/Src/SPIDriver.o
                0x08002f80                SPIDataTransceive
 .text.StatusManager_Init
                0x08003114       0x3c ./Core/Src/StatusManager.o
                0x08003114                StatusManager_Init
 .text.StatusManager_Reset
                0x08003150       0x3c ./Core/Src/StatusManager.o
                0x08003150                StatusManager_Reset
 .text.StatusManager_VSB0_Led
                0x0800318c       0x44 ./Core/Src/StatusManager.o
                0x0800318c                StatusManager_VSB0_Led
 .text.StatusManager_VSB1_Led
                0x080031d0       0x44 ./Core/Src/StatusManager.o
                0x080031d0                StatusManager_VSB1_Led
 .text.LL_AHB1_GRP1_EnableClock
                0x08003214       0x38 ./Core/Src/UARTDriver.o
 .text.LL_AHB4_GRP1_EnableClock
                0x0800324c       0x38 ./Core/Src/UARTDriver.o
 .text.LL_APB3_GRP1_EnableClock
                0x08003284       0x38 ./Core/Src/UARTDriver.o
 .text.LL_APB1_GRP1_EnableClock
                0x080032bc       0x38 ./Core/Src/UARTDriver.o
 .text.LL_APB2_GRP1_EnableClock
                0x080032f4       0x38 ./Core/Src/UARTDriver.o
 .text.LL_APB4_GRP1_EnableClock
                0x0800332c       0x38 ./Core/Src/UARTDriver.o
 .text.LL_DMA_EnableStream
                0x08003364       0x44 ./Core/Src/UARTDriver.o
 .text.LL_DMA_IsEnabledStream
                0x080033a8       0x3c ./Core/Src/UARTDriver.o
 .text.LL_DMA_SetDataLength
                0x080033e4       0x50 ./Core/Src/UARTDriver.o
 .text.LL_DMA_GetDataLength
                0x08003434       0x30 ./Core/Src/UARTDriver.o
 .text.LL_DMA_SetMemoryAddress
                0x08003464       0x34 ./Core/Src/UARTDriver.o
 .text.LL_DMA_ClearFlag_TC0
                0x08003498       0x1a ./Core/Src/UARTDriver.o
 .text.LL_USART_Enable
                0x080034b2       0x20 ./Core/Src/UARTDriver.o
 .text.LL_USART_DisableFIFO
                0x080034d2       0x20 ./Core/Src/UARTDriver.o
 .text.LL_USART_ConfigAsyncMode
                0x080034f2       0x2c ./Core/Src/UARTDriver.o
 .text.LL_USART_IsActiveFlag_TC
                0x0800351e       0x26 ./Core/Src/UARTDriver.o
 .text.LL_USART_IsActiveFlag_TXE_TXFNF
                0x08003544       0x26 ./Core/Src/UARTDriver.o
 .text.LL_USART_ClearFlag_TC
                0x0800356a       0x1a ./Core/Src/UARTDriver.o
 .text.LL_USART_EnableDMAReq_RX
                0x08003584       0x46 ./Core/Src/UARTDriver.o
 .text.LL_USART_EnableDMAReq_TX
                0x080035ca       0x46 ./Core/Src/UARTDriver.o
 .text.LL_USART_DMA_GetRegAddr
                0x08003610       0x2c ./Core/Src/UARTDriver.o
 .text.LL_USART_TransmitData8
                0x0800363c       0x1e ./Core/Src/UARTDriver.o
 *fill*         0x0800365a        0x2 
 .text.LL_RCC_SetClockSource
                0x0800365c       0x54 ./Core/Src/UARTDriver.o
 .text.LL_RCC_SetUSARTClockSource
                0x080036b0       0x16 ./Core/Src/UARTDriver.o
 *fill*         0x080036c6        0x2 
 .text.UARTInit
                0x080036c8      0x13c ./Core/Src/UARTDriver.o
                0x080036c8                UARTInit
 .text.UARTDMARxInit
                0x08003804       0xa8 ./Core/Src/UARTDriver.o
                0x08003804                UARTDMARxInit
 .text.UARTDMATxInit
                0x080038ac       0x90 ./Core/Src/UARTDriver.o
                0x080038ac                UARTDMATxInit
 .text.UARTTransmitByte
                0x0800393c       0x48 ./Core/Src/UARTDriver.o
                0x0800393c                UARTTransmitByte
 .text.UARTTransmitString
                0x08003984       0x5e ./Core/Src/UARTDriver.o
                0x08003984                UARTTransmitString
 *fill*         0x080039e2        0x2 
 .text.UARTDMARxPOP
                0x080039e4       0x80 ./Core/Src/UARTDriver.o
                0x080039e4                UARTDMARxPOP
 .text.UARTDMATxAvail
                0x08003a64       0x36 ./Core/Src/UARTDriver.o
                0x08003a64                UARTDMATxAvail
 .text.UARTDMATxPush
                0x08003a9a       0x9a ./Core/Src/UARTDriver.o
                0x08003a9a                UARTDMATxPush
 .text.UserInterfaceBIST
                0x08003b34       0xe4 ./Core/Src/UserInterface.o
                0x08003b34                UserInterfaceBIST
 .text.ResetUserInterface
                0x08003c18       0x24 ./Core/Src/UserInterface.o
                0x08003c18                ResetUserInterface
 .text.VoltageSwitcherInterface
                0x08003c3c      0x45c ./Core/Src/UserInterface.o
                0x08003c3c                VoltageSwitcherInterface
 .text.UserInterfaceCommandDispatcher
                0x08004098      0x1ec ./Core/Src/UserInterface.o
                0x08004098                UserInterfaceCommandDispatcher
 .text.UserInterfaceHandler
                0x08004284       0x38 ./Core/Src/UserInterface.o
                0x08004284                UserInterfaceHandler
 .text.__NVIC_SetPriorityGrouping
                0x080042bc       0x48 ./Core/Src/main.o
 .text.__NVIC_GetPriorityGrouping
                0x08004304       0x1c ./Core/Src/main.o
 .text.__NVIC_SetPriority
                0x08004320       0x54 ./Core/Src/main.o
 .text.NVIC_EncodePriority
                0x08004374       0x66 ./Core/Src/main.o
 *fill*         0x080043da        0x2 
 .text.LL_RCC_HSE_Enable
                0x080043dc       0x20 ./Core/Src/main.o
 .text.LL_RCC_HSE_IsReady
                0x080043fc       0x28 ./Core/Src/main.o
 .text.LL_RCC_SetSysClkSource
                0x08004424       0x28 ./Core/Src/main.o
 .text.LL_RCC_GetSysClkSource
                0x0800444c       0x1c ./Core/Src/main.o
 .text.LL_RCC_SetSysPrescaler
                0x08004468       0x28 ./Core/Src/main.o
 .text.LL_RCC_SetAHBPrescaler
                0x08004490       0x28 ./Core/Src/main.o
 .text.LL_RCC_SetAPB1Prescaler
                0x080044b8       0x28 ./Core/Src/main.o
 .text.LL_RCC_SetAPB2Prescaler
                0x080044e0       0x28 ./Core/Src/main.o
 .text.LL_RCC_SetAPB3Prescaler
                0x08004508       0x28 ./Core/Src/main.o
 .text.LL_RCC_SetAPB4Prescaler
                0x08004530       0x28 ./Core/Src/main.o
 .text.LL_RCC_PLL_SetSource
                0x08004558       0x28 ./Core/Src/main.o
 .text.LL_RCC_PLL1_Enable
                0x08004580       0x20 ./Core/Src/main.o
 .text.LL_RCC_PLL1_Disable
                0x080045a0       0x20 ./Core/Src/main.o
 .text.LL_RCC_PLL1_IsReady
                0x080045c0       0x28 ./Core/Src/main.o
 .text.LL_RCC_PLL1P_Enable
                0x080045e8       0x20 ./Core/Src/main.o
 .text.LL_RCC_PLL1P_IsEnabled
                0x08004608       0x28 ./Core/Src/main.o
 .text.LL_RCC_PLL1_SetVCOOutputRange
                0x08004630       0x2c ./Core/Src/main.o
 .text.LL_RCC_PLL1_SetVCOInputRange
                0x0800465c       0x2c ./Core/Src/main.o
 .text.LL_RCC_PLL1_SetN
                0x08004688       0x30 ./Core/Src/main.o
 .text.LL_RCC_PLL1_SetM
                0x080046b8       0x2c ./Core/Src/main.o
 .text.LL_RCC_PLL1_SetP
                0x080046e4       0x2c ./Core/Src/main.o
 .text.LL_RCC_PLL1_SetQ
                0x08004710       0x2c ./Core/Src/main.o
 .text.LL_RCC_PLL1_SetR
                0x0800473c       0x2c ./Core/Src/main.o
 .text.LL_RCC_PLL3_Enable
                0x08004768       0x20 ./Core/Src/main.o
 .text.LL_RCC_PLL3_Disable
                0x08004788       0x20 ./Core/Src/main.o
 .text.LL_RCC_PLL3_IsReady
                0x080047a8       0x28 ./Core/Src/main.o
 .text.LL_RCC_PLL3P_Enable
                0x080047d0       0x20 ./Core/Src/main.o
 .text.LL_RCC_PLL3Q_Enable
                0x080047f0       0x20 ./Core/Src/main.o
 .text.LL_RCC_PLL3R_Enable
                0x08004810       0x20 ./Core/Src/main.o
 .text.LL_RCC_PLL3P_IsEnabled
                0x08004830       0x28 ./Core/Src/main.o
 .text.LL_RCC_PLL3Q_IsEnabled
                0x08004858       0x28 ./Core/Src/main.o
 .text.LL_RCC_PLL3R_IsEnabled
                0x08004880       0x28 ./Core/Src/main.o
 .text.LL_RCC_PLL3_SetVCOOutputRange
                0x080048a8       0x2c ./Core/Src/main.o
 .text.LL_RCC_PLL3_SetVCOInputRange
                0x080048d4       0x2c ./Core/Src/main.o
 .text.LL_RCC_PLL3_SetN
                0x08004900       0x30 ./Core/Src/main.o
 .text.LL_RCC_PLL3_SetM
                0x08004930       0x2c ./Core/Src/main.o
 .text.LL_RCC_PLL3_SetP
                0x0800495c       0x2c ./Core/Src/main.o
 .text.LL_RCC_PLL3_SetQ
                0x08004988       0x2c ./Core/Src/main.o
 .text.LL_RCC_PLL3_SetR
                0x080049b4       0x2c ./Core/Src/main.o
 .text.LL_AHB4_GRP1_EnableClock
                0x080049e0       0x38 ./Core/Src/main.o
 .text.LL_APB4_GRP1_EnableClock
                0x08004a18       0x38 ./Core/Src/main.o
 .text.LL_FLASH_SetLatency
                0x08004a50       0x28 ./Core/Src/main.o
 .text.LL_FLASH_GetLatency
                0x08004a78       0x1c ./Core/Src/main.o
 .text.LL_MPU_Enable
                0x08004a94       0x30 ./Core/Src/main.o
 .text.LL_MPU_Disable
                0x08004ac4       0x20 ./Core/Src/main.o
 .text.LL_MPU_ConfigRegion
                0x08004ae4       0x40 ./Core/Src/main.o
 .text.LL_PWR_ConfigSupply
                0x08004b24       0x28 ./Core/Src/main.o
 .text.LL_PWR_SetRegulVoltageScaling
                0x08004b4c       0x28 ./Core/Src/main.o
 .text.LL_PWR_IsActiveFlag_VOS
                0x08004b74       0x28 ./Core/Src/main.o
 .text.main     0x08004b9c       0x7a ./Core/Src/main.o
                0x08004b9c                main
 .text.MCUInit  0x08004c16       0x60 ./Core/Src/main.o
                0x08004c16                MCUInit
 *fill*         0x08004c76        0x2 
 .text.MCUClockConfig
                0x08004c78       0xd0 ./Core/Src/main.o
                0x08004c78                MCUClockConfig
 .text.MPUConfig
                0x08004d48       0x24 ./Core/Src/main.o
 .text.PeripheralInit
                0x08004d6c        0xe ./Core/Src/main.o
                0x08004d6c                PeripheralInit
 .text.PeripheralClockConfig
                0x08004d7a       0x84 ./Core/Src/main.o
                0x08004d7a                PeripheralClockConfig
 *fill*         0x08004dfe        0x2 
 .text.BoardInit
                0x08004e00       0x44 ./Core/Src/main.o
                0x08004e00                BoardInit
 .text.BoardReset
                0x08004e44       0x54 ./Core/Src/main.o
                0x08004e44                BoardReset
 .text.BoardCheck
                0x08004e98       0x40 ./Core/Src/main.o
                0x08004e98                BoardCheck
 .text.NMI_Handler
                0x08004ed8        0x8 ./Core/Src/stm32h7xx_it.o
                0x08004ed8                NMI_Handler
 .text.HardFault_Handler
                0x08004ee0        0x8 ./Core/Src/stm32h7xx_it.o
                0x08004ee0                HardFault_Handler
 .text.MemManage_Handler
                0x08004ee8        0x8 ./Core/Src/stm32h7xx_it.o
                0x08004ee8                MemManage_Handler
 .text.BusFault_Handler
                0x08004ef0        0x8 ./Core/Src/stm32h7xx_it.o
                0x08004ef0                BusFault_Handler
 .text.UsageFault_Handler
                0x08004ef8        0x8 ./Core/Src/stm32h7xx_it.o
                0x08004ef8                UsageFault_Handler
 .text.SVC_Handler
                0x08004f00        0xe ./Core/Src/stm32h7xx_it.o
                0x08004f00                SVC_Handler
 .text.DebugMon_Handler
                0x08004f0e        0xe ./Core/Src/stm32h7xx_it.o
                0x08004f0e                DebugMon_Handler
 .text.PendSV_Handler
                0x08004f1c        0xe ./Core/Src/stm32h7xx_it.o
                0x08004f1c                PendSV_Handler
 .text.SysTick_Handler
                0x08004f2a        0xe ./Core/Src/stm32h7xx_it.o
                0x08004f2a                SysTick_Handler
 .text._sbrk    0x08004f38       0x6c ./Core/Src/sysmem.o
                0x08004f38                _sbrk
 .text.SystemInit
                0x08004fa4       0xf0 ./Core/Src/system_stm32h7xx.o
                0x08004fa4                SystemInit
 .text.LL_DMA_ConfigTransfer
                0x08005094       0x50 ./Drivers/STM32H7xx_Driver/Src/stm32h7xx_ll_dma.o
 .text.LL_DMA_SetDataLength
                0x080050e4       0x50 ./Drivers/STM32H7xx_Driver/Src/stm32h7xx_ll_dma.o
 .text.LL_DMA_SetPeriphRequest
                0x08005134       0x60 ./Drivers/STM32H7xx_Driver/Src/stm32h7xx_ll_dma.o
 .text.LL_DMA_SetMemoryBurstxfer
                0x08005194       0x4c ./Drivers/STM32H7xx_Driver/Src/stm32h7xx_ll_dma.o
 .text.LL_DMA_SetPeriphBurstxfer
                0x080051e0       0x4c ./Drivers/STM32H7xx_Driver/Src/stm32h7xx_ll_dma.o
 .text.LL_DMA_ConfigFifo
                0x0800522c       0x50 ./Drivers/STM32H7xx_Driver/Src/stm32h7xx_ll_dma.o
 .text.LL_DMA_SetMemoryAddress
                0x0800527c       0x34 ./Drivers/STM32H7xx_Driver/Src/stm32h7xx_ll_dma.o
 .text.LL_DMA_SetPeriphAddress
                0x080052b0       0x34 ./Drivers/STM32H7xx_Driver/Src/stm32h7xx_ll_dma.o
 .text.LL_DMA_Init
                0x080052e4       0xc0 ./Drivers/STM32H7xx_Driver/Src/stm32h7xx_ll_dma.o
                0x080052e4                LL_DMA_Init
 .text.LL_GPIO_SetPinMode
                0x080053a4       0x40 ./Drivers/STM32H7xx_Driver/Src/stm32h7xx_ll_gpio.o
 .text.LL_GPIO_SetPinOutputType
                0x080053e4       0x30 ./Drivers/STM32H7xx_Driver/Src/stm32h7xx_ll_gpio.o
 .text.LL_GPIO_SetPinSpeed
                0x08005414       0x40 ./Drivers/STM32H7xx_Driver/Src/stm32h7xx_ll_gpio.o
 .text.LL_GPIO_SetPinPull
                0x08005454       0x40 ./Drivers/STM32H7xx_Driver/Src/stm32h7xx_ll_gpio.o
 .text.LL_GPIO_SetAFPin_0_7
                0x08005494       0x58 ./Drivers/STM32H7xx_Driver/Src/stm32h7xx_ll_gpio.o
 .text.LL_GPIO_SetAFPin_8_15
                0x080054ec       0x6c ./Drivers/STM32H7xx_Driver/Src/stm32h7xx_ll_gpio.o
 .text.LL_GPIO_Init
                0x08005558       0xdc ./Drivers/STM32H7xx_Driver/Src/stm32h7xx_ll_gpio.o
                0x08005558                LL_GPIO_Init
 .text.LL_I2C_Enable
                0x08005634       0x20 ./Drivers/STM32H7xx_Driver/Src/stm32h7xx_ll_i2c.o
 .text.LL_I2C_Disable
                0x08005654       0x20 ./Drivers/STM32H7xx_Driver/Src/stm32h7xx_ll_i2c.o
 .text.LL_I2C_ConfigFilters
                0x08005674       0x2e ./Drivers/STM32H7xx_Driver/Src/stm32h7xx_ll_i2c.o
 *fill*         0x080056a2        0x2 
 .text.LL_I2C_SetOwnAddress1
                0x080056a4       0x30 ./Drivers/STM32H7xx_Driver/Src/stm32h7xx_ll_i2c.o
 .text.LL_I2C_EnableOwnAddress1
                0x080056d4       0x20 ./Drivers/STM32H7xx_Driver/Src/stm32h7xx_ll_i2c.o
 .text.LL_I2C_DisableOwnAddress1
                0x080056f4       0x20 ./Drivers/STM32H7xx_Driver/Src/stm32h7xx_ll_i2c.o
 .text.LL_I2C_SetTiming
                0x08005714       0x1c ./Drivers/STM32H7xx_Driver/Src/stm32h7xx_ll_i2c.o
 .text.LL_I2C_SetMode
                0x08005730       0x26 ./Drivers/STM32H7xx_Driver/Src/stm32h7xx_ll_i2c.o
 .text.LL_I2C_AcknowledgeNextData
                0x08005756       0x26 ./Drivers/STM32H7xx_Driver/Src/stm32h7xx_ll_i2c.o
 .text.LL_I2C_Init
                0x0800577c       0x78 ./Drivers/STM32H7xx_Driver/Src/stm32h7xx_ll_i2c.o
                0x0800577c                LL_I2C_Init
 .text.LL_RCC_HSE_IsReady
                0x080057f4       0x28 ./Drivers/STM32H7xx_Driver/Src/stm32h7xx_ll_rcc.o
 .text.LL_RCC_HSI_IsReady
                0x0800581c       0x24 ./Drivers/STM32H7xx_Driver/Src/stm32h7xx_ll_rcc.o
 .text.LL_RCC_HSI_GetDivider
                0x08005840       0x1c ./Drivers/STM32H7xx_Driver/Src/stm32h7xx_ll_rcc.o
 .text.LL_RCC_CSI_IsReady
                0x0800585c       0x28 ./Drivers/STM32H7xx_Driver/Src/stm32h7xx_ll_rcc.o
 .text.LL_RCC_LSE_IsReady
                0x08005884       0x24 ./Drivers/STM32H7xx_Driver/Src/stm32h7xx_ll_rcc.o
 .text.LL_RCC_GetSysClkSource
                0x080058a8       0x1c ./Drivers/STM32H7xx_Driver/Src/stm32h7xx_ll_rcc.o
 .text.LL_RCC_GetSysPrescaler
                0x080058c4       0x1c ./Drivers/STM32H7xx_Driver/Src/stm32h7xx_ll_rcc.o
 .text.LL_RCC_GetAHBPrescaler
                0x080058e0       0x1c ./Drivers/STM32H7xx_Driver/Src/stm32h7xx_ll_rcc.o
 .text.LL_RCC_GetAPB1Prescaler
                0x080058fc       0x1c ./Drivers/STM32H7xx_Driver/Src/stm32h7xx_ll_rcc.o
 .text.LL_RCC_GetAPB2Prescaler
                0x08005918       0x1c ./Drivers/STM32H7xx_Driver/Src/stm32h7xx_ll_rcc.o
 .text.LL_RCC_GetClockSource
                0x08005934       0x4c ./Drivers/STM32H7xx_Driver/Src/stm32h7xx_ll_rcc.o
 .text.LL_RCC_GetUSARTClockSource
                0x08005980       0x18 ./Drivers/STM32H7xx_Driver/Src/stm32h7xx_ll_rcc.o
 .text.LL_RCC_PLL_GetSource
                0x08005998       0x1c ./Drivers/STM32H7xx_Driver/Src/stm32h7xx_ll_rcc.o
 .text.LL_RCC_PLL1P_IsEnabled
                0x080059b4       0x28 ./Drivers/STM32H7xx_Driver/Src/stm32h7xx_ll_rcc.o
 .text.LL_RCC_PLL1Q_IsEnabled
                0x080059dc       0x28 ./Drivers/STM32H7xx_Driver/Src/stm32h7xx_ll_rcc.o
 .text.LL_RCC_PLL1R_IsEnabled
                0x08005a04       0x28 ./Drivers/STM32H7xx_Driver/Src/stm32h7xx_ll_rcc.o
 .text.LL_RCC_PLL1FRACN_IsEnabled
                0x08005a2c       0x24 ./Drivers/STM32H7xx_Driver/Src/stm32h7xx_ll_rcc.o
 .text.LL_RCC_PLL1_GetN
                0x08005a50       0x1c ./Drivers/STM32H7xx_Driver/Src/stm32h7xx_ll_rcc.o
 .text.LL_RCC_PLL1_GetM
                0x08005a6c       0x1c ./Drivers/STM32H7xx_Driver/Src/stm32h7xx_ll_rcc.o
 .text.LL_RCC_PLL1_GetP
                0x08005a88       0x20 ./Drivers/STM32H7xx_Driver/Src/stm32h7xx_ll_rcc.o
 .text.LL_RCC_PLL1_GetQ
                0x08005aa8       0x20 ./Drivers/STM32H7xx_Driver/Src/stm32h7xx_ll_rcc.o
 .text.LL_RCC_PLL1_GetR
                0x08005ac8       0x20 ./Drivers/STM32H7xx_Driver/Src/stm32h7xx_ll_rcc.o
 .text.LL_RCC_PLL1_GetFRACN
                0x08005ae8       0x1c ./Drivers/STM32H7xx_Driver/Src/stm32h7xx_ll_rcc.o
 .text.LL_RCC_PLL2_IsReady
                0x08005b04       0x28 ./Drivers/STM32H7xx_Driver/Src/stm32h7xx_ll_rcc.o
 .text.LL_RCC_PLL2P_IsEnabled
                0x08005b2c       0x28 ./Drivers/STM32H7xx_Driver/Src/stm32h7xx_ll_rcc.o
 .text.LL_RCC_PLL2Q_IsEnabled
                0x08005b54       0x28 ./Drivers/STM32H7xx_Driver/Src/stm32h7xx_ll_rcc.o
 .text.LL_RCC_PLL2R_IsEnabled
                0x08005b7c       0x28 ./Drivers/STM32H7xx_Driver/Src/stm32h7xx_ll_rcc.o
 .text.LL_RCC_PLL2FRACN_IsEnabled
                0x08005ba4       0x24 ./Drivers/STM32H7xx_Driver/Src/stm32h7xx_ll_rcc.o
 .text.LL_RCC_PLL2_GetN
                0x08005bc8       0x1c ./Drivers/STM32H7xx_Driver/Src/stm32h7xx_ll_rcc.o
 .text.LL_RCC_PLL2_GetM
                0x08005be4       0x1c ./Drivers/STM32H7xx_Driver/Src/stm32h7xx_ll_rcc.o
 .text.LL_RCC_PLL2_GetP
                0x08005c00       0x20 ./Drivers/STM32H7xx_Driver/Src/stm32h7xx_ll_rcc.o
 .text.LL_RCC_PLL2_GetQ
                0x08005c20       0x20 ./Drivers/STM32H7xx_Driver/Src/stm32h7xx_ll_rcc.o
 .text.LL_RCC_PLL2_GetR
                0x08005c40       0x20 ./Drivers/STM32H7xx_Driver/Src/stm32h7xx_ll_rcc.o
 .text.LL_RCC_PLL2_GetFRACN
                0x08005c60       0x1c ./Drivers/STM32H7xx_Driver/Src/stm32h7xx_ll_rcc.o
 .text.LL_RCC_PLL3_IsReady
                0x08005c7c       0x28 ./Drivers/STM32H7xx_Driver/Src/stm32h7xx_ll_rcc.o
 .text.LL_RCC_PLL3P_IsEnabled
                0x08005ca4       0x28 ./Drivers/STM32H7xx_Driver/Src/stm32h7xx_ll_rcc.o
 .text.LL_RCC_PLL3Q_IsEnabled
                0x08005ccc       0x28 ./Drivers/STM32H7xx_Driver/Src/stm32h7xx_ll_rcc.o
 .text.LL_RCC_PLL3R_IsEnabled
                0x08005cf4       0x28 ./Drivers/STM32H7xx_Driver/Src/stm32h7xx_ll_rcc.o
 .text.LL_RCC_PLL3FRACN_IsEnabled
                0x08005d1c       0x28 ./Drivers/STM32H7xx_Driver/Src/stm32h7xx_ll_rcc.o
 .text.LL_RCC_PLL3_GetN
                0x08005d44       0x1c ./Drivers/STM32H7xx_Driver/Src/stm32h7xx_ll_rcc.o
 .text.LL_RCC_PLL3_GetM
                0x08005d60       0x1c ./Drivers/STM32H7xx_Driver/Src/stm32h7xx_ll_rcc.o
 .text.LL_RCC_PLL3_GetP
                0x08005d7c       0x20 ./Drivers/STM32H7xx_Driver/Src/stm32h7xx_ll_rcc.o
 .text.LL_RCC_PLL3_GetQ
                0x08005d9c       0x20 ./Drivers/STM32H7xx_Driver/Src/stm32h7xx_ll_rcc.o
 .text.LL_RCC_PLL3_GetR
                0x08005dbc       0x20 ./Drivers/STM32H7xx_Driver/Src/stm32h7xx_ll_rcc.o
 .text.LL_RCC_PLL3_GetFRACN
                0x08005ddc       0x1c ./Drivers/STM32H7xx_Driver/Src/stm32h7xx_ll_rcc.o
 .text.LL_RCC_GetPLL1ClockFreq
                0x08005df8      0x130 ./Drivers/STM32H7xx_Driver/Src/stm32h7xx_ll_rcc.o
                0x08005df8                LL_RCC_GetPLL1ClockFreq
 .text.LL_RCC_GetPLL2ClockFreq
                0x08005f28      0x130 ./Drivers/STM32H7xx_Driver/Src/stm32h7xx_ll_rcc.o
                0x08005f28                LL_RCC_GetPLL2ClockFreq
 .text.LL_RCC_GetPLL3ClockFreq
                0x08006058      0x134 ./Drivers/STM32H7xx_Driver/Src/stm32h7xx_ll_rcc.o
                0x08006058                LL_RCC_GetPLL3ClockFreq
 .text.LL_RCC_CalcPLLClockFreq
                0x0800618c       0x80 ./Drivers/STM32H7xx_Driver/Src/stm32h7xx_ll_rcc.o
                0x0800618c                LL_RCC_CalcPLLClockFreq
 .text.LL_RCC_GetUSARTClockFreq
                0x0800620c      0x1dc ./Drivers/STM32H7xx_Driver/Src/stm32h7xx_ll_rcc.o
                0x0800620c                LL_RCC_GetUSARTClockFreq
 .text.RCC_GetSystemClockFreq
                0x080063e8       0xc4 ./Drivers/STM32H7xx_Driver/Src/stm32h7xx_ll_rcc.o
 .text.RCC_GetHCLKClockFreq
                0x080064ac       0x2c ./Drivers/STM32H7xx_Driver/Src/stm32h7xx_ll_rcc.o
 .text.RCC_GetPCLK1ClockFreq
                0x080064d8       0x30 ./Drivers/STM32H7xx_Driver/Src/stm32h7xx_ll_rcc.o
 .text.RCC_GetPCLK2ClockFreq
                0x08006508       0x30 ./Drivers/STM32H7xx_Driver/Src/stm32h7xx_ll_rcc.o
 .text.LL_SPI_IsEnabled
                0x08006538       0x26 ./Drivers/STM32H7xx_Driver/Src/stm32h7xx_ll_spi.o
 .text.LL_SPI_SetInternalSSLevel
                0x0800655e       0x26 ./Drivers/STM32H7xx_Driver/Src/stm32h7xx_ll_spi.o
 .text.LL_SPI_GetNSSPolarity
                0x08006584       0x1c ./Drivers/STM32H7xx_Driver/Src/stm32h7xx_ll_spi.o
 .text.LL_SPI_SetCRCPolynomial
                0x080065a0       0x1c ./Drivers/STM32H7xx_Driver/Src/stm32h7xx_ll_spi.o
 .text.LL_SPI_Init
                0x080065bc       0xfc ./Drivers/STM32H7xx_Driver/Src/stm32h7xx_ll_spi.o
                0x080065bc                LL_SPI_Init
 .text.LL_USART_IsEnabled
                0x080066b8       0x26 ./Drivers/STM32H7xx_Driver/Src/stm32h7xx_ll_usart.o
 .text.LL_USART_SetPrescaler
                0x080066de       0x28 ./Drivers/STM32H7xx_Driver/Src/stm32h7xx_ll_usart.o
 .text.LL_USART_SetStopBitsLength
                0x08006706       0x26 ./Drivers/STM32H7xx_Driver/Src/stm32h7xx_ll_usart.o
 .text.LL_USART_SetHWFlowCtrl
                0x0800672c       0x26 ./Drivers/STM32H7xx_Driver/Src/stm32h7xx_ll_usart.o
 *fill*         0x08006752        0x2 
 .text.LL_USART_SetBaudRate
                0x08006754       0xa0 ./Drivers/STM32H7xx_Driver/Src/stm32h7xx_ll_usart.o
 .text.LL_USART_Init
                0x080067f4      0x184 ./Drivers/STM32H7xx_Driver/Src/stm32h7xx_ll_usart.o
                0x080067f4                LL_USART_Init
 .text.LL_InitTick
                0x08006978       0x34 ./Drivers/STM32H7xx_Driver/Src/stm32h7xx_ll_utils.o
 .text.LL_Init1msTick
                0x080069ac       0x1a ./Drivers/STM32H7xx_Driver/Src/stm32h7xx_ll_utils.o
                0x080069ac                LL_Init1msTick
 *fill*         0x080069c6        0x2 
 .text.LL_SetSystemCoreClock
                0x080069c8       0x20 ./Drivers/STM32H7xx_Driver/Src/stm32h7xx_ll_utils.o
                0x080069c8                LL_SetSystemCoreClock
 .text.Reset_Handler
                0x080069e8       0x50 ./Startup/startup_stm32h735igtx.o
                0x080069e8                Reset_Handler
 .text.Default_Handler
                0x08006a38        0x2 ./Startup/startup_stm32h735igtx.o
                0x08006a38                RTC_Alarm_IRQHandler
                0x08006a38                HASH_RNG_IRQHandler
                0x08006a38                EXTI2_IRQHandler
                0x08006a38                TIM8_CC_IRQHandler
                0x08006a38                UART8_IRQHandler
                0x08006a38                SPI4_IRQHandler
                0x08006a38                FDCAN3_IT0_IRQHandler
                0x08006a38                TIM1_CC_IRQHandler
                0x08006a38                BDMA_Channel6_IRQHandler
                0x08006a38                DMA2_Stream5_IRQHandler
                0x08006a38                DMA1_Stream5_IRQHandler
                0x08006a38                CORDIC_IRQHandler
                0x08006a38                BDMA_Channel1_IRQHandler
                0x08006a38                TAMP_STAMP_IRQHandler
                0x08006a38                EXTI3_IRQHandler
                0x08006a38                LPTIM4_IRQHandler
                0x08006a38                TIM8_TRG_COM_TIM14_IRQHandler
                0x08006a38                LPTIM2_IRQHandler
                0x08006a38                DFSDM1_FLT1_IRQHandler
                0x08006a38                DMAMUX2_OVR_IRQHandler
                0x08006a38                TIM8_UP_TIM13_IRQHandler
                0x08006a38                I2C3_ER_IRQHandler
                0x08006a38                DFSDM1_FLT2_IRQHandler
                0x08006a38                I2C5_EV_IRQHandler
                0x08006a38                USART10_IRQHandler
                0x08006a38                MDMA_IRQHandler
                0x08006a38                LPTIM3_IRQHandler
                0x08006a38                HSEM1_IRQHandler
                0x08006a38                EXTI0_IRQHandler
                0x08006a38                I2C2_EV_IRQHandler
                0x08006a38                DMA1_Stream2_IRQHandler
                0x08006a38                FPU_IRQHandler
                0x08006a38                OTG_HS_WKUP_IRQHandler
                0x08006a38                FDCAN1_IT1_IRQHandler
                0x08006a38                LTDC_ER_IRQHandler
                0x08006a38                DMA2_Stream2_IRQHandler
                0x08006a38                SPI1_IRQHandler
                0x08006a38                OCTOSPI1_IRQHandler
                0x08006a38                TIM6_DAC_IRQHandler
                0x08006a38                DMA2_Stream3_IRQHandler
                0x08006a38                OCTOSPI2_IRQHandler
                0x08006a38                DFSDM1_FLT3_IRQHandler
                0x08006a38                TIM23_IRQHandler
                0x08006a38                USART6_IRQHandler
                0x08006a38                TIM17_IRQHandler
                0x08006a38                USART3_IRQHandler
                0x08006a38                BDMA_Channel7_IRQHandler
                0x08006a38                CRYP_IRQHandler
                0x08006a38                LPTIM5_IRQHandler
                0x08006a38                UART5_IRQHandler
                0x08006a38                ADC3_IRQHandler
                0x08006a38                DMA2_Stream0_IRQHandler
                0x08006a38                TIM4_IRQHandler
                0x08006a38                BDMA_Channel2_IRQHandler
                0x08006a38                I2C1_EV_IRQHandler
                0x08006a38                DMA1_Stream6_IRQHandler
                0x08006a38                DMAMUX1_OVR_IRQHandler
                0x08006a38                DMA1_Stream1_IRQHandler
                0x08006a38                TIM16_IRQHandler
                0x08006a38                UART4_IRQHandler
                0x08006a38                BDMA_Channel5_IRQHandler
                0x08006a38                TIM3_IRQHandler
                0x08006a38                RCC_IRQHandler
                0x08006a38                UART9_IRQHandler
                0x08006a38                TIM8_BRK_TIM12_IRQHandler
                0x08006a38                TIM1_TRG_COM_IRQHandler
                0x08006a38                Default_Handler
                0x08006a38                ECC_IRQHandler
                0x08006a38                FMAC_IRQHandler
                0x08006a38                CEC_IRQHandler
                0x08006a38                EXTI15_10_IRQHandler
                0x08006a38                BDMA_Channel0_IRQHandler
                0x08006a38                ADC_IRQHandler
                0x08006a38                I2C5_ER_IRQHandler
                0x08006a38                OTFDEC1_IRQHandler
                0x08006a38                DMA1_Stream7_IRQHandler
                0x08006a38                SPI5_IRQHandler
                0x08006a38                TIM7_IRQHandler
                0x08006a38                FDCAN3_IT1_IRQHandler
                0x08006a38                SDMMC1_IRQHandler
                0x08006a38                TIM5_IRQHandler
                0x08006a38                DMA2_Stream7_IRQHandler
                0x08006a38                TIM15_IRQHandler
                0x08006a38                PVD_AVD_IRQHandler
                0x08006a38                I2C3_EV_IRQHandler
                0x08006a38                EXTI9_5_IRQHandler
                0x08006a38                RTC_WKUP_IRQHandler
                0x08006a38                LTDC_IRQHandler
                0x08006a38                ETH_WKUP_IRQHandler
                0x08006a38                SPDIF_RX_IRQHandler
                0x08006a38                SPI2_IRQHandler
                0x08006a38                OTG_HS_EP1_IN_IRQHandler
                0x08006a38                DMA1_Stream0_IRQHandler
                0x08006a38                OTFDEC2_IRQHandler
                0x08006a38                TIM24_IRQHandler
                0x08006a38                CRS_IRQHandler
                0x08006a38                EXTI4_IRQHandler
                0x08006a38                FDCAN2_IT1_IRQHandler
                0x08006a38                ETH_IRQHandler
                0x08006a38                TIM1_UP_IRQHandler
                0x08006a38                BDMA_Channel4_IRQHandler
                0x08006a38                OTG_HS_EP1_OUT_IRQHandler
                0x08006a38                WWDG_IRQHandler
                0x08006a38                SPI6_IRQHandler
                0x08006a38                MDIOS_IRQHandler
                0x08006a38                I2C4_EV_IRQHandler
                0x08006a38                FDCAN2_IT0_IRQHandler
                0x08006a38                LPUART1_IRQHandler
                0x08006a38                FDCAN1_IT0_IRQHandler
                0x08006a38                TIM2_IRQHandler
                0x08006a38                OTG_HS_IRQHandler
                0x08006a38                DMA2D_IRQHandler
                0x08006a38                TIM1_BRK_IRQHandler
                0x08006a38                EXTI1_IRQHandler
                0x08006a38                SDMMC2_IRQHandler
                0x08006a38                BDMA_Channel3_IRQHandler
                0x08006a38                DTS_IRQHandler
                0x08006a38                UART7_IRQHandler
                0x08006a38                MDIOS_WKUP_IRQHandler
                0x08006a38                USART2_IRQHandler
                0x08006a38                DFSDM1_FLT0_IRQHandler
                0x08006a38                SAI4_IRQHandler
                0x08006a38                I2C2_ER_IRQHandler
                0x08006a38                DMA2_Stream1_IRQHandler
                0x08006a38                FLASH_IRQHandler
                0x08006a38                DMA2_Stream4_IRQHandler
                0x08006a38                USART1_IRQHandler
                0x08006a38                SPI3_IRQHandler
                0x08006a38                WAKEUP_PIN_IRQHandler
                0x08006a38                DMA1_Stream4_IRQHandler
                0x08006a38                I2C1_ER_IRQHandler
                0x08006a38                FMC_IRQHandler
                0x08006a38                FDCAN_CAL_IRQHandler
                0x08006a38                SWPMI1_IRQHandler
                0x08006a38                COMP1_IRQHandler
                0x08006a38                LPTIM1_IRQHandler
                0x08006a38                DCMI_PSSI_IRQHandler
                0x08006a38                I2C4_ER_IRQHandler
                0x08006a38                DMA2_Stream6_IRQHandler
                0x08006a38                SAI1_IRQHandler
                0x08006a38                DMA1_Stream3_IRQHandler
 .text.atoi     0x08006a3a        0x8 /opt/st/stm32cubeide_1.19.0/plugins/com.st.stm32cube.ide.mcu.externaltools.gnu-tools-for-stm32.13.3.rel1.linux64_1.0.0.202410170706/tools/bin/../lib/gcc/arm-none-eabi/13.3.1/../../../../arm-none-eabi/lib/thumb/v7e-m+dp/hard/libc_nano.a(libc_a-atoi.o)
                0x08006a3a                atoi
 *fill*         0x08006a42        0x2 
 .text._strtol_l.isra.0
                0x08006a44       0xf4 /opt/st/stm32cubeide_1.19.0/plugins/com.st.stm32cube.ide.mcu.externaltools.gnu-tools-for-stm32.13.3.rel1.linux64_1.0.0.202410170706/tools/bin/../lib/gcc/arm-none-eabi/13.3.1/../../../../arm-none-eabi/lib/thumb/v7e-m+dp/hard/libc_nano.a(libc_a-strtol.o)
 .text.strtol   0x08006b38       0x14 /opt/st/stm32cubeide_1.19.0/plugins/com.st.stm32cube.ide.mcu.externaltools.gnu-tools-for-stm32.13.3.rel1.linux64_1.0.0.202410170706/tools/bin/../lib/gcc/arm-none-eabi/13.3.1/../../../../arm-none-eabi/lib/thumb/v7e-m+dp/hard/libc_nano.a(libc_a-strtol.o)
                0x08006b38                strtol
 .text.snprintf
                0x08006b4c       0x6c /opt/st/stm32cubeide_1.19.0/plugins/com.st.stm32cube.ide.mcu.externaltools.gnu-tools-for-stm32.13.3.rel1.linux64_1.0.0.202410170706/tools/bin/../lib/gcc/arm-none-eabi/13.3.1/../../../../arm-none-eabi/lib/thumb/v7e-m+dp/hard/libc_nano.a(libc_a-snprintf.o)
                0x08006b4c                snprintf
                0x08006b4c                sniprintf
 .text.sprintf  0x08006bb8       0x44 /opt/st/stm32cubeide_1.19.0/plugins/com.st.stm32cube.ide.mcu.externaltools.gnu-tools-for-stm32.13.3.rel1.linux64_1.0.0.202410170706/tools/bin/../lib/gcc/arm-none-eabi/13.3.1/../../../../arm-none-eabi/lib/thumb/v7e-m+dp/hard/libc_nano.a(libc_a-sprintf.o)
                0x08006bb8                sprintf
                0x08006bb8                siprintf
 .text.memset   0x08006bfc       0x10 /opt/st/stm32cubeide_1.19.0/plugins/com.st.stm32cube.ide.mcu.externaltools.gnu-tools-for-stm32.13.3.rel1.linux64_1.0.0.202410170706/tools/bin/../lib/gcc/arm-none-eabi/13.3.1/../../../../arm-none-eabi/lib/thumb/v7e-m+dp/hard/libc_nano.a(libc_a-memset.o)
                0x08006bfc                memset
 .text.__errno  0x08006c0c        0xc /opt/st/stm32cubeide_1.19.0/plugins/com.st.stm32cube.ide.mcu.externaltools.gnu-tools-for-stm32.13.3.rel1.linux64_1.0.0.202410170706/tools/bin/../lib/gcc/arm-none-eabi/13.3.1/../../../../arm-none-eabi/lib/thumb/v7e-m+dp/hard/libc_nano.a(libc_a-errno.o)
                0x08006c0c                __errno
 .text.__libc_init_array
                0x08006c18       0x48 /opt/st/stm32cubeide_1.19.0/plugins/com.st.stm32cube.ide.mcu.externaltools.gnu-tools-for-stm32.13.3.rel1.linux64_1.0.0.202410170706/tools/bin/../lib/gcc/arm-none-eabi/13.3.1/../../../../arm-none-eabi/lib/thumb/v7e-m+dp/hard/libc_nano.a(libc_a-init.o)
                0x08006c18                __libc_init_array
 .text.__retarget_lock_acquire_recursive
                0x08006c60        0x2 /opt/st/stm32cubeide_1.19.0/plugins/com.st.stm32cube.ide.mcu.externaltools.gnu-tools-for-stm32.13.3.rel1.linux64_1.0.0.202410170706/tools/bin/../lib/gcc/arm-none-eabi/13.3.1/../../../../arm-none-eabi/lib/thumb/v7e-m+dp/hard/libc_nano.a(libc_a-lock.o)
                0x08006c60                __retarget_lock_acquire_recursive
 .text.__retarget_lock_release_recursive
                0x08006c62        0x2 /opt/st/stm32cubeide_1.19.0/plugins/com.st.stm32cube.ide.mcu.externaltools.gnu-tools-for-stm32.13.3.rel1.linux64_1.0.0.202410170706/tools/bin/../lib/gcc/arm-none-eabi/13.3.1/../../../../arm-none-eabi/lib/thumb/v7e-m+dp/hard/libc_nano.a(libc_a-lock.o)
                0x08006c62                __retarget_lock_release_recursive
 .text.strcpy   0x08006c64       0x10 /opt/st/stm32cubeide_1.19.0/plugins/com.st.stm32cube.ide.mcu.externaltools.gnu-tools-for-stm32.13.3.rel1.linux64_1.0.0.202410170706/tools/bin/../lib/gcc/arm-none-eabi/13.3.1/../../../../arm-none-eabi/lib/thumb/v7e-m+dp/hard/libc_nano.a(libc_a-strcpy.o)
                0x08006c64                strcpy
 .text._free_r  0x08006c74       0x94 /opt/st/stm32cubeide_1.19.0/plugins/com.st.stm32cube.ide.mcu.externaltools.gnu-tools-for-stm32.13.3.rel1.linux64_1.0.0.202410170706/tools/bin/../lib/gcc/arm-none-eabi/13.3.1/../../../../arm-none-eabi/lib/thumb/v7e-m+dp/hard/libc_nano.a(libc_a-freer.o)
                0x08006c74                _free_r
 .text.sbrk_aligned
                0x08006d08       0x44 /opt/st/stm32cubeide_1.19.0/plugins/com.st.stm32cube.ide.mcu.externaltools.gnu-tools-for-stm32.13.3.rel1.linux64_1.0.0.202410170706/tools/bin/../lib/gcc/arm-none-eabi/13.3.1/../../../../arm-none-eabi/lib/thumb/v7e-m+dp/hard/libc_nano.a(libc_a-mallocr.o)
 .text._malloc_r
                0x08006d4c      0x100 /opt/st/stm32cubeide_1.19.0/plugins/com.st.stm32cube.ide.mcu.externaltools.gnu-tools-for-stm32.13.3.rel1.linux64_1.0.0.202410170706/tools/bin/../lib/gcc/arm-none-eabi/13.3.1/../../../../arm-none-eabi/lib/thumb/v7e-m+dp/hard/libc_nano.a(libc_a-mallocr.o)
                0x08006d4c                _malloc_r
 .text.__malloc_lock
                0x08006e4c        0xc /opt/st/stm32cubeide_1.19.0/plugins/com.st.stm32cube.ide.mcu.externaltools.gnu-tools-for-stm32.13.3.rel1.linux64_1.0.0.202410170706/tools/bin/../lib/gcc/arm-none-eabi/13.3.1/../../../../arm-none-eabi/lib/thumb/v7e-m+dp/hard/libc_nano.a(libc_a-mlock.o)
                0x08006e4c                __malloc_lock
 .text.__malloc_unlock
                0x08006e58        0xc /opt/st/stm32cubeide_1.19.0/plugins/com.st.stm32cube.ide.mcu.externaltools.gnu-tools-for-stm32.13.3.rel1.linux64_1.0.0.202410170706/tools/bin/../lib/gcc/arm-none-eabi/13.3.1/../../../../arm-none-eabi/lib/thumb/v7e-m+dp/hard/libc_nano.a(libc_a-mlock.o)
                0x08006e58                __malloc_unlock
 .text.__ssputs_r
                0x08006e64       0xb6 /opt/st/stm32cubeide_1.19.0/plugins/com.st.stm32cube.ide.mcu.externaltools.gnu-tools-for-stm32.13.3.rel1.linux64_1.0.0.202410170706/tools/bin/../lib/gcc/arm-none-eabi/13.3.1/../../../../arm-none-eabi/lib/thumb/v7e-m+dp/hard/libc_nano.a(libc_a-nano-svfprintf.o)
                0x08006e64                __ssputs_r
 *fill*         0x08006f1a        0x2 
 .text._svfprintf_r
                0x08006f1c      0x1f8 /opt/st/stm32cubeide_1.19.0/plugins/com.st.stm32cube.ide.mcu.externaltools.gnu-tools-for-stm32.13.3.rel1.linux64_1.0.0.202410170706/tools/bin/../lib/gcc/arm-none-eabi/13.3.1/../../../../arm-none-eabi/lib/thumb/v7e-m+dp/hard/libc_nano.a(libc_a-nano-svfprintf.o)
                0x08006f1c                _svfprintf_r
                0x08006f1c                _svfiprintf_r
 .text._printf_common
                0x08007114       0xda /opt/st/stm32cubeide_1.19.0/plugins/com.st.stm32cube.ide.mcu.externaltools.gnu-tools-for-stm32.13.3.rel1.linux64_1.0.0.202410170706/tools/bin/../lib/gcc/arm-none-eabi/13.3.1/../../../../arm-none-eabi/lib/thumb/v7e-m+dp/hard/libc_nano.a(libc_a-nano-vfprintf_i.o)
                0x08007114                _printf_common
 *fill*         0x080071ee        0x2 
 .text._printf_i
                0x080071f0      0x23c /opt/st/stm32cubeide_1.19.0/plugins/com.st.stm32cube.ide.mcu.externaltools.gnu-tools-for-stm32.13.3.rel1.linux64_1.0.0.202410170706/tools/bin/../lib/gcc/arm-none-eabi/13.3.1/../../../../arm-none-eabi/lib/thumb/v7e-m+dp/hard/libc_nano.a(libc_a-nano-vfprintf_i.o)
                0x080071f0                _printf_i
 .text.memmove  0x0800742c       0x34 /opt/st/stm32cubeide_1.19.0/plugins/com.st.stm32cube.ide.mcu.externaltools.gnu-tools-for-stm32.13.3.rel1.linux64_1.0.0.202410170706/tools/bin/../lib/gcc/arm-none-eabi/13.3.1/../../../../arm-none-eabi/lib/thumb/v7e-m+dp/hard/libc_nano.a(libc_a-memmove.o)
                0x0800742c                memmove
 .text._sbrk_r  0x08007460       0x20 /opt/st/stm32cubeide_1.19.0/plugins/com.st.stm32cube.ide.mcu.externaltools.gnu-tools-for-stm32.13.3.rel1.linux64_1.0.0.202410170706/tools/bin/../lib/gcc/arm-none-eabi/13.3.1/../../../../arm-none-eabi/lib/thumb/v7e-m+dp/hard/libc_nano.a(libc_a-sbrkr.o)
                0x08007460                _sbrk_r
 .text.memcpy   0x08007480       0x1c /opt/st/stm32cubeide_1.19.0/plugins/com.st.stm32cube.ide.mcu.externaltools.gnu-tools-for-stm32.13.3.rel1.linux64_1.0.0.202410170706/tools/bin/../lib/gcc/arm-none-eabi/13.3.1/../../../../arm-none-eabi/lib/thumb/v7e-m+dp/hard/libc_nano.a(libc_a-memcpy-stub.o)
                0x08007480                memcpy
 .text._realloc_r
                0x0800749c       0x5c /opt/st/stm32cubeide_1.19.0/plugins/com.st.stm32cube.ide.mcu.externaltools.gnu-tools-for-stm32.13.3.rel1.linux64_1.0.0.202410170706/tools/bin/../lib/gcc/arm-none-eabi/13.3.1/../../../../arm-none-eabi/lib/thumb/v7e-m+dp/hard/libc_nano.a(libc_a-reallocr.o)
                0x0800749c                _realloc_r
 .text._malloc_usable_size_r
                0x080074f8       0x10 /opt/st/stm32cubeide_1.19.0/plugins/com.st.stm32cube.ide.mcu.externaltools.gnu-tools-for-stm32.13.3.rel1.linux64_1.0.0.202410170706/tools/bin/../lib/gcc/arm-none-eabi/13.3.1/../../../../arm-none-eabi/lib/thumb/v7e-m+dp/hard/libc_nano.a(libc_a-msizer.o)
                0x080074f8                _malloc_usable_size_r
 *(.glue_7)
 .glue_7        0x08007508        0x0 linker stubs
 *(.glue_7t)
 .glue_7t       0x08007508        0x0 linker stubs
 *(.eh_frame)
 .eh_frame      0x08007508        0x0 /opt/st/stm32cubeide_1.19.0/plugins/com.st.stm32cube.ide.mcu.externaltools.gnu-tools-for-stm32.13.3.rel1.linux64_1.0.0.202410170706/tools/bin/../lib/gcc/arm-none-eabi/13.3.1/thumb/v7e-m+dp/hard/crtbegin.o
 *(.init)
 .init          0x08007508        0x4 /opt/st/stm32cubeide_1.19.0/plugins/com.st.stm32cube.ide.mcu.externaltools.gnu-tools-for-stm32.13.3.rel1.linux64_1.0.0.202410170706/tools/bin/../lib/gcc/arm-none-eabi/13.3.1/thumb/v7e-m+dp/hard/crti.o
                0x08007508                _init
 .init          0x0800750c        0x8 /opt/st/stm32cubeide_1.19.0/plugins/com.st.stm32cube.ide.mcu.externaltools.gnu-tools-for-stm32.13.3.rel1.linux64_1.0.0.202410170706/tools/bin/../lib/gcc/arm-none-eabi/13.3.1/thumb/v7e-m+dp/hard/crtn.o
 *(.fini)
 .fini          0x08007514        0x4 /opt/st/stm32cubeide_1.19.0/plugins/com.st.stm32cube.ide.mcu.externaltools.gnu-tools-for-stm32.13.3.rel1.linux64_1.0.0.202410170706/tools/bin/../lib/gcc/arm-none-eabi/13.3.1/thumb/v7e-m+dp/hard/crti.o
                0x08007514                _fini
 .fini          0x08007518        0x8 /opt/st/stm32cubeide_1.19.0/plugins/com.st.stm32cube.ide.mcu.externaltools.gnu-tools-for-stm32.13.3.rel1.linux64_1.0.0.202410170706/tools/bin/../lib/gcc/arm-none-eabi/13.3.1/thumb/v7e-m+dp/hard/crtn.o
                0x08007520                        . = ALIGN (0x4)
                0x08007520                        _etext = .

.vfp11_veneer   0x08007520        0x0
 .vfp11_veneer  0x08007520        0x0 linker stubs

.v4_bx          0x08007520        0x0
 .v4_bx         0x08007520        0x0 linker stubs

.iplt           0x08007520        0x0
 .iplt          0x08007520        0x0 /opt/st/stm32cubeide_1.19.0/plugins/com.st.stm32cube.ide.mcu.externaltools.gnu-tools-for-stm32.13.3.rel1.linux64_1.0.0.202410170706/tools/bin/../lib/gcc/arm-none-eabi/13.3.1/thumb/v7e-m+dp/hard/crtbegin.o

.rodata         0x08007520      0x9d4
                0x08007520                        . = ALIGN (0x4)
 *(.rodata)
 .rodata        0x08007520        0x1 ./Core/Src/FT231Driver.o
 *fill*         0x08007521        0x3 
 .rodata        0x08007524       0x19 ./Core/Src/MODBUSInterface.o
 *fill*         0x0800753d        0x3 
 .rodata        0x08007540      0x81f ./Core/Src/UserInterface.o
 *(.rodata*)
 *fill*         0x08007d5f        0x1 
 .rodata.LL_DMA_STR_OFFSET_TAB
                0x08007d60        0x8 ./Core/Src/UARTDriver.o
 .rodata.LL_DMA_STR_OFFSET_TAB
                0x08007d68        0x8 ./Drivers/STM32H7xx_Driver/Src/stm32h7xx_ll_dma.o
 .rodata.LL_RCC_PrescTable
                0x08007d70       0x10 ./Drivers/STM32H7xx_Driver/Src/stm32h7xx_ll_rcc.o
                0x08007d70                LL_RCC_PrescTable
 .rodata.USART_PRESCALER_TAB
                0x08007d80       0x40 ./Drivers/STM32H7xx_Driver/Src/stm32h7xx_ll_usart.o
 .rodata._ctype_
                0x08007dc0      0x101 /opt/st/stm32cubeide_1.19.0/plugins/com.st.stm32cube.ide.mcu.externaltools.gnu-tools-for-stm32.13.3.rel1.linux64_1.0.0.202410170706/tools/bin/../lib/gcc/arm-none-eabi/13.3.1/../../../../arm-none-eabi/lib/thumb/v7e-m+dp/hard/libc_nano.a(libc_a-ctype_.o)
                0x08007dc0                _ctype_
 .rodata._svfprintf_r.str1.1
                0x08007ec1       0x33 /opt/st/stm32cubeide_1.19.0/plugins/com.st.stm32cube.ide.mcu.externaltools.gnu-tools-for-stm32.13.3.rel1.linux64_1.0.0.202410170706/tools/bin/../lib/gcc/arm-none-eabi/13.3.1/../../../../arm-none-eabi/lib/thumb/v7e-m+dp/hard/libc_nano.a(libc_a-nano-svfprintf.o)
                                 0x11 (size before relaxing)
 .rodata._printf_i.str1.1
                0x08007ef4       0x22 /opt/st/stm32cubeide_1.19.0/plugins/com.st.stm32cube.ide.mcu.externaltools.gnu-tools-for-stm32.13.3.rel1.linux64_1.0.0.202410170706/tools/bin/../lib/gcc/arm-none-eabi/13.3.1/../../../../arm-none-eabi/lib/thumb/v7e-m+dp/hard/libc_nano.a(libc_a-nano-vfprintf_i.o)
                0x08007f18                        . = ALIGN (0x4)

.ARM.extab
 *(.ARM.extab* .gnu.linkonce.armextab.*)

.ARM            0x08007ef4        0x8
                0x08007ef4                        __exidx_start = .
 *(.ARM.exidx*)
 .ARM.exidx     0x08007ef4        0x8 /opt/st/stm32cubeide_1.19.0/plugins/com.st.stm32cube.ide.mcu.externaltools.gnu-tools-for-stm32.13.3.rel1.linux64_1.0.0.202410170706/tools/bin/../lib/gcc/arm-none-eabi/13.3.1/../../../../arm-none-eabi/lib/thumb/v7e-m+dp/hard/libc_nano.a(libc_a-strcmp.o)
 .ARM.exidx     0x08007efc        0x0 /opt/st/stm32cubeide_1.19.0/plugins/com.st.stm32cube.ide.mcu.externaltools.gnu-tools-for-stm32.13.3.rel1.linux64_1.0.0.202410170706/tools/bin/../lib/gcc/arm-none-eabi/13.3.1/../../../../arm-none-eabi/lib/thumb/v7e-m+dp/hard/libc_nano.a(libc_a-strlen.o)
                                  0x8 (size before relaxing)
 .ARM.exidx     0x08007efc        0x0 /opt/st/stm32cubeide_1.19.0/plugins/com.st.stm32cube.ide.mcu.externaltools.gnu-tools-for-stm32.13.3.rel1.linux64_1.0.0.202410170706/tools/bin/../lib/gcc/arm-none-eabi/13.3.1/../../../../arm-none-eabi/lib/thumb/v7e-m+dp/hard/libc_nano.a(libc_a-memchr.o)
                                  0x8 (size before relaxing)
                0x08007efc                        __exidx_end = .

.preinit_array  0x08007efc        0x0
                0x08007efc                        PROVIDE (__preinit_array_start = .)
 *(.preinit_array*)
                0x08007efc                        PROVIDE (__preinit_array_end = .)

.init_array     0x08007efc        0x4
                0x08007efc                        PROVIDE (__init_array_start = .)
 *(SORT_BY_NAME(.init_array.*))
 *(.init_array*)
 .init_array    0x08007efc        0x4 /opt/st/stm32cubeide_1.19.0/plugins/com.st.stm32cube.ide.mcu.externaltools.gnu-tools-for-stm32.13.3.rel1.linux64_1.0.0.202410170706/tools/bin/../lib/gcc/arm-none-eabi/13.3.1/thumb/v7e-m+dp/hard/crtbegin.o
                0x08007f00                        PROVIDE (__init_array_end = .)

.fini_array     0x08007f00        0x4
                [!provide]                        PROVIDE (__fini_array_start = .)
 *(SORT_BY_NAME(.fini_array.*))
 *(.fini_array*)
 .fini_array    0x08007f00        0x4 /opt/st/stm32cubeide_1.19.0/plugins/com.st.stm32cube.ide.mcu.externaltools.gnu-tools-for-stm32.13.3.rel1.linux64_1.0.0.202410170706/tools/bin/../lib/gcc/arm-none-eabi/13.3.1/thumb/v7e-m+dp/hard/crtbegin.o
                [!provide]                        PROVIDE (__fini_array_end = .)
                0x08007f04                        _sidata = LOADADDR (.data)

.rel.dyn        0x08007f04        0x0
 .rel.iplt      0x08007f04        0x0 /opt/st/stm32cubeide_1.19.0/plugins/com.st.stm32cube.ide.mcu.externaltools.gnu-tools-for-stm32.13.3.rel1.linux64_1.0.0.202410170706/tools/bin/../lib/gcc/arm-none-eabi/13.3.1/thumb/v7e-m+dp/hard/crtbegin.o

.data           0x24000000      0x324 load address 0x08007f04
                0x24000000                        . = ALIGN (0x4)
                0x24000000                        _sdata = .
 *(.data)
 *(.data*)
 .data.LED_Status_VSB0
                0x24000000       0x18 ./Core/Src/LVSConfig.o
                0x24000000                LED_Status_VSB0
 .data.LED_Status_VSB1
                0x24000018       0x18 ./Core/Src/LVSConfig.o
                0x24000018                LED_Status_VSB1
 .data.VSB0_ADG729_I2C
                0x24000030       0x4c ./Core/Src/LVSConfig.o
                0x24000030                VSB0_ADG729_I2C
 .data.VSB0_ADG714_SPI
                0x2400007c       0x5c ./Core/Src/LVSConfig.o
                0x2400007c                VSB0_ADG714_SPI
 .data.VSB0_ADG714_nCS
                0x240000d8       0x18 ./Core/Src/LVSConfig.o
                0x240000d8                VSB0_ADG714_nCS
 .data.VSB0_ADG714_nRST
                0x240000f0       0x18 ./Core/Src/LVSConfig.o
                0x240000f0                VSB0_ADG714_nRST
 .data.VSB1_ADG729_I2C
                0x24000108       0x4c ./Core/Src/LVSConfig.o
                0x24000108                VSB1_ADG729_I2C
 .data.VSB1_ADG714_SPI
                0x24000154       0x5c ./Core/Src/LVSConfig.o
                0x24000154                VSB1_ADG714_SPI
 .data.VSB1_ADG714_nCS
                0x240001b0       0x18 ./Core/Src/LVSConfig.o
                0x240001b0                VSB1_ADG714_nCS
 .data.VSB1_ADG714_nRST
                0x240001c8       0x18 ./Core/Src/LVSConfig.o
                0x240001c8                VSB1_ADG714_nRST
 .data.VS_ADG714
                0x240001e0       0x20 ./Core/Src/LVSConfig.o
                0x240001e0                VS_ADG714
 .data.USB_FT231_UART
                0x24000200       0x4c ./Core/Src/LVSConfig.o
                0x24000200                USB_FT231_UART
 .data.USB_FT231_UARTDMATx
                0x2400024c       0x2c ./Core/Src/LVSConfig.o
                0x2400024c                USB_FT231_UARTDMATx
 .data.USB_FT231_UARTDMARx
                0x24000278       0x2c ./Core/Src/LVSConfig.o
                0x24000278                USB_FT231_UARTDMARx
 .data.USB_FT231_nRST
                0x240002a4       0x18 ./Core/Src/LVSConfig.o
                0x240002a4                USB_FT231_nRST
 .data.USB_FT231
                0x240002bc       0x10 ./Core/Src/LVSConfig.o
                0x240002bc                USB_FT231
 .data.CommandLevel
                0x240002cc        0x1 ./Core/Src/UserInterface.o
 *fill*         0x240002cd        0x3 
 .data.SystemCoreClock
                0x240002d0        0x4 ./Core/Src/system_stm32h7xx.o
                0x240002d0                SystemCoreClock
 .data._impure_ptr
                0x240002d4        0x4 /opt/st/stm32cubeide_1.19.0/plugins/com.st.stm32cube.ide.mcu.externaltools.gnu-tools-for-stm32.13.3.rel1.linux64_1.0.0.202410170706/tools/bin/../lib/gcc/arm-none-eabi/13.3.1/../../../../arm-none-eabi/lib/thumb/v7e-m+dp/hard/libc_nano.a(libc_a-impure.o)
                0x240002d4                _impure_ptr
 .data._impure_data
                0x240002d8       0x4c /opt/st/stm32cubeide_1.19.0/plugins/com.st.stm32cube.ide.mcu.externaltools.gnu-tools-for-stm32.13.3.rel1.linux64_1.0.0.202410170706/tools/bin/../lib/gcc/arm-none-eabi/13.3.1/../../../../arm-none-eabi/lib/thumb/v7e-m+dp/hard/libc_nano.a(libc_a-impure.o)
                0x240002d8                _impure_data
 *(.RamFunc)
 *(.RamFunc*)
                0x24000324                        . = ALIGN (0x4)
                0x24000324                        _edata = .

.igot.plt       0x24000324        0x0 load address 0x08008228
 .igot.plt      0x24000324        0x0 /opt/st/stm32cubeide_1.19.0/plugins/com.st.stm32cube.ide.mcu.externaltools.gnu-tools-for-stm32.13.3.rel1.linux64_1.0.0.202410170706/tools/bin/../lib/gcc/arm-none-eabi/13.3.1/thumb/v7e-m+dp/hard/crtbegin.o
                0x24000324                        . = ALIGN (0x4)

.bss            0x24000324     0xc98c load address 0x08008228
                0x24000324                        _sbss = .
                0x24000324                        __bss_start__ = _sbss
 *(.bss)
 .bss           0x24000324       0x1c /opt/st/stm32cubeide_1.19.0/plugins/com.st.stm32cube.ide.mcu.externaltools.gnu-tools-for-stm32.13.3.rel1.linux64_1.0.0.202410170706/tools/bin/../lib/gcc/arm-none-eabi/13.3.1/thumb/v7e-m+dp/hard/crtbegin.o
 *(.bss*)
 .bss.EVSB0Data
                0x24000340       0x28 ./Core/Src/EVSDriver.o
 .bss.EVSB1Data
                0x24000368       0x28 ./Core/Src/EVSDriver.o
 .bss.Temp      0x24000390        0x4 ./Core/Src/EVSDriver.o
 .bss.Packet    0x24000394        0x4 ./Core/Src/EVSDriver.o
 .bss.Mask      0x24000398        0x4 ./Core/Src/EVSDriver.o
 .bss.CharactersReceived
                0x2400039c        0x4 ./Core/Src/FT231Driver.o
 .bss.CRPendingLF
                0x240003a0        0x1 ./Core/Src/FT231Driver.o
 *fill*         0x240003a1        0x3 
 .bss.RXString  0x240003a4     0x2710 ./Core/Src/FT231Driver.o
 .bss.TXString  0x24002ab4     0x2710 ./Core/Src/FT231Driver.o
 .bss.Message   0x240051c4     0x2710 ./Core/Src/FT231Driver.o
                0x240051c4                Message
 .bss.MessageSize
                0x240078d4        0x4 ./Core/Src/FT231Driver.o
                0x240078d4                MessageSize
 .bss.UserMessage
                0x240078d8        0x1 ./Core/Src/FT231Driver.o
                0x240078d8                UserMessage
 .bss.ModeBusMessage
                0x240078d9        0x1 ./Core/Src/FT231Driver.o
                0x240078d9                ModeBusMessage
 .bss.ColonDetected
                0x240078da        0x1 ./Core/Src/FT231Driver.o
                0x240078da                ColonDetected
 .bss.BISTPass  0x240078db        0x1 ./Core/Src/LVSConfig.o
                0x240078db                BISTPass
 .bss.SourceData
                0x240078dc      0x12c ./Core/Src/MODBUSInterface.o
 .bss.MBAddr    0x24007a08        0x1 ./Core/Src/MODBUSInterface.o
 *fill*         0x24007a09        0x3 
 .bss.MBFun     0x24007a0c        0x2 ./Core/Src/MODBUSInterface.o
 *fill*         0x24007a0e        0x2 
 .bss.MBData    0x24007a10     0x2710 ./Core/Src/MODBUSInterface.o
 .bss.MBDataLength
                0x2400a120        0x4 ./Core/Src/MODBUSInterface.o
 .bss.MBLRC     0x2400a124        0x1 ./Core/Src/MODBUSInterface.o
 *fill*         0x2400a125        0x3 
 .bss.MBBuffer  0x2400a128     0x2710 ./Core/Src/MODBUSInterface.o
 .bss.Temp      0x2400c838        0x2 ./Core/Src/PinMapper.o
 .bss.RX_Tail   0x2400c83a        0x2 ./Core/Src/UARTDriver.o
 .bss.Command   0x2400c83c        0x2 ./Core/Src/UserInterface.o
 .bss.SocketPin
                0x2400c83e        0x2 ./Core/Src/UserInterface.o
 .bss.Source    0x2400c840        0x1 ./Core/Src/UserInterface.o
 *fill*         0x2400c841        0x3 
 .bss.SourceData
                0x2400c844      0x12c ./Core/Src/UserInterface.o
 .bss.UserBuffer
                0x2400c970      0x1f4 ./Core/Src/UserInterface.o
 .bss.__sbrk_heap_end
                0x2400cb64        0x4 ./Core/Src/sysmem.o
 .bss.__sf      0x2400cb68      0x138 /opt/st/stm32cubeide_1.19.0/plugins/com.st.stm32cube.ide.mcu.externaltools.gnu-tools-for-stm32.13.3.rel1.linux64_1.0.0.202410170706/tools/bin/../lib/gcc/arm-none-eabi/13.3.1/../../../../arm-none-eabi/lib/thumb/v7e-m+dp/hard/libc_nano.a(libc_a-findfp.o)
                0x2400cb68                __sf
 .bss.errno     0x2400cca0        0x4 /opt/st/stm32cubeide_1.19.0/plugins/com.st.stm32cube.ide.mcu.externaltools.gnu-tools-for-stm32.13.3.rel1.linux64_1.0.0.202410170706/tools/bin/../lib/gcc/arm-none-eabi/13.3.1/../../../../arm-none-eabi/lib/thumb/v7e-m+dp/hard/libc_nano.a(libc_a-reent.o)
                0x2400cca0                errno
 .bss.__lock___malloc_recursive_mutex
                0x2400cca4        0x1 /opt/st/stm32cubeide_1.19.0/plugins/com.st.stm32cube.ide.mcu.externaltools.gnu-tools-for-stm32.13.3.rel1.linux64_1.0.0.202410170706/tools/bin/../lib/gcc/arm-none-eabi/13.3.1/../../../../arm-none-eabi/lib/thumb/v7e-m+dp/hard/libc_nano.a(libc_a-lock.o)
                0x2400cca4                __lock___malloc_recursive_mutex
 *fill*         0x2400cca5        0x3 
 .bss.__malloc_sbrk_start
                0x2400cca8        0x4 /opt/st/stm32cubeide_1.19.0/plugins/com.st.stm32cube.ide.mcu.externaltools.gnu-tools-for-stm32.13.3.rel1.linux64_1.0.0.202410170706/tools/bin/../lib/gcc/arm-none-eabi/13.3.1/../../../../arm-none-eabi/lib/thumb/v7e-m+dp/hard/libc_nano.a(libc_a-mallocr.o)
                0x2400cca8                __malloc_sbrk_start
 .bss.__malloc_free_list
                0x2400ccac        0x4 /opt/st/stm32cubeide_1.19.0/plugins/com.st.stm32cube.ide.mcu.externaltools.gnu-tools-for-stm32.13.3.rel1.linux64_1.0.0.202410170706/tools/bin/../lib/gcc/arm-none-eabi/13.3.1/../../../../arm-none-eabi/lib/thumb/v7e-m+dp/hard/libc_nano.a(libc_a-mallocr.o)
                0x2400ccac                __malloc_free_list
 *(COMMON)
                0x2400ccb0                        . = ALIGN (0x4)
                0x2400ccb0                        _ebss = .
                0x2400ccb0                        __bss_end__ = _ebss

.RAM_D2         0x30000000     0x8000
                0x30000000                        . = ALIGN (0x20)
 *(.RAM_D2)
 .RAM_D2        0x30000000     0x8000 ./Core/Src/UARTDriver.o
 *(.RAM_D2.*)
                0x30008000                        . = ALIGN (0x20)
                0x00008000                        __RAM_D2_SIZE__ = SIZEOF (.RAM_D2)
                0x00008000                        __RAM_D2_LEN__ = LENGTH (RAM_D2)
                0x00000001                        ASSERT ((SIZEOF (.RAM_D2) <= LENGTH (RAM_D2)), ERROR: .RAM_D2 overflows RAM_D2)

._user_heap_stack
                0x2400ccb0     0x1000
                0x2400ccb0                        . = ALIGN (0x8)
                [!provide]                        PROVIDE (end = .)
                0x2400ccb0                        PROVIDE (_end = .)
                0x2400d4b0                        . = (. + _Min_Heap_Size)
 *fill*         0x2400ccb0      0x800 
                0x2400dcb0                        . = (. + _Min_Stack_Size)
 *fill*         0x2400d4b0      0x800 
                0x2400dcb0                        . = ALIGN (0x8)

/DISCARD/
 libc.a(*)
 libm.a(*)
 libgcc.a(*)

.ARM.attributes
                0x00000000       0x2e
 *(.ARM.attributes)
 .ARM.attributes
                0x00000000       0x20 /opt/st/stm32cubeide_1.19.0/plugins/com.st.stm32cube.ide.mcu.externaltools.gnu-tools-for-stm32.13.3.rel1.linux64_1.0.0.202410170706/tools/bin/../lib/gcc/arm-none-eabi/13.3.1/thumb/v7e-m+dp/hard/crti.o
 .ARM.attributes
                0x00000020       0x32 /opt/st/stm32cubeide_1.19.0/plugins/com.st.stm32cube.ide.mcu.externaltools.gnu-tools-for-stm32.13.3.rel1.linux64_1.0.0.202410170706/tools/bin/../lib/gcc/arm-none-eabi/13.3.1/thumb/v7e-m+dp/hard/crtbegin.o
 .ARM.attributes
                0x00000052       0x32 ./Core/Src/ADG729Driver.o
 .ARM.attributes
                0x00000084       0x32 ./Core/Src/EVSDriver.o
 .ARM.attributes
                0x000000b6       0x32 ./Core/Src/FT231Driver.o
 .ARM.attributes
                0x000000e8       0x32 ./Core/Src/GPIODriver.o
 .ARM.attributes
                0x0000011a       0x32 ./Core/Src/I2CDriver.o
 .ARM.attributes
                0x0000014c       0x32 ./Core/Src/LVSConfig.o
 .ARM.attributes
                0x0000017e       0x32 ./Core/Src/MODBUSInterface.o
 .ARM.attributes
                0x000001b0       0x32 ./Core/Src/PinMapper.o
 .ARM.attributes
                0x000001e2       0x32 ./Core/Src/SPIDriver.o
 .ARM.attributes
                0x00000214       0x32 ./Core/Src/StatusManager.o
 .ARM.attributes
                0x00000246       0x32 ./Core/Src/UARTDriver.o
 .ARM.attributes
                0x00000278       0x32 ./Core/Src/UserInterface.o
 .ARM.attributes
                0x000002aa       0x32 ./Core/Src/main.o
 .ARM.attributes
                0x000002dc       0x32 ./Core/Src/stm32h7xx_it.o
 .ARM.attributes
                0x0000030e       0x32 ./Core/Src/sysmem.o
 .ARM.attributes
                0x00000340       0x32 ./Core/Src/system_stm32h7xx.o
 .ARM.attributes
                0x00000372       0x32 ./Drivers/STM32H7xx_Driver/Src/stm32h7xx_ll_dma.o
 .ARM.attributes
                0x000003a4       0x32 ./Drivers/STM32H7xx_Driver/Src/stm32h7xx_ll_gpio.o
 .ARM.attributes
                0x000003d6       0x32 ./Drivers/STM32H7xx_Driver/Src/stm32h7xx_ll_i2c.o
 .ARM.attributes
                0x00000408       0x32 ./Drivers/STM32H7xx_Driver/Src/stm32h7xx_ll_rcc.o
 .ARM.attributes
                0x0000043a       0x32 ./Drivers/STM32H7xx_Driver/Src/stm32h7xx_ll_spi.o
 .ARM.attributes
                0x0000046c       0x32 ./Drivers/STM32H7xx_Driver/Src/stm32h7xx_ll_usart.o
 .ARM.attributes
                0x0000049e       0x32 ./Drivers/STM32H7xx_Driver/Src/stm32h7xx_ll_utils.o
 .ARM.attributes
                0x000004d0       0x21 ./Startup/startup_stm32h735igtx.o
 .ARM.attributes
                0x000004f1       0x32 /opt/st/stm32cubeide_1.19.0/plugins/com.st.stm32cube.ide.mcu.externaltools.gnu-tools-for-stm32.13.3.rel1.linux64_1.0.0.202410170706/tools/bin/../lib/gcc/arm-none-eabi/13.3.1/../../../../arm-none-eabi/lib/thumb/v7e-m+dp/hard/libc_nano.a(libc_a-atoi.o)
 .ARM.attributes
                0x00000523       0x32 /opt/st/stm32cubeide_1.19.0/plugins/com.st.stm32cube.ide.mcu.externaltools.gnu-tools-for-stm32.13.3.rel1.linux64_1.0.0.202410170706/tools/bin/../lib/gcc/arm-none-eabi/13.3.1/../../../../arm-none-eabi/lib/thumb/v7e-m+dp/hard/libc_nano.a(libc_a-strtol.o)
 .ARM.attributes
                0x00000555       0x32 /opt/st/stm32cubeide_1.19.0/plugins/com.st.stm32cube.ide.mcu.externaltools.gnu-tools-for-stm32.13.3.rel1.linux64_1.0.0.202410170706/tools/bin/../lib/gcc/arm-none-eabi/13.3.1/../../../../arm-none-eabi/lib/thumb/v7e-m+dp/hard/libc_nano.a(libc_a-ctype_.o)
 .ARM.attributes
                0x00000587       0x32 /opt/st/stm32cubeide_1.19.0/plugins/com.st.stm32cube.ide.mcu.externaltools.gnu-tools-for-stm32.13.3.rel1.linux64_1.0.0.202410170706/tools/bin/../lib/gcc/arm-none-eabi/13.3.1/../../../../arm-none-eabi/lib/thumb/v7e-m+dp/hard/libc_nano.a(libc_a-findfp.o)
 .ARM.attributes
                0x000005b9       0x32 /opt/st/stm32cubeide_1.19.0/plugins/com.st.stm32cube.ide.mcu.externaltools.gnu-tools-for-stm32.13.3.rel1.linux64_1.0.0.202410170706/tools/bin/../lib/gcc/arm-none-eabi/13.3.1/../../../../arm-none-eabi/lib/thumb/v7e-m+dp/hard/libc_nano.a(libc_a-snprintf.o)
 .ARM.attributes
                0x000005eb       0x32 /opt/st/stm32cubeide_1.19.0/plugins/com.st.stm32cube.ide.mcu.externaltools.gnu-tools-for-stm32.13.3.rel1.linux64_1.0.0.202410170706/tools/bin/../lib/gcc/arm-none-eabi/13.3.1/../../../../arm-none-eabi/lib/thumb/v7e-m+dp/hard/libc_nano.a(libc_a-sprintf.o)
 .ARM.attributes
                0x0000061d       0x32 /opt/st/stm32cubeide_1.19.0/plugins/com.st.stm32cube.ide.mcu.externaltools.gnu-tools-for-stm32.13.3.rel1.linux64_1.0.0.202410170706/tools/bin/../lib/gcc/arm-none-eabi/13.3.1/../../../../arm-none-eabi/lib/thumb/v7e-m+dp/hard/libc_nano.a(libc_a-memset.o)
 .ARM.attributes
                0x0000064f       0x32 /opt/st/stm32cubeide_1.19.0/plugins/com.st.stm32cube.ide.mcu.externaltools.gnu-tools-for-stm32.13.3.rel1.linux64_1.0.0.202410170706/tools/bin/../lib/gcc/arm-none-eabi/13.3.1/../../../../arm-none-eabi/lib/thumb/v7e-m+dp/hard/libc_nano.a(libc_a-reent.o)
 .ARM.attributes
                0x00000681       0x32 /opt/st/stm32cubeide_1.19.0/plugins/com.st.stm32cube.ide.mcu.externaltools.gnu-tools-for-stm32.13.3.rel1.linux64_1.0.0.202410170706/tools/bin/../lib/gcc/arm-none-eabi/13.3.1/../../../../arm-none-eabi/lib/thumb/v7e-m+dp/hard/libc_nano.a(libc_a-impure.o)
 .ARM.attributes
                0x000006b3       0x32 /opt/st/stm32cubeide_1.19.0/plugins/com.st.stm32cube.ide.mcu.externaltools.gnu-tools-for-stm32.13.3.rel1.linux64_1.0.0.202410170706/tools/bin/../lib/gcc/arm-none-eabi/13.3.1/../../../../arm-none-eabi/lib/thumb/v7e-m+dp/hard/libc_nano.a(libc_a-errno.o)
 .ARM.attributes
                0x000006e5       0x32 /opt/st/stm32cubeide_1.19.0/plugins/com.st.stm32cube.ide.mcu.externaltools.gnu-tools-for-stm32.13.3.rel1.linux64_1.0.0.202410170706/tools/bin/../lib/gcc/arm-none-eabi/13.3.1/../../../../arm-none-eabi/lib/thumb/v7e-m+dp/hard/libc_nano.a(libc_a-init.o)
 .ARM.attributes
                0x00000717       0x32 /opt/st/stm32cubeide_1.19.0/plugins/com.st.stm32cube.ide.mcu.externaltools.gnu-tools-for-stm32.13.3.rel1.linux64_1.0.0.202410170706/tools/bin/../lib/gcc/arm-none-eabi/13.3.1/../../../../arm-none-eabi/lib/thumb/v7e-m+dp/hard/libc_nano.a(libc_a-lock.o)
 .ARM.attributes
                0x00000749       0x1e /opt/st/stm32cubeide_1.19.0/plugins/com.st.stm32cube.ide.mcu.externaltools.gnu-tools-for-stm32.13.3.rel1.linux64_1.0.0.202410170706/tools/bin/../lib/gcc/arm-none-eabi/13.3.1/../../../../arm-none-eabi/lib/thumb/v7e-m+dp/hard/libc_nano.a(libc_a-strcmp.o)
 .ARM.attributes
                0x00000767       0x32 /opt/st/stm32cubeide_1.19.0/plugins/com.st.stm32cube.ide.mcu.externaltools.gnu-tools-for-stm32.13.3.rel1.linux64_1.0.0.202410170706/tools/bin/../lib/gcc/arm-none-eabi/13.3.1/../../../../arm-none-eabi/lib/thumb/v7e-m+dp/hard/libc_nano.a(libc_a-strcpy.o)
 .ARM.attributes
                0x00000799       0x17 /opt/st/stm32cubeide_1.19.0/plugins/com.st.stm32cube.ide.mcu.externaltools.gnu-tools-for-stm32.13.3.rel1.linux64_1.0.0.202410170706/tools/bin/../lib/gcc/arm-none-eabi/13.3.1/../../../../arm-none-eabi/lib/thumb/v7e-m+dp/hard/libc_nano.a(libc_a-strlen.o)
 .ARM.attributes
                0x000007b0       0x32 /opt/st/stm32cubeide_1.19.0/plugins/com.st.stm32cube.ide.mcu.externaltools.gnu-tools-for-stm32.13.3.rel1.linux64_1.0.0.202410170706/tools/bin/../lib/gcc/arm-none-eabi/13.3.1/../../../../arm-none-eabi/lib/thumb/v7e-m+dp/hard/libc_nano.a(libc_a-freer.o)
 .ARM.attributes
                0x000007e2       0x32 /opt/st/stm32cubeide_1.19.0/plugins/com.st.stm32cube.ide.mcu.externaltools.gnu-tools-for-stm32.13.3.rel1.linux64_1.0.0.202410170706/tools/bin/../lib/gcc/arm-none-eabi/13.3.1/../../../../arm-none-eabi/lib/thumb/v7e-m+dp/hard/libc_nano.a(libc_a-mallocr.o)
 .ARM.attributes
                0x00000814       0x32 /opt/st/stm32cubeide_1.19.0/plugins/com.st.stm32cube.ide.mcu.externaltools.gnu-tools-for-stm32.13.3.rel1.linux64_1.0.0.202410170706/tools/bin/../lib/gcc/arm-none-eabi/13.3.1/../../../../arm-none-eabi/lib/thumb/v7e-m+dp/hard/libc_nano.a(libc_a-mlock.o)
 .ARM.attributes
                0x00000846       0x32 /opt/st/stm32cubeide_1.19.0/plugins/com.st.stm32cube.ide.mcu.externaltools.gnu-tools-for-stm32.13.3.rel1.linux64_1.0.0.202410170706/tools/bin/../lib/gcc/arm-none-eabi/13.3.1/../../../../arm-none-eabi/lib/thumb/v7e-m+dp/hard/libc_nano.a(libc_a-nano-svfprintf.o)
 .ARM.attributes
                0x00000878       0x32 /opt/st/stm32cubeide_1.19.0/plugins/com.st.stm32cube.ide.mcu.externaltools.gnu-tools-for-stm32.13.3.rel1.linux64_1.0.0.202410170706/tools/bin/../lib/gcc/arm-none-eabi/13.3.1/../../../../arm-none-eabi/lib/thumb/v7e-m+dp/hard/libc_nano.a(libc_a-nano-vfprintf_i.o)
 .ARM.attributes
                0x000008aa       0x32 /opt/st/stm32cubeide_1.19.0/plugins/com.st.stm32cube.ide.mcu.externaltools.gnu-tools-for-stm32.13.3.rel1.linux64_1.0.0.202410170706/tools/bin/../lib/gcc/arm-none-eabi/13.3.1/../../../../arm-none-eabi/lib/thumb/v7e-m+dp/hard/libc_nano.a(libc_a-memmove.o)
 .ARM.attributes
                0x000008dc       0x32 /opt/st/stm32cubeide_1.19.0/plugins/com.st.stm32cube.ide.mcu.externaltools.gnu-tools-for-stm32.13.3.rel1.linux64_1.0.0.202410170706/tools/bin/../lib/gcc/arm-none-eabi/13.3.1/../../../../arm-none-eabi/lib/thumb/v7e-m+dp/hard/libc_nano.a(libc_a-sbrkr.o)
 .ARM.attributes
                0x0000090e       0x1c /opt/st/stm32cubeide_1.19.0/plugins/com.st.stm32cube.ide.mcu.externaltools.gnu-tools-for-stm32.13.3.rel1.linux64_1.0.0.202410170706/tools/bin/../lib/gcc/arm-none-eabi/13.3.1/../../../../arm-none-eabi/lib/thumb/v7e-m+dp/hard/libc_nano.a(libc_a-memchr.o)
 .ARM.attributes
                0x0000092a       0x32 /opt/st/stm32cubeide_1.19.0/plugins/com.st.stm32cube.ide.mcu.externaltools.gnu-tools-for-stm32.13.3.rel1.linux64_1.0.0.202410170706/tools/bin/../lib/gcc/arm-none-eabi/13.3.1/../../../../arm-none-eabi/lib/thumb/v7e-m+dp/hard/libc_nano.a(libc_a-memcpy-stub.o)
 .ARM.attributes
                0x0000095c       0x32 /opt/st/stm32cubeide_1.19.0/plugins/com.st.stm32cube.ide.mcu.externaltools.gnu-tools-for-stm32.13.3.rel1.linux64_1.0.0.202410170706/tools/bin/../lib/gcc/arm-none-eabi/13.3.1/../../../../arm-none-eabi/lib/thumb/v7e-m+dp/hard/libc_nano.a(libc_a-reallocr.o)
 .ARM.attributes
                0x0000098e       0x32 /opt/st/stm32cubeide_1.19.0/plugins/com.st.stm32cube.ide.mcu.externaltools.gnu-tools-for-stm32.13.3.rel1.linux64_1.0.0.202410170706/tools/bin/../lib/gcc/arm-none-eabi/13.3.1/../../../../arm-none-eabi/lib/thumb/v7e-m+dp/hard/libc_nano.a(libc_a-msizer.o)
 .ARM.attributes
                0x000009c0       0x20 /opt/st/stm32cubeide_1.19.0/plugins/com.st.stm32cube.ide.mcu.externaltools.gnu-tools-for-stm32.13.3.rel1.linux64_1.0.0.202410170706/tools/bin/../lib/gcc/arm-none-eabi/13.3.1/thumb/v7e-m+dp/hard/crtn.o
OUTPUT(LVSBoardG1_R1.elf elf32-littlearm)
LOAD linker stubs
LOAD /opt/st/stm32cubeide_1.19.0/plugins/com.st.stm32cube.ide.mcu.externaltools.gnu-tools-for-stm32.13.3.rel1.linux64_1.0.0.202410170706/tools/bin/../lib/gcc/arm-none-eabi/13.3.1/../../../../arm-none-eabi/lib/thumb/v7e-m+dp/hard/libc.a
LOAD /opt/st/stm32cubeide_1.19.0/plugins/com.st.stm32cube.ide.mcu.externaltools.gnu-tools-for-stm32.13.3.rel1.linux64_1.0.0.202410170706/tools/bin/../lib/gcc/arm-none-eabi/13.3.1/../../../../arm-none-eabi/lib/thumb/v7e-m+dp/hard/libm.a
LOAD /opt/st/stm32cubeide_1.19.0/plugins/com.st.stm32cube.ide.mcu.externaltools.gnu-tools-for-stm32.13.3.rel1.linux64_1.0.0.202410170706/tools/bin/../lib/gcc/arm-none-eabi/13.3.1/thumb/v7e-m+dp/hard/libgcc.a

.debug_info     0x00000000    0x112db
 .debug_info    0x00000000      0x753 ./Core/Src/ADG729Driver.o
 .debug_info    0x00000753      0xe54 ./Core/Src/EVSDriver.o
 .debug_info    0x000015a7      0xcdf ./Core/Src/FT231Driver.o
 .debug_info    0x00002286      0x9d7 ./Core/Src/GPIODriver.o
 .debug_info    0x00002c5d      0xcdd ./Core/Src/I2CDriver.o
 .debug_info    0x0000393a      0xe41 ./Core/Src/LVSConfig.o
 .debug_info    0x0000477b      0xc14 ./Core/Src/MODBUSInterface.o
 .debug_info    0x0000538f      0x1a0 ./Core/Src/PinMapper.o
 .debug_info    0x0000552f      0xe4c ./Core/Src/SPIDriver.o
 .debug_info    0x0000637b      0x369 ./Core/Src/StatusManager.o
 .debug_info    0x000066e4     0x205f ./Core/Src/UARTDriver.o
 .debug_info    0x00008743      0x9ed ./Core/Src/UserInterface.o
 .debug_info    0x00009130     0x1fd8 ./Core/Src/main.o
 .debug_info    0x0000b108       0xbb ./Core/Src/stm32h7xx_it.o
 .debug_info    0x0000b1c3      0x168 ./Core/Src/sysmem.o
 .debug_info    0x0000b32b      0xb2e ./Core/Src/system_stm32h7xx.o
 .debug_info    0x0000be59      0xa40 ./Drivers/STM32H7xx_Driver/Src/stm32h7xx_ll_dma.o
 .debug_info    0x0000c899      0x88d ./Drivers/STM32H7xx_Driver/Src/stm32h7xx_ll_gpio.o
 .debug_info    0x0000d126      0x85f ./Drivers/STM32H7xx_Driver/Src/stm32h7xx_ll_i2c.o
 .debug_info    0x0000d985     0x15f8 ./Drivers/STM32H7xx_Driver/Src/stm32h7xx_ll_rcc.o
 .debug_info    0x0000ef7d      0xa86 ./Drivers/STM32H7xx_Driver/Src/stm32h7xx_ll_spi.o
 .debug_info    0x0000fa03      0x96d ./Drivers/STM32H7xx_Driver/Src/stm32h7xx_ll_usart.o
 .debug_info    0x00010370      0xf3b ./Drivers/STM32H7xx_Driver/Src/stm32h7xx_ll_utils.o
 .debug_info    0x000112ab       0x30 ./Startup/startup_stm32h735igtx.o

.debug_abbrev   0x00000000     0x29cb
 .debug_abbrev  0x00000000      0x17b ./Core/Src/ADG729Driver.o
 .debug_abbrev  0x0000017b      0x1d9 ./Core/Src/EVSDriver.o
 .debug_abbrev  0x00000354      0x1d9 ./Core/Src/FT231Driver.o
 .debug_abbrev  0x0000052d      0x1fa ./Core/Src/GPIODriver.o
 .debug_abbrev  0x00000727      0x229 ./Core/Src/I2CDriver.o
 .debug_abbrev  0x00000950      0x13b ./Core/Src/LVSConfig.o
 .debug_abbrev  0x00000a8b      0x232 ./Core/Src/MODBUSInterface.o
 .debug_abbrev  0x00000cbd       0xc7 ./Core/Src/PinMapper.o
 .debug_abbrev  0x00000d84      0x206 ./Core/Src/SPIDriver.o
 .debug_abbrev  0x00000f8a      0x17d ./Core/Src/StatusManager.o
 .debug_abbrev  0x00001107      0x303 ./Core/Src/UARTDriver.o
 .debug_abbrev  0x0000140a      0x20a ./Core/Src/UserInterface.o
 .debug_abbrev  0x00001614      0x311 ./Core/Src/main.o
 .debug_abbrev  0x00001925       0x31 ./Core/Src/stm32h7xx_it.o
 .debug_abbrev  0x00001956       0xbc ./Core/Src/sysmem.o
 .debug_abbrev  0x00001a12      0x13a ./Core/Src/system_stm32h7xx.o
 .debug_abbrev  0x00001b4c      0x1e7 ./Drivers/STM32H7xx_Driver/Src/stm32h7xx_ll_dma.o
 .debug_abbrev  0x00001d33      0x231 ./Drivers/STM32H7xx_Driver/Src/stm32h7xx_ll_gpio.o
 .debug_abbrev  0x00001f64      0x1a7 ./Drivers/STM32H7xx_Driver/Src/stm32h7xx_ll_i2c.o
 .debug_abbrev  0x0000210b      0x21d ./Drivers/STM32H7xx_Driver/Src/stm32h7xx_ll_rcc.o
 .debug_abbrev  0x00002328      0x233 ./Drivers/STM32H7xx_Driver/Src/stm32h7xx_ll_spi.o
 .debug_abbrev  0x0000255b      0x1f9 ./Drivers/STM32H7xx_Driver/Src/stm32h7xx_ll_usart.o
 .debug_abbrev  0x00002754      0x253 ./Drivers/STM32H7xx_Driver/Src/stm32h7xx_ll_utils.o
 .debug_abbrev  0x000029a7       0x24 ./Startup/startup_stm32h735igtx.o

.debug_aranges  0x00000000     0x1060
 .debug_aranges
                0x00000000       0x58 ./Core/Src/ADG729Driver.o
 .debug_aranges
                0x00000058       0x90 ./Core/Src/EVSDriver.o
 .debug_aranges
                0x000000e8       0x50 ./Core/Src/FT231Driver.o
 .debug_aranges
                0x00000138       0x98 ./Core/Src/GPIODriver.o
 .debug_aranges
                0x000001d0       0xa8 ./Core/Src/I2CDriver.o
 .debug_aranges
                0x00000278       0x18 ./Core/Src/LVSConfig.o
 .debug_aranges
                0x00000290       0x98 ./Core/Src/MODBUSInterface.o
 .debug_aranges