../Drivers/CMSIS/Include/core_cm7.h:1890:26:__NVIC_GetPriorityGrouping	4	static
../Drivers/CMSIS/Include/core_cm7.h:1902:22:__NVIC_EnableIRQ	16	static,ignoring_inline_asm
../Drivers/CMSIS/Include/core_cm7.h:2032:22:__NVIC_SetPriority	16	static
../Drivers/CMSIS/Include/core_cm7.h:2079:26:NVIC_EncodePriority	40	static
../Drivers/STM32H7xx_Driver/Inc/stm32h7xx_ll_bus.h:872:22:LL_AHB1_GRP1_EnableClock	24	static
../Drivers/STM32H7xx_Driver/Inc/stm32h7xx_ll_bus.h:1384:22:LL_AHB4_GRP1_EnableClock	24	static
../Drivers/STM32H7xx_Driver/Inc/stm32h7xx_ll_bus.h:1862:22:LL_APB1_GRP1_EnableClock	24	static
../Drivers/STM32H7xx_Driver/Inc/stm32h7xx_ll_dma.h:489:22:LL_DMA_EnableStream	24	static
../Drivers/STM32H7xx_Driver/Inc/stm32h7xx_ll_dma.h:511:22:LL_DMA_DisableStream	24	static
../Drivers/STM32H7xx_Driver/Inc/stm32h7xx_ll_dma.h:533:26:LL_DMA_IsEnabledStream	24	static
../Drivers/STM32H7xx_Driver/Inc/stm32h7xx_ll_dma.h:602:22:LL_DMA_SetDataTransferDirection	32	static
../Drivers/STM32H7xx_Driver/Inc/stm32h7xx_ll_dma.h:654:22:LL_DMA_SetMode	32	static
../Drivers/STM32H7xx_Driver/Inc/stm32h7xx_ll_dma.h:705:22:LL_DMA_SetPeriphIncMode	32	static
../Drivers/STM32H7xx_Driver/Inc/stm32h7xx_ll_dma.h:754:22:LL_DMA_SetMemoryIncMode	32	static
../Drivers/STM32H7xx_Driver/Inc/stm32h7xx_ll_dma.h:804:22:LL_DMA_SetPeriphSize	32	static
../Drivers/STM32H7xx_Driver/Inc/stm32h7xx_ll_dma.h:855:22:LL_DMA_SetMemorySize	32	static
../Drivers/STM32H7xx_Driver/Inc/stm32h7xx_ll_dma.h:956:22:LL_DMA_SetStreamPriorityLevel	32	static
../Drivers/STM32H7xx_Driver/Inc/stm32h7xx_ll_dma.h:1051:22:LL_DMA_SetDataLength	32	static
../Drivers/STM32H7xx_Driver/Inc/stm32h7xx_ll_dma.h:1075:26:LL_DMA_GetDataLength	24	static
../Drivers/STM32H7xx_Driver/Inc/stm32h7xx_ll_dma.h:1238:22:LL_DMA_SetPeriphRequest	24	static
../Drivers/STM32H7xx_Driver/Inc/stm32h7xx_ll_dma.h:1668:22:LL_DMA_DisableFifoMode	24	static
../Drivers/STM32H7xx_Driver/Inc/stm32h7xx_ll_dma.h:1840:22:LL_DMA_SetMemoryAddress	32	static
../Drivers/STM32H7xx_Driver/Inc/stm32h7xx_ll_dma.h:1865:22:LL_DMA_SetPeriphAddress	32	static
../Drivers/STM32H7xx_Driver/Inc/stm32h7xx_ll_dma.h:2513:22:LL_DMA_ClearFlag_HT0	16	static
../Drivers/STM32H7xx_Driver/Inc/stm32h7xx_ll_dma.h:2601:22:LL_DMA_ClearFlag_TC0	16	static
../Drivers/STM32H7xx_Driver/Inc/stm32h7xx_ll_dma.h:2689:22:LL_DMA_ClearFlag_TE0	16	static
../Drivers/STM32H7xx_Driver/Inc/stm32h7xx_ll_dma.h:2970:22:LL_DMA_EnableIT_HT	24	static
../Drivers/STM32H7xx_Driver/Inc/stm32h7xx_ll_dma.h:2992:22:LL_DMA_EnableIT_TE	24	static
../Drivers/STM32H7xx_Driver/Inc/stm32h7xx_ll_dma.h:3014:22:LL_DMA_EnableIT_TC	24	static
../Drivers/STM32H7xx_Driver/Inc/stm32h7xx_ll_rcc.h:2895:22:LL_RCC_SetClockSource	24	static
../Drivers/STM32H7xx_Driver/Inc/stm32h7xx_ll_rcc.h:2924:22:LL_RCC_SetUSARTClockSource	16	static
../Drivers/STM32H7xx_Driver/Inc/stm32h7xx_ll_usart.h:639:22:LL_USART_Enable	16	static
../Drivers/STM32H7xx_Driver/Inc/stm32h7xx_ll_usart.h:653:22:LL_USART_Disable	16	static
../Drivers/STM32H7xx_Driver/Inc/stm32h7xx_ll_usart.h:690:22:LL_USART_DisableFIFO	16	static
../Drivers/STM32H7xx_Driver/Inc/stm32h7xx_ll_usart.h:914:22:LL_USART_SetTransferDirection	40	static,ignoring_inline_asm
../Drivers/STM32H7xx_Driver/Inc/stm32h7xx_ll_usart.h:949:22:LL_USART_SetParity	16	static
../Drivers/STM32H7xx_Driver/Inc/stm32h7xx_ll_usart.h:1007:22:LL_USART_SetDataWidth	16	static
../Drivers/STM32H7xx_Driver/Inc/stm32h7xx_ll_usart.h:1069:22:LL_USART_SetOverSampling	16	static
../Drivers/STM32H7xx_Driver/Inc/stm32h7xx_ll_usart.h:1230:22:LL_USART_SetPrescaler	16	static
../Drivers/STM32H7xx_Driver/Inc/stm32h7xx_ll_usart.h:1310:22:LL_USART_SetStopBitsLength	16	static
../Drivers/STM32H7xx_Driver/Inc/stm32h7xx_ll_usart.h:1735:22:LL_USART_SetHWFlowCtrl	16	static
../Drivers/STM32H7xx_Driver/Inc/stm32h7xx_ll_usart.h:1886:22:LL_USART_SetBaudRate	32	static
../Drivers/STM32H7xx_Driver/Inc/stm32h7xx_ll_usart.h:2678:22:LL_USART_ConfigAsyncMode	16	static
../Drivers/STM32H7xx_Driver/Inc/stm32h7xx_ll_usart.h:3198:26:LL_USART_IsActiveFlag_TEACK	16	static
../Drivers/STM32H7xx_Driver/Inc/stm32h7xx_ll_usart.h:3209:26:LL_USART_IsActiveFlag_REACK	16	static
../Drivers/STM32H7xx_Driver/Inc/stm32h7xx_ll_usart.h:3468:22:LL_USART_EnableIT_IDLE	40	static,ignoring_inline_asm
../Drivers/STM32H7xx_Driver/Inc/stm32h7xx_ll_usart.h:4121:22:LL_USART_EnableDMAReq_RX	40	static,ignoring_inline_asm
../Drivers/STM32H7xx_Driver/Inc/stm32h7xx_ll_usart.h:4154:22:LL_USART_EnableDMAReq_TX	40	static,ignoring_inline_asm
../Drivers/STM32H7xx_Driver/Inc/stm32h7xx_ll_usart.h:4224:26:LL_USART_DMA_GetRegAddr	24	static
../Core/Src/CommDriver.c:50:13:FT231_HardwareReset	16	static,ignoring_inline_asm
../Core/Src/CommDriver.c:63:6:CommDriver_Init	40	static
../Core/Src/CommDriver.c:182:6:CommDriver_StartRx	8	static
../Core/Src/CommDriver.c:197:6:CommDriver_RxProcessISR	16	static
../Core/Src/CommDriver.c:234:6:CommDriver_SendPacket	48	static
../Core/Src/CommDriver.c:278:6:CommDriver_TxReady	4	static
../Core/Src/CommDriver.c:287:6:CommDriver_TxCompleteISR	4	static
../Core/Src/CommDriver.c:296:17:CommDriver_GetParser	4	static
