../Drivers/STM32H7xx_Driver/Inc/stm32h7xx_ll_bus.h:1384:22:LL_AHB4_GRP1_EnableClock	24	static
../Drivers/STM32H7xx_Driver/Inc/stm32h7xx_ll_bus.h:1678:22:LL_APB3_GRP1_EnableClock	24	static
../Drivers/STM32H7xx_Driver/Inc/stm32h7xx_ll_bus.h:1862:22:LL_APB1_GRP1_EnableClock	24	static
../Drivers/STM32H7xx_Driver/Inc/stm32h7xx_ll_bus.h:2480:22:LL_APB2_GRP1_EnableClock	24	static
../Drivers/STM32H7xx_Driver/Inc/stm32h7xx_ll_bus.h:2814:22:LL_APB4_GRP1_EnableClock	24	static
../Drivers/STM32H7xx_Driver/Inc/stm32h7xx_ll_i2c.h:429:22:LL_I2C_Enable	16	static
../Drivers/STM32H7xx_Driver/Inc/stm32h7xx_ll_i2c.h:1565:26:LL_I2C_IsActiveFlag_TXIS	16	static
../Drivers/STM32H7xx_Driver/Inc/stm32h7xx_ll_i2c.h:1578:26:LL_I2C_IsActiveFlag_RXNE	16	static
../Drivers/STM32H7xx_Driver/Inc/stm32h7xx_ll_i2c.h:1617:26:LL_I2C_IsActiveFlag_STOP	16	static
../Drivers/STM32H7xx_Driver/Inc/stm32h7xx_ll_i2c.h:1774:22:LL_I2C_ClearFlag_STOP	16	static
../Drivers/STM32H7xx_Driver/Inc/stm32h7xx_ll_i2c.h:2133:22:LL_I2C_HandleTransfer	32	static
../Drivers/STM32H7xx_Driver/Inc/stm32h7xx_ll_i2c.h:2225:25:LL_I2C_ReceiveData8	16	static
../Drivers/STM32H7xx_Driver/Inc/stm32h7xx_ll_i2c.h:2237:22:LL_I2C_TransmitData8	16	static
../Drivers/STM32H7xx_Driver/Inc/stm32h7xx_ll_rcc.h:2895:22:LL_RCC_SetClockSource	24	static
../Drivers/STM32H7xx_Driver/Inc/stm32h7xx_ll_rcc.h:3273:22:LL_RCC_SetSPIClockSource	16	static
../Core/Src/I2CDriver.c:14:13:I2CInit	72	static
../Core/Src/I2CDriver.c:81:13:I2CWriteData	48	static
../Core/Src/I2CDriver.c:106:13:I2CReadData	48	static
