../Drivers/STM32H7xx_Driver/Inc/stm32h7xx_ll_dma.h:2073:26:LL_DMA_IsActiveFlag_HT0	16	static
../Drivers/STM32H7xx_Driver/Inc/stm32h7xx_ll_dma.h:2161:26:LL_DMA_IsActiveFlag_TC0	16	static
../Drivers/STM32H7xx_Driver/Inc/stm32h7xx_ll_dma.h:2249:26:LL_DMA_IsActiveFlag_TE0	16	static
../Drivers/STM32H7xx_Driver/Inc/stm32h7xx_ll_dma.h:2513:22:LL_DMA_ClearFlag_HT0	16	static
../Drivers/STM32H7xx_Driver/Inc/stm32h7xx_ll_dma.h:2601:22:LL_DMA_ClearFlag_TC0	16	static
../Drivers/STM32H7xx_Driver/Inc/stm32h7xx_ll_dma.h:2689:22:LL_DMA_ClearFlag_TE0	16	static
../Drivers/STM32H7xx_Driver/Inc/stm32h7xx_ll_usart.h:2954:26:LL_USART_IsActiveFlag_FE	16	static
../Drivers/STM32H7xx_Driver/Inc/stm32h7xx_ll_usart.h:2965:26:LL_USART_IsActiveFlag_NE	16	static
../Drivers/STM32H7xx_Driver/Inc/stm32h7xx_ll_usart.h:2976:26:LL_USART_IsActiveFlag_ORE	16	static
../Drivers/STM32H7xx_Driver/Inc/stm32h7xx_ll_usart.h:2987:26:LL_USART_IsActiveFlag_IDLE	16	static
../Drivers/STM32H7xx_Driver/Inc/stm32h7xx_ll_usart.h:3294:22:LL_USART_ClearFlag_FE	16	static
../Drivers/STM32H7xx_Driver/Inc/stm32h7xx_ll_usart.h:3305:22:LL_USART_ClearFlag_NE	16	static
../Drivers/STM32H7xx_Driver/Inc/stm32h7xx_ll_usart.h:3316:22:LL_USART_ClearFlag_ORE	16	static
../Drivers/STM32H7xx_Driver/Inc/stm32h7xx_ll_usart.h:3327:22:LL_USART_ClearFlag_IDLE	16	static
../Core/Src/stm32h7xx_it.c:41:6:NMI_Handler	4	static
../Core/Src/stm32h7xx_it.c:56:6:HardFault_Handler	4	static
../Core/Src/stm32h7xx_it.c:71:6:MemManage_Handler	4	static
../Core/Src/stm32h7xx_it.c:86:6:BusFault_Handler	4	static
../Core/Src/stm32h7xx_it.c:101:6:UsageFault_Handler	4	static
../Core/Src/stm32h7xx_it.c:116:6:SVC_Handler	4	static
../Core/Src/stm32h7xx_it.c:129:6:DebugMon_Handler	4	static
../Core/Src/stm32h7xx_it.c:142:6:PendSV_Handler	4	static
../Core/Src/stm32h7xx_it.c:155:6:SysTick_Handler	4	static
../Core/Src/stm32h7xx_it.c:167:6:DMA1_Stream0_IRQHandler	8	static
../Core/Src/stm32h7xx_it.c:190:6:DMA2_Stream0_IRQHandler	8	static
../Core/Src/stm32h7xx_it.c:207:6:USART3_IRQHandler	8	static
